Archive member included to satisfy reference by file (symbol)

/home/user/wksp/renode_freertos/gcc-arm-none-eabi-10-2020-q4-major-x86_64-linux/gcc-arm-none-eabi-10-2020-q4-major/bin/../lib/gcc/arm-none-eabi/10.2.1/../../../../arm-none-eabi/lib/thumb/v7e-m+fp/hard/libc.a(lib_a-memcpy.o)
                              build//home/user/wksp/renode_freertos/FreeRTOS/FreeRTOS/Source/queue.o (memcpy)
/home/user/wksp/renode_freertos/gcc-arm-none-eabi-10-2020-q4-major-x86_64-linux/gcc-arm-none-eabi-10-2020-q4-major/bin/../lib/gcc/arm-none-eabi/10.2.1/../../../../arm-none-eabi/lib/thumb/v7e-m+fp/hard/libc.a(lib_a-memset.o)
                              build//home/user/wksp/renode_freertos/FreeRTOS/FreeRTOS/Source/tasks.o (memset)
/home/user/wksp/renode_freertos/gcc-arm-none-eabi-10-2020-q4-major-x86_64-linux/gcc-arm-none-eabi-10-2020-q4-major/bin/../lib/gcc/arm-none-eabi/10.2.1/../../../../arm-none-eabi/lib/thumb/v7e-m+fp/hard/libc.a(lib_a-strlen.o)
                              build//home/user/wksp/renode_freertos/FreeRTOS/FreeRTOS/Source/tasks.o (strlen)
/home/user/wksp/renode_freertos/gcc-arm-none-eabi-10-2020-q4-major-x86_64-linux/gcc-arm-none-eabi-10-2020-q4-major/bin/../lib/gcc/arm-none-eabi/10.2.1/thumb/v7e-m+fp/hard/libgcc.a(_aeabi_ldivmod.o)
                              build//home/user/wksp/renode_freertos/FreeRTOS/FreeRTOS/Demo/STM32F4_FreeRTOS/ST_Code/Drivers/STM32F4xx_HAL_Driver/Src/stm32f4xx_hal_rcc.o (__aeabi_ldivmod)
/home/user/wksp/renode_freertos/gcc-arm-none-eabi-10-2020-q4-major-x86_64-linux/gcc-arm-none-eabi-10-2020-q4-major/bin/../lib/gcc/arm-none-eabi/10.2.1/thumb/v7e-m+fp/hard/libgcc.a(_aeabi_uldivmod.o)
                              build//home/user/wksp/renode_freertos/FreeRTOS/FreeRTOS/Demo/STM32F4_FreeRTOS/ST_Code/Drivers/STM32F4xx_HAL_Driver/Src/stm32f4xx_hal_rcc.o (__aeabi_uldivmod)
/home/user/wksp/renode_freertos/gcc-arm-none-eabi-10-2020-q4-major-x86_64-linux/gcc-arm-none-eabi-10-2020-q4-major/bin/../lib/gcc/arm-none-eabi/10.2.1/thumb/v7e-m+fp/hard/libgcc.a(_udivmoddi4.o)
                              /home/user/wksp/renode_freertos/gcc-arm-none-eabi-10-2020-q4-major-x86_64-linux/gcc-arm-none-eabi-10-2020-q4-major/bin/../lib/gcc/arm-none-eabi/10.2.1/thumb/v7e-m+fp/hard/libgcc.a(_aeabi_ldivmod.o) (__udivmoddi4)
/home/user/wksp/renode_freertos/gcc-arm-none-eabi-10-2020-q4-major-x86_64-linux/gcc-arm-none-eabi-10-2020-q4-major/bin/../lib/gcc/arm-none-eabi/10.2.1/thumb/v7e-m+fp/hard/libgcc.a(_dvmd_tls.o)
                              /home/user/wksp/renode_freertos/gcc-arm-none-eabi-10-2020-q4-major-x86_64-linux/gcc-arm-none-eabi-10-2020-q4-major/bin/../lib/gcc/arm-none-eabi/10.2.1/thumb/v7e-m+fp/hard/libgcc.a(_aeabi_ldivmod.o) (__aeabi_ldiv0)

Discarded input sections

 .ARM.attributes
                0x0000000000000000       0x1c /home/user/wksp/renode_freertos/gcc-arm-none-eabi-10-2020-q4-major-x86_64-linux/gcc-arm-none-eabi-10-2020-q4-major/bin/../lib/gcc/arm-none-eabi/10.2.1/../../../../arm-none-eabi/lib/thumb/v7e-m+fp/hard/libc.a(lib_a-memcpy.o)
 .debug_frame   0x0000000000000000       0x2c /home/user/wksp/renode_freertos/gcc-arm-none-eabi-10-2020-q4-major-x86_64-linux/gcc-arm-none-eabi-10-2020-q4-major/bin/../lib/gcc/arm-none-eabi/10.2.1/../../../../arm-none-eabi/lib/thumb/v7e-m+fp/hard/libc.a(lib_a-memset.o)
 .ARM.attributes
                0x0000000000000000       0x34 /home/user/wksp/renode_freertos/gcc-arm-none-eabi-10-2020-q4-major-x86_64-linux/gcc-arm-none-eabi-10-2020-q4-major/bin/../lib/gcc/arm-none-eabi/10.2.1/../../../../arm-none-eabi/lib/thumb/v7e-m+fp/hard/libc.a(lib_a-memset.o)
 .ARM.attributes
                0x0000000000000000       0x1c /home/user/wksp/renode_freertos/gcc-arm-none-eabi-10-2020-q4-major-x86_64-linux/gcc-arm-none-eabi-10-2020-q4-major/bin/../lib/gcc/arm-none-eabi/10.2.1/../../../../arm-none-eabi/lib/thumb/v7e-m+fp/hard/libc.a(lib_a-strlen.o)
 .debug_frame   0x0000000000000000       0x44 /home/user/wksp/renode_freertos/gcc-arm-none-eabi-10-2020-q4-major-x86_64-linux/gcc-arm-none-eabi-10-2020-q4-major/bin/../lib/gcc/arm-none-eabi/10.2.1/thumb/v7e-m+fp/hard/libgcc.a(_aeabi_ldivmod.o)
 .ARM.attributes
                0x0000000000000000       0x1e /home/user/wksp/renode_freertos/gcc-arm-none-eabi-10-2020-q4-major-x86_64-linux/gcc-arm-none-eabi-10-2020-q4-major/bin/../lib/gcc/arm-none-eabi/10.2.1/thumb/v7e-m+fp/hard/libgcc.a(_aeabi_ldivmod.o)
 .debug_frame   0x0000000000000000       0x2c /home/user/wksp/renode_freertos/gcc-arm-none-eabi-10-2020-q4-major-x86_64-linux/gcc-arm-none-eabi-10-2020-q4-major/bin/../lib/gcc/arm-none-eabi/10.2.1/thumb/v7e-m+fp/hard/libgcc.a(_aeabi_uldivmod.o)
 .ARM.attributes
                0x0000000000000000       0x1e /home/user/wksp/renode_freertos/gcc-arm-none-eabi-10-2020-q4-major-x86_64-linux/gcc-arm-none-eabi-10-2020-q4-major/bin/../lib/gcc/arm-none-eabi/10.2.1/thumb/v7e-m+fp/hard/libgcc.a(_aeabi_uldivmod.o)
[...]
Memory Configuration

Name             Origin             Length             Attributes
RAM              0x0000000020000000 0x0000000000018000 xrw
RAM2             0x0000000010000000 0x0000000000008000 xrw
FLASH            0x0000000008000000 0x0000000000100000 xr
*default*        0x0000000000000000 0xffffffffffffffff

Linker script and memory map

LOAD build//home/user/wksp/renode_freertos/FreeRTOS/FreeRTOS/Demo/STM32F4_FreeRTOS/ST_Code/Core/Src/main.o
LOAD build//home/user/wksp/renode_freertos/FreeRTOS/FreeRTOS/Demo/STM32F4_FreeRTOS/ST_Code/Core/Src/stm32f4xx_hal_msp.o
LOAD build//home/user/wksp/renode_freertos/FreeRTOS/FreeRTOS/Demo/STM32F4_FreeRTOS/ST_Code/Core/Src/stm32f4xx_it.o
LOAD build//home/user/wksp/renode_freertos/FreeRTOS/FreeRTOS/Demo/STM32F4_FreeRTOS/ST_Code/Core/Src/system_stm32f4xx.o
LOAD build//home/user/wksp/renode_freertos/FreeRTOS/FreeRTOS/Demo/STM32F4_FreeRTOS/ST_Code/Drivers/STM32F4xx_HAL_Driver/Src/stm32f4xx_hal_adc.o
LOAD build//home/user/wksp/renode_freertos/FreeRTOS/FreeRTOS/Demo/STM32F4_FreeRTOS/ST_Code/Drivers/STM32F4xx_HAL_Driver/Src/stm32f4xx_hal_adc_ex.o
LOAD build//home/user/wksp/renode_freertos/FreeRTOS/FreeRTOS/Demo/STM32F4_FreeRTOS/ST_Code/Drivers/STM32F4xx_HAL_Driver/Src/stm32f4xx_hal.o
LOAD build//home/user/wksp/renode_freertos/FreeRTOS/FreeRTOS/Demo/STM32F4_FreeRTOS/ST_Code/Drivers/STM32F4xx_HAL_Driver/Src/stm32f4xx_hal_can.o
LOAD build//home/user/wksp/renode_freertos/FreeRTOS/FreeRTOS/Demo/STM32F4_FreeRTOS/ST_Code/Drivers/STM32F4xx_HAL_Driver/Src/stm32f4xx_hal_cec.o
LOAD build//home/user/wksp/renode_freertos/FreeRTOS/FreeRTOS/Demo/STM32F4_FreeRTOS/ST_Code/Drivers/STM32F4xx_HAL_Driver/Src/stm32f4xx_hal_cortex.o
LOAD build//home/user/wksp/renode_freertos/FreeRTOS/FreeRTOS/Demo/STM32F4_FreeRTOS/ST_Code/Drivers/STM32F4xx_HAL_Driver/Src/stm32f4xx_hal_crc.o
LOAD build//home/user/wksp/renode_freertos/FreeRTOS/FreeRTOS/Demo/STM32F4_FreeRTOS/ST_Code/Drivers/STM32F4xx_HAL_Driver/Src/stm32f4xx_hal_cryp.o
LOAD build//home/user/wksp/renode_freertos/FreeRTOS/FreeRTOS/Demo/STM32F4_FreeRTOS/ST_Code/Drivers/STM32F4xx_HAL_Driver/Src/stm32f4xx_hal_cryp_ex.o
LOAD build//home/user/wksp/renode_freertos/FreeRTOS/FreeRTOS/Demo/STM32F4_FreeRTOS/ST_Code/Drivers/STM32F4xx_HAL_Driver/Src/stm32f4xx_hal_dac.o
LOAD build//home/user/wksp/renode_freertos/FreeRTOS/FreeRTOS/Demo/STM32F4_FreeRTOS/ST_Code/Drivers/STM32F4xx_HAL_Driver/Src/stm32f4xx_hal_dac_ex.o
LOAD build//home/user/wksp/renode_freertos/FreeRTOS/FreeRTOS/Demo/STM32F4_FreeRTOS/ST_Code/Drivers/STM32F4xx_HAL_Driver/Src/stm32f4xx_hal_dcmi.o
LOAD build//home/user/wksp/renode_freertos/FreeRTOS/FreeRTOS/Demo/STM32F4_FreeRTOS/ST_Code/Drivers/STM32F4xx_HAL_Driver/Src/stm32f4xx_hal_dcmi_ex.o
LOAD build//home/user/wksp/renode_freertos/FreeRTOS/FreeRTOS/Demo/STM32F4_FreeRTOS/ST_Code/Drivers/STM32F4xx_HAL_Driver/Src/stm32f4xx_hal_dfsdm.o
LOAD build//home/user/wksp/renode_freertos/FreeRTOS/FreeRTOS/Demo/STM32F4_FreeRTOS/ST_Code/Drivers/STM32F4xx_HAL_Driver/Src/stm32f4xx_hal_dma2d.o
LOAD build//home/user/wksp/renode_freertos/FreeRTOS/FreeRTOS/Demo/STM32F4_FreeRTOS/ST_Code/Drivers/STM32F4xx_HAL_Driver/Src/stm32f4xx_hal_dma.o
LOAD build//home/user/wksp/renode_freertos/FreeRTOS/FreeRTOS/Demo/STM32F4_FreeRTOS/ST_Code/Drivers/STM32F4xx_HAL_Driver/Src/stm32f4xx_hal_dma_ex.o
LOAD build//home/user/wksp/renode_freertos/FreeRTOS/FreeRTOS/Demo/STM32F4_FreeRTOS/ST_Code/Drivers/STM32F4xx_HAL_Driver/Src/stm32f4xx_hal_dsi.o
LOAD build//home/user/wksp/renode_freertos/FreeRTOS/FreeRTOS/Demo/STM32F4_FreeRTOS/ST_Code/Drivers/STM32F4xx_HAL_Driver/Src/stm32f4xx_hal_eth.o
LOAD build//home/user/wksp/renode_freertos/FreeRTOS/FreeRTOS/Demo/STM32F4_FreeRTOS/ST_Code/Drivers/STM32F4xx_HAL_Driver/Src/stm32f4xx_hal_exti.o
LOAD build//home/user/wksp/renode_freertos/FreeRTOS/FreeRTOS/Demo/STM32F4_FreeRTOS/ST_Code/Drivers/STM32F4xx_HAL_Driver/Src/stm32f4xx_hal_flash.o
LOAD build//home/user/wksp/renode_freertos/FreeRTOS/FreeRTOS/Demo/STM32F4_FreeRTOS/ST_Code/Drivers/STM32F4xx_HAL_Driver/Src/stm32f4xx_hal_flash_ex.o
LOAD build//home/user/wksp/renode_freertos/FreeRTOS/FreeRTOS/Demo/STM32F4_FreeRTOS/ST_Code/Drivers/STM32F4xx_HAL_Driver/Src/stm32f4xx_hal_flash_ramfunc.o
LOAD build//home/user/wksp/renode_freertos/FreeRTOS/FreeRTOS/Demo/STM32F4_FreeRTOS/ST_Code/Drivers/STM32F4xx_HAL_Driver/Src/stm32f4xx_hal_fmpi2c.o
LOAD build//home/user/wksp/renode_freertos/FreeRTOS/FreeRTOS/Demo/STM32F4_FreeRTOS/ST_Code/Drivers/STM32F4xx_HAL_Driver/Src/stm32f4xx_hal_fmpi2c_ex.o
LOAD build//home/user/wksp/renode_freertos/FreeRTOS/FreeRTOS/Demo/STM32F4_FreeRTOS/ST_Code/Drivers/STM32F4xx_HAL_Driver/Src/stm32f4xx_hal_fmpsmbus.o
LOAD build//home/user/wksp/renode_freertos/FreeRTOS/FreeRTOS/Demo/STM32F4_FreeRTOS/ST_Code/Drivers/STM32F4xx_HAL_Driver/Src/stm32f4xx_hal_fmpsmbus_ex.o
LOAD build//home/user/wksp/renode_freertos/FreeRTOS/FreeRTOS/Demo/STM32F4_FreeRTOS/ST_Code/Drivers/STM32F4xx_HAL_Driver/Src/stm32f4xx_hal_gpio.o
LOAD build//home/user/wksp/renode_freertos/FreeRTOS/FreeRTOS/Demo/STM32F4_FreeRTOS/ST_Code/Drivers/STM32F4xx_HAL_Driver/Src/stm32f4xx_hal_hash.o
LOAD build//home/user/wksp/renode_freertos/FreeRTOS/FreeRTOS/Demo/STM32F4_FreeRTOS/ST_Code/Drivers/STM32F4xx_HAL_Driver/Src/stm32f4xx_hal_hash_ex.o
LOAD build//home/user/wksp/renode_freertos/FreeRTOS/FreeRTOS/Demo/STM32F4_FreeRTOS/ST_Code/Drivers/STM32F4xx_HAL_Driver/Src/stm32f4xx_hal_hcd.o
LOAD build//home/user/wksp/renode_freertos/FreeRTOS/FreeRTOS/Demo/STM32F4_FreeRTOS/ST_Code/Drivers/STM32F4xx_HAL_Driver/Src/stm32f4xx_hal_i2c.o
LOAD build//home/user/wksp/renode_freertos/FreeRTOS/FreeRTOS/Demo/STM32F4_FreeRTOS/ST_Code/Drivers/STM32F4xx_HAL_Driver/Src/stm32f4xx_hal_i2c_ex.o
LOAD build//home/user/wksp/renode_freertos/FreeRTOS/FreeRTOS/Demo/STM32F4_FreeRTOS/ST_Code/Drivers/STM32F4xx_HAL_Driver/Src/stm32f4xx_hal_i2s.o
LOAD build//home/user/wksp/renode_freertos/FreeRTOS/FreeRTOS/Demo/STM32F4_FreeRTOS/ST_Code/Drivers/STM32F4xx_HAL_Driver/Src/stm32f4xx_hal_i2s_ex.o
LOAD build//home/user/wksp/renode_freertos/FreeRTOS/FreeRTOS/Demo/STM32F4_FreeRTOS/ST_Code/Drivers/STM32F4xx_HAL_Driver/Src/stm32f4xx_hal_irda.o
LOAD build//home/user/wksp/renode_freertos/FreeRTOS/FreeRTOS/Demo/STM32F4_FreeRTOS/ST_Code/Drivers/STM32F4xx_HAL_Driver/Src/stm32f4xx_hal_iwdg.o
LOAD build//home/user/wksp/renode_freertos/FreeRTOS/FreeRTOS/Demo/STM32F4_FreeRTOS/ST_Code/Drivers/STM32F4xx_HAL_Driver/Src/stm32f4xx_hal_lptim.o
LOAD build//home/user/wksp/renode_freertos/FreeRTOS/FreeRTOS/Demo/STM32F4_FreeRTOS/ST_Code/Drivers/STM32F4xx_HAL_Driver/Src/stm32f4xx_hal_ltdc.o
LOAD build//home/user/wksp/renode_freertos/FreeRTOS/FreeRTOS/Demo/STM32F4_FreeRTOS/ST_Code/Drivers/STM32F4xx_HAL_Driver/Src/stm32f4xx_hal_ltdc_ex.o
LOAD build//home/user/wksp/renode_freertos/FreeRTOS/FreeRTOS/Demo/STM32F4_FreeRTOS/ST_Code/Drivers/STM32F4xx_HAL_Driver/Src/stm32f4xx_hal_mmc.o
LOAD build//home/user/wksp/renode_freertos/FreeRTOS/FreeRTOS/Demo/STM32F4_FreeRTOS/ST_Code/Drivers/STM32F4xx_HAL_Driver/Src/stm32f4xx_hal_msp_template.o
LOAD build//home/user/wksp/renode_freertos/FreeRTOS/FreeRTOS/Demo/STM32F4_FreeRTOS/ST_Code/Drivers/STM32F4xx_HAL_Driver/Src/stm32f4xx_hal_nand.o
LOAD build//home/user/wksp/renode_freertos/FreeRTOS/FreeRTOS/Demo/STM32F4_FreeRTOS/ST_Code/Drivers/STM32F4xx_HAL_Driver/Src/stm32f4xx_hal_nor.o
LOAD build//home/user/wksp/renode_freertos/FreeRTOS/FreeRTOS/Demo/STM32F4_FreeRTOS/ST_Code/Drivers/STM32F4xx_HAL_Driver/Src/stm32f4xx_hal_pccard.o
LOAD build//home/user/wksp/renode_freertos/FreeRTOS/FreeRTOS/Demo/STM32F4_FreeRTOS/ST_Code/Drivers/STM32F4xx_HAL_Driver/Src/stm32f4xx_hal_pcd.o
LOAD build//home/user/wksp/renode_freertos/FreeRTOS/FreeRTOS/Demo/STM32F4_FreeRTOS/ST_Code/Drivers/STM32F4xx_HAL_Driver/Src/stm32f4xx_hal_pcd_ex.o
LOAD build//home/user/wksp/renode_freertos/FreeRTOS/FreeRTOS/Demo/STM32F4_FreeRTOS/ST_Code/Drivers/STM32F4xx_HAL_Driver/Src/stm32f4xx_hal_pwr.o
LOAD build//home/user/wksp/renode_freertos/FreeRTOS/FreeRTOS/Demo/STM32F4_FreeRTOS/ST_Code/Drivers/STM32F4xx_HAL_Driver/Src/stm32f4xx_hal_pwr_ex.o
LOAD build//home/user/wksp/renode_freertos/FreeRTOS/FreeRTOS/Demo/STM32F4_FreeRTOS/ST_Code/Drivers/STM32F4xx_HAL_Driver/Src/stm32f4xx_hal_qspi.o
LOAD build//home/user/wksp/renode_freertos/FreeRTOS/FreeRTOS/Demo/STM32F4_FreeRTOS/ST_Code/Drivers/STM32F4xx_HAL_Driver/Src/stm32f4xx_hal_rcc.o
LOAD build//home/user/wksp/renode_freertos/FreeRTOS/FreeRTOS/Demo/STM32F4_FreeRTOS/ST_Code/Drivers/STM32F4xx_HAL_Driver/Src/stm32f4xx_hal_rcc_ex.o
LOAD build//home/user/wksp/renode_freertos/FreeRTOS/FreeRTOS/Demo/STM32F4_FreeRTOS/ST_Code/Drivers/STM32F4xx_HAL_Driver/Src/stm32f4xx_hal_rng.o
LOAD build//home/user/wksp/renode_freertos/FreeRTOS/FreeRTOS/Demo/STM32F4_FreeRTOS/ST_Code/Drivers/STM32F4xx_HAL_Driver/Src/stm32f4xx_hal_rtc.o
LOAD build//home/user/wksp/renode_freertos/FreeRTOS/FreeRTOS/Demo/STM32F4_FreeRTOS/ST_Code/Drivers/STM32F4xx_HAL_Driver/Src/stm32f4xx_hal_rtc_ex.o
LOAD build//home/user/wksp/renode_freertos/FreeRTOS/FreeRTOS/Demo/STM32F4_FreeRTOS/ST_Code/Drivers/STM32F4xx_HAL_Driver/Src/stm32f4xx_hal_sai.o
LOAD build//home/user/wksp/renode_freertos/FreeRTOS/FreeRTOS/Demo/STM32F4_FreeRTOS/ST_Code/Drivers/STM32F4xx_HAL_Driver/Src/stm32f4xx_hal_sai_ex.o
LOAD build//home/user/wksp/renode_freertos/FreeRTOS/FreeRTOS/Demo/STM32F4_FreeRTOS/ST_Code/Drivers/STM32F4xx_HAL_Driver/Src/stm32f4xx_hal_sd.o
LOAD build//home/user/wksp/renode_freertos/FreeRTOS/FreeRTOS/Demo/STM32F4_FreeRTOS/ST_Code/Drivers/STM32F4xx_HAL_Driver/Src/stm32f4xx_hal_sdram.o
LOAD build//home/user/wksp/renode_freertos/FreeRTOS/FreeRTOS/Demo/STM32F4_FreeRTOS/ST_Code/Drivers/STM32F4xx_HAL_Driver/Src/stm32f4xx_hal_smartcard.o
LOAD build//home/user/wksp/renode_freertos/FreeRTOS/FreeRTOS/Demo/STM32F4_FreeRTOS/ST_Code/Drivers/STM32F4xx_HAL_Driver/Src/stm32f4xx_hal_smbus.o
LOAD build//home/user/wksp/renode_freertos/FreeRTOS/FreeRTOS/Demo/STM32F4_FreeRTOS/ST_Code/Drivers/STM32F4xx_HAL_Driver/Src/stm32f4xx_hal_spdifrx.o
LOAD build//home/user/wksp/renode_freertos/FreeRTOS/FreeRTOS/Demo/STM32F4_FreeRTOS/ST_Code/Drivers/STM32F4xx_HAL_Driver/Src/stm32f4xx_hal_spi.o
LOAD build//home/user/wksp/renode_freertos/FreeRTOS/FreeRTOS/Demo/STM32F4_FreeRTOS/ST_Code/Drivers/STM32F4xx_HAL_Driver/Src/stm32f4xx_hal_sram.o
LOAD build//home/user/wksp/renode_freertos/FreeRTOS/FreeRTOS/Demo/STM32F4_FreeRTOS/ST_Code/Drivers/STM32F4xx_HAL_Driver/Src/stm32f4xx_hal_tim.o
LOAD build//home/user/wksp/renode_freertos/FreeRTOS/FreeRTOS/Demo/STM32F4_FreeRTOS/ST_Code/Drivers/STM32F4xx_HAL_Driver/Src/stm32f4xx_hal_tim_ex.o
LOAD build//home/user/wksp/renode_freertos/FreeRTOS/FreeRTOS/Demo/STM32F4_FreeRTOS/ST_Code/Drivers/STM32F4xx_HAL_Driver/Src/stm32f4xx_hal_uart.o
LOAD build//home/user/wksp/renode_freertos/FreeRTOS/FreeRTOS/Demo/STM32F4_FreeRTOS/ST_Code/Drivers/STM32F4xx_HAL_Driver/Src/stm32f4xx_hal_usart.o
LOAD build//home/user/wksp/renode_freertos/FreeRTOS/FreeRTOS/Demo/STM32F4_FreeRTOS/ST_Code/Drivers/STM32F4xx_HAL_Driver/Src/stm32f4xx_hal_wwdg.o
LOAD build//home/user/wksp/renode_freertos/FreeRTOS/FreeRTOS/Demo/STM32F4_FreeRTOS/ST_Code/Drivers/STM32F4xx_HAL_Driver/Src/stm32f4xx_ll_adc.o
LOAD build//home/user/wksp/renode_freertos/FreeRTOS/FreeRTOS/Demo/STM32F4_FreeRTOS/ST_Code/Drivers/STM32F4xx_HAL_Driver/Src/stm32f4xx_ll_crc.o
LOAD build//home/user/wksp/renode_freertos/FreeRTOS/FreeRTOS/Demo/STM32F4_FreeRTOS/ST_Code/Drivers/STM32F4xx_HAL_Driver/Src/stm32f4xx_ll_dac.o
LOAD build//home/user/wksp/renode_freertos/FreeRTOS/FreeRTOS/Demo/STM32F4_FreeRTOS/ST_Code/Drivers/STM32F4xx_HAL_Driver/Src/stm32f4xx_ll_dma2d.o
LOAD build//home/user/wksp/renode_freertos/FreeRTOS/FreeRTOS/Demo/STM32F4_FreeRTOS/ST_Code/Drivers/STM32F4xx_HAL_Driver/Src/stm32f4xx_ll_dma.o
LOAD build//home/user/wksp/renode_freertos/FreeRTOS/FreeRTOS/Demo/STM32F4_FreeRTOS/ST_Code/Drivers/STM32F4xx_HAL_Driver/Src/stm32f4xx_ll_exti.o
LOAD build//home/user/wksp/renode_freertos/FreeRTOS/FreeRTOS/Demo/STM32F4_FreeRTOS/ST_Code/Drivers/STM32F4xx_HAL_Driver/Src/stm32f4xx_ll_fmc.o
LOAD build//home/user/wksp/renode_freertos/FreeRTOS/FreeRTOS/Demo/STM32F4_FreeRTOS/ST_Code/Drivers/STM32F4xx_HAL_Driver/Src/stm32f4xx_ll_fmpi2c.o
LOAD build//home/user/wksp/renode_freertos/FreeRTOS/FreeRTOS/Demo/STM32F4_FreeRTOS/ST_Code/Drivers/STM32F4xx_HAL_Driver/Src/stm32f4xx_ll_fsmc.o
LOAD build//home/user/wksp/renode_freertos/FreeRTOS/FreeRTOS/Demo/STM32F4_FreeRTOS/ST_Code/Drivers/STM32F4xx_HAL_Driver/Src/stm32f4xx_ll_gpio.o
LOAD build//home/user/wksp/renode_freertos/FreeRTOS/FreeRTOS/Demo/STM32F4_FreeRTOS/ST_Code/Drivers/STM32F4xx_HAL_Driver/Src/stm32f4xx_ll_i2c.o
LOAD build//home/user/wksp/renode_freertos/FreeRTOS/FreeRTOS/Demo/STM32F4_FreeRTOS/ST_Code/Drivers/STM32F4xx_HAL_Driver/Src/stm32f4xx_ll_lptim.o
LOAD build//home/user/wksp/renode_freertos/FreeRTOS/FreeRTOS/Demo/STM32F4_FreeRTOS/ST_Code/Drivers/STM32F4xx_HAL_Driver/Src/stm32f4xx_ll_pwr.o
LOAD build//home/user/wksp/renode_freertos/FreeRTOS/FreeRTOS/Demo/STM32F4_FreeRTOS/ST_Code/Drivers/STM32F4xx_HAL_Driver/Src/stm32f4xx_ll_rcc.o
LOAD build//home/user/wksp/renode_freertos/FreeRTOS/FreeRTOS/Demo/STM32F4_FreeRTOS/ST_Code/Drivers/STM32F4xx_HAL_Driver/Src/stm32f4xx_ll_rng.o
LOAD build//home/user/wksp/renode_freertos/FreeRTOS/FreeRTOS/Demo/STM32F4_FreeRTOS/ST_Code/Drivers/STM32F4xx_HAL_Driver/Src/stm32f4xx_ll_rtc.o
LOAD build//home/user/wksp/renode_freertos/FreeRTOS/FreeRTOS/Demo/STM32F4_FreeRTOS/ST_Code/Drivers/STM32F4xx_HAL_Driver/Src/stm32f4xx_ll_sdmmc.o
LOAD build//home/user/wksp/renode_freertos/FreeRTOS/FreeRTOS/Demo/STM32F4_FreeRTOS/ST_Code/Drivers/STM32F4xx_HAL_Driver/Src/stm32f4xx_ll_spi.o
LOAD build//home/user/wksp/renode_freertos/FreeRTOS/FreeRTOS/Demo/STM32F4_FreeRTOS/ST_Code/Drivers/STM32F4xx_HAL_Driver/Src/stm32f4xx_ll_tim.o
LOAD build//home/user/wksp/renode_freertos/FreeRTOS/FreeRTOS/Demo/STM32F4_FreeRTOS/ST_Code/Drivers/STM32F4xx_HAL_Driver/Src/stm32f4xx_ll_usart.o
LOAD build//home/user/wksp/renode_freertos/FreeRTOS/FreeRTOS/Demo/STM32F4_FreeRTOS/ST_Code/Drivers/STM32F4xx_HAL_Driver/Src/stm32f4xx_ll_usb.o
LOAD build//home/user/wksp/renode_freertos/FreeRTOS/FreeRTOS/Demo/STM32F4_FreeRTOS/ST_Code/Drivers/STM32F4xx_HAL_Driver/Src/stm32f4xx_ll_utils.o
LOAD build//home/user/wksp/renode_freertos/FreeRTOS/FreeRTOS/Demo/STM32F4_FreeRTOS/ST_Code/Drivers/BSP/STM32F4-Discovery/stm32f4_discovery.o
LOAD build//home/user/wksp/renode_freertos/FreeRTOS/FreeRTOS/Source/portable/GCC/ARM_CM4_MPU/port.o
LOAD build//home/user/wksp/renode_freertos/FreeRTOS/FreeRTOS/Source/portable/GCC/ARM_CM4_MPU/mpu_wrappers_v2_asm.o
LOAD build//home/user/wksp/renode_freertos/FreeRTOS/FreeRTOS/Source/portable/Common/mpu_wrappers.o
LOAD build//home/user/wksp/renode_freertos/FreeRTOS/FreeRTOS/Source/portable/Common/mpu_wrappers_v2.o
LOAD build//home/user/wksp/renode_freertos/FreeRTOS/FreeRTOS/Source/tasks.o
LOAD build//home/user/wksp/renode_freertos/FreeRTOS/FreeRTOS/Source/list.o
LOAD build//home/user/wksp/renode_freertos/FreeRTOS/FreeRTOS/Source/queue.o
LOAD build//home/user/wksp/renode_freertos/FreeRTOS/FreeRTOS/Source/timers.o
LOAD build//home/user/wksp/renode_freertos/FreeRTOS/FreeRTOS/Source/event_groups.o
LOAD build//home/user/wksp/renode_freertos/FreeRTOS/FreeRTOS/Source/portable/MemMang/heap_4.o
LOAD build//home/user/wksp/renode_freertos/FreeRTOS/FreeRTOS/Source/stream_buffer.o
LOAD build/../../Demo/app_main.o
LOAD build/../../Demo/mpu_demo.o
                0x0000000020018000                _estack = (ORIGIN (RAM) + LENGTH (RAM))
                0x0000000000000200                _Min_Heap_Size = 0x200
                0x0000000000000400                _Min_Stack_Size = 0x400
                0x0000000000010000                __privileged_functions_region_size__ = 0x10000
                0x0000000000008000                __privileged_data_region_size__ = 0x8000
                0x0000000008000000                __FLASH_segment_start__ = ORIGIN (FLASH)
                0x0000000008100000                __FLASH_segment_end__ = (__FLASH_segment_start__ + LENGTH (FLASH))
                0x0000000020000000                __SRAM_segment_start__ = ORIGIN (RAM)
                0x0000000020018000                __SRAM_segment_end__ = (__SRAM_segment_start__ + LENGTH (RAM))
                0x0000000008000000                __privileged_functions_start__ = __FLASH_segment_start__
                0x0000000008010000                __privileged_functions_end__ = (__FLASH_segment_start__ + __privileged_functions_region_size__)
                0x0000000020000000                __privileged_data_start__ = __SRAM_segment_start__
                0x0000000020008000                __privileged_data_end__ = (__SRAM_segment_start__ + __privileged_data_region_size__)

.privileged_functions
                0x0000000008000000    0x10000
                0x0000000008000000                . = ALIGN (0x4)
 *(.isr_vector)
                0x0000000008000000                . = ALIGN (0x4)
 *(privileged_functions)
 privileged_functions
                0x0000000008000000      0x884 build//home/user/wksp/renode_freertos/FreeRTOS/FreeRTOS/Source/portable/GCC/ARM_CM4_MPU/port.o
                0x0000000008000016                PendSV_Handler
                0x00000000080000d8                SVC_Handler
                0x0000000008000174                vRequestSystemCallExit
                0x0000000008000176                pxPortInitialiseStack
                0x0000000008000216                vPortEndScheduler
                0x0000000008000238                vPortStoreTaskMPUSettings
                0x0000000008000338                xPortIsAuthorizedToAccessBuffer
                0x0000000008000394                xPortIsAuthorizedToAccessKernelObject
                0x00000000080003d0                vPortGrantAccessToKernelObject
                0x00000000080003f4                vPortRevokeAccessToKernelObject
                0x000000000800041a                SysTick_Handler
                0x0000000008000448                vSVCHandler_C
                0x0000000008000470                vPortEnterCritical
                0x0000000008000490                vPortExitCritical
                0x00000000080004b8                vSystemCallEnter
                0x0000000008000574                vSystemCallExit
                0x0000000008000600                xPortIsTaskPrivileged
                0x0000000008000612                xPortStartScheduler
 privileged_functions
                0x0000000008000884     0x18fc build//home/user/wksp/renode_freertos/FreeRTOS/FreeRTOS/Source/portable/Common/mpu_wrappers_v2.o
                0x00000000080009ac                MPU_xTaskDelayUntilImpl
                0x00000000080009d2                MPU_xTaskAbortDelayImpl
                0x00000000080009fa                MPU_vTaskDelayImpl
                0x00000000080009fe                MPU_uxTaskPriorityGetImpl
                0x0000000008000a2a                MPU_eTaskGetStateImpl
                0x0000000008000a52                MPU_vTaskGetInfoImpl
                0x0000000008000aa6                MPU_xTaskGetIdleTaskHandleImpl
                0x0000000008000aaa                MPU_vTaskResumeImpl
                0x0000000008000ad0                MPU_xTaskGetTickCountImpl
                0x0000000008000ad4                MPU_uxTaskGetNumberOfTasksImpl
                0x0000000008000ad8                MPU_ulTaskGetRunTimeCounterImpl
                0x0000000008000b04                MPU_ulTaskGetRunTimePercentImpl
                0x0000000008000b30                MPU_ulTaskGetIdleRunTimePercentImpl
                0x0000000008000b34                MPU_ulTaskGetIdleRunTimeCounterImpl
                0x0000000008000b38                MPU_vTaskSetApplicationTaskTagImpl
                0x0000000008000b66                MPU_xTaskGetApplicationTaskTagImpl
                0x0000000008000b92                MPU_vTaskSetThreadLocalStoragePointerImpl
                0x0000000008000bc4                MPU_pvTaskGetThreadLocalStoragePointerImpl
                0x0000000008000bf4                MPU_uxTaskGetSystemStateImpl
                0x0000000008000c38                MPU_uxTaskGetStackHighWaterMarkImpl
                0x0000000008000c64                MPU_xTaskGetCurrentTaskHandleImpl
                0x0000000008000c7e                MPU_xTaskGetSchedulerStateImpl
                0x0000000008000c82                MPU_vTaskSetTimeOutStateImpl
                0x0000000008000ca0                MPU_xTaskCheckForTimeOutImpl
                0x0000000008000cd6                MPU_xTaskGenericNotifyImpl
                0x0000000008000d40                MPU_xTaskGenericNotifyWaitImpl
                0x0000000008000d82                MPU_ulTaskGenericNotifyTakeImpl
                0x0000000008000d8c                MPU_xTaskGenericNotifyStateClearImpl
                0x0000000008000dbe                MPU_ulTaskGenericNotifyValueClearImpl
                0x0000000008000df4                MPU_xQueueGenericSendImpl
                0x0000000008000e62                MPU_uxQueueMessagesWaitingImpl
                0x0000000008000e8a                MPU_uxQueueSpacesAvailableImpl
                0x0000000008000eb2                MPU_xQueueReceiveImpl
                0x0000000008000f06                MPU_xQueuePeekImpl
                0x0000000008000f5a                MPU_xQueueSemaphoreTakeImpl
                0x0000000008000f98                MPU_xQueueGetMutexHolderImpl
                0x0000000008000fd0                MPU_xQueueTakeMutexRecursiveImpl
                0x0000000008001006                MPU_xQueueGiveMutexRecursiveImpl
                0x000000000800102e                MPU_xQueueSelectFromSetImpl
                0x000000000800106c                MPU_xQueueAddToSetImpl
                0x00000000080010b2                MPU_vQueueAddToRegistryImpl
                0x00000000080010dc                MPU_vQueueUnregisterQueueImpl
                0x0000000008001102                MPU_pcQueueGetNameImpl
                0x000000000800112a                MPU_pvTimerGetTimerIDImpl
                0x0000000008001152                MPU_vTimerSetTimerIDImpl
                0x000000000800117c                MPU_xTimerIsTimerActiveImpl
                0x00000000080011a4                MPU_xTimerGetTimerDaemonTaskHandleImpl
                0x00000000080011a8                MPU_xTimerGenericCommandFromTaskImpl
                0x000000000800120c                MPU_pcTimerGetNameImpl
                0x0000000008001234                MPU_vTimerSetReloadModeImpl
                0x000000000800125e                MPU_xTimerGetReloadModeImpl
                0x0000000008001286                MPU_uxTimerGetReloadModeImpl
                0x00000000080012ae                MPU_xTimerGetPeriodImpl
                0x00000000080012d6                MPU_xTimerGetExpiryTimeImpl
                0x00000000080012fe                MPU_xEventGroupWaitBitsImpl
                0x000000000800135c                MPU_xEventGroupClearBitsImpl
                0x000000000800138e                MPU_xEventGroupSetBitsImpl
                0x00000000080013c0                MPU_xEventGroupSyncImpl
                0x000000000800140a                MPU_uxEventGroupGetNumberImpl
                0x0000000008001432                MPU_vEventGroupSetNumberImpl
                0x000000000800145c                MPU_xStreamBufferSendImpl
                0x00000000080014a6                MPU_xStreamBufferReceiveImpl
                0x00000000080014f0                MPU_xStreamBufferIsFullImpl
                0x0000000008001518                MPU_xStreamBufferIsEmptyImpl
                0x0000000008001540                MPU_xStreamBufferSpacesAvailableImpl
                0x0000000008001568                MPU_xStreamBufferBytesAvailableImpl
                0x0000000008001590                MPU_xStreamBufferSetTriggerLevelImpl
                0x00000000080015bc                MPU_xStreamBufferNextMessageLengthBytesImpl
                0x0000000008001620                MPU_vTaskSuspendImpl
                0x000000000800165e                vGrantAccessToKernelObject
                0x0000000008001684                vRevokeAccessToKernelObject
                0x00000000080016aa                MPU_xTaskCreate
                0x000000000800170e                MPU_xTaskCreateStatic
                0x000000000800176c                MPU_vTaskDelete
                0x00000000080017ac                MPU_vTaskPrioritySet
                0x00000000080017ce                MPU_xTaskGetHandle
                0x00000000080017e8                MPU_xTaskCallApplicationTaskHook
                0x000000000800180c                MPU_pcTaskGetName
                0x000000000800182c                MPU_xTaskCreateRestricted
                0x000000000800188a                MPU_xTaskCreateRestrictedStatic
                0x00000000080018e8                MPU_vTaskAllocateMPURegions
                0x000000000800190a                MPU_xTaskGetStaticBuffers
                0x000000000800193c                MPU_uxTaskPriorityGetFromISR
                0x000000000800195c                MPU_uxTaskBasePriorityGet
                0x000000000800197c                MPU_uxTaskBasePriorityGetFromISR
                0x000000000800199c                MPU_xTaskResumeFromISR
                0x00000000080019b8                MPU_xTaskGetApplicationTaskTagFromISR
                0x00000000080019d8                MPU_xTaskGenericNotifyFromISR
                0x0000000008001a0c                MPU_vTaskGenericNotifyGiveFromISR
                0x0000000008001a32                MPU_vQueueDelete
                0x0000000008001a52                MPU_xQueueCreateMutex
                0x0000000008001a88                MPU_xQueueCreateMutexStatic
                0x0000000008001ac4                MPU_xQueueCreateCountingSemaphore
                0x0000000008001b00                MPU_xQueueCreateCountingSemaphoreStatic
                0x0000000008001b40                MPU_xQueueGenericCreate
                0x0000000008001b80                MPU_xQueueGenericCreateStatic
                0x0000000008001bcc                MPU_xQueueCreateSet
                0x0000000008001c02                MPU_xQueueCreateSetStatic
                0x0000000008001c42                MPU_xQueueRemoveFromSet
                0x0000000008001c72                MPU_xQueueGenericReset
                0x0000000008001c92                MPU_xQueueGenericGetStaticBuffers
                0x0000000008001cba                MPU_xQueueGenericSendFromISR
                0x0000000008001ce6                MPU_xQueueGiveFromISR
                0x0000000008001d06                MPU_xQueuePeekFromISR
                0x0000000008001d26                MPU_xQueueReceiveFromISR
                0x0000000008001d4e                MPU_xQueueIsQueueEmptyFromISR
                0x0000000008001d6a                MPU_xQueueIsQueueFullFromISR
                0x0000000008001d86                MPU_uxQueueMessagesWaitingFromISR
                0x0000000008001da2                MPU_xQueueGetMutexHolderFromISR
                0x0000000008001dce                MPU_xQueueSelectFromSetFromISR
                0x0000000008001dfa                MPU_xTimerCreate
                0x0000000008001e48                MPU_xTimerCreateStatic
                0x0000000008001e9c                MPU_xTimerGetStaticBuffer
                0x0000000008001ebc                MPU_xTimerGenericCommandFromISR
                0x0000000008001eec                MPU_xEventGroupCreate
                0x0000000008001f1e                MPU_xEventGroupCreateStatic
                0x0000000008001f54                MPU_vEventGroupDelete
                0x0000000008001f76                MPU_xEventGroupGetStaticBuffer
                0x0000000008001f96                MPU_xEventGroupGetBitsFromISR
                0x0000000008001fb2                MPU_xStreamBufferGenericCreate
                0x000000000800200e                MPU_xStreamBufferGenericCreateStatic
                0x0000000008002076                MPU_vStreamBufferDelete
                0x0000000008002098                MPU_xStreamBufferReset
                0x00000000080020b4                MPU_xStreamBufferGetStaticBuffers
                0x00000000080020ca                MPU_xStreamBufferSendFromISR
                0x00000000080020f6                MPU_xStreamBufferReceiveFromISR
                0x0000000008002122                MPU_xStreamBufferSendCompletedFromISR
                0x0000000008002142                MPU_xStreamBufferReceiveCompletedFromISR
                0x0000000008002162                MPU_xStreamBufferResetFromISR
 privileged_functions
                0x0000000008002180     0x22d0 build//home/user/wksp/renode_freertos/FreeRTOS/FreeRTOS/Source/tasks.o
                0x00000000080024f8                xTaskCreate
                0x000000000800255e                xTaskCreateStatic
                0x00000000080025fe                xTaskCreateRestricted
                0x000000000800266a                xTaskCreateRestrictedStatic
                0x00000000080026ee                vTaskAllocateMPURegions
                0x0000000008002718                vTaskDelete
                0x00000000080027f4                uxTaskPriorityGet
                0x000000000800282c                uxTaskPriorityGetFromISR
                0x0000000008002870                uxTaskBasePriorityGet
                0x00000000080028a8                uxTaskBasePriorityGetFromISR
                0x00000000080028ec                eTaskGetState
                0x0000000008002974                vTaskPrioritySet
                0x0000000008002a88                vTaskResume
                0x0000000008002b20                xTaskResumeFromISR
                0x0000000008002bdc                vTaskStartScheduler
                0x0000000008002c84                vTaskEndScheduler
                0x0000000008002cc0                vTaskSuspendAll
                0x0000000008002cd4                xTaskGetTickCount
                0x0000000008002ce0                xTaskGetTickCountFromISR
                0x0000000008002cf0                uxTaskGetNumberOfTasks
                0x0000000008002cfc                pcTaskGetName
                0x0000000008002d20                xTaskGetStaticBuffers
                0x0000000008002d94                uxTaskGetStackHighWaterMark
                0x0000000008002dc8                vTaskSetApplicationTaskTag
                0x0000000008002de8                xTaskGetApplicationTaskTag
                0x0000000008002e20                xTaskGetApplicationTaskTagFromISR
                0x0000000008002e5c                vTaskSetThreadLocalStoragePointer
                0x0000000008002e88                pvTaskGetThreadLocalStoragePointer
                0x0000000008002eb8                xTaskCallApplicationTaskHook
                0x0000000008002ed4                xTaskGetIdleTaskHandle
                0x0000000008002ef4                xTaskGetIdleTaskHandleForCore
                0x0000000008002f28                ulTaskGetRunTimeCounter
                0x0000000008002f70                ulTaskGetRunTimePercent
                0x0000000008002f7a                ulTaskGetIdleRunTimeCounter
                0x0000000008002fb0                ulTaskGetIdleRunTimePercent
                0x0000000008002fb4                xTaskGenericNotify
                0x00000000080030ec                xTaskGenericNotifyFromISR
                0x0000000008003274                vTaskGenericNotifyGiveFromISR
                0x00000000080033a0                xTaskGenericNotifyStateClear
                0x00000000080033f4                ulTaskGenericNotifyValueClear
                0x000000000800344c                vTaskSetTimeOutState
                0x0000000008003480                vTaskResetState
                0x00000000080034b8                xTaskIncrementTick
                0x0000000008003620                xTaskResumeAll
                0x0000000008003748                vTaskDelay
                0x0000000008003798                xTaskDelayUntil
                0x0000000008003834                xTaskAbortDelay
                0x00000000080038e0                vTaskGetInfo
                0x00000000080039da                xTaskGetHandle
                0x0000000008003a58                uxTaskGetSystemState
                0x0000000008003af0                xTaskGenericNotifyWait
                0x0000000008003bc0                ulTaskGenericNotifyTake
                0x0000000008003c5c                xTaskCatchUpTicks
                0x0000000008003c9c                vTaskPlaceOnEventList
                0x0000000008003cd0                vTaskPlaceOnUnorderedEventList
                0x0000000008003d48                vTaskPlaceOnEventListRestricted
                0x0000000008003da8                xTaskRemoveFromEventList
                0x0000000008003e84                vTaskRemoveFromUnorderedEventList
                0x0000000008003f4c                vTaskSwitchContext
                0x0000000008003fe0                vTaskSuspend
                0x00000000080040b4                uxTaskResetEventItemValue
                0x00000000080040d4                xTaskGetCurrentTaskHandle
                0x00000000080040e0                xTaskGetCurrentTaskHandleForCore
                0x00000000080040f0                vTaskMissedYield
                0x0000000008004100                xTaskGetSchedulerState
                0x0000000008004120                xTaskPriorityInherit
                0x00000000080041e0                xTaskPriorityDisinherit
                0x000000000800429c                vTaskPriorityDisinheritAfterTimeout
                0x0000000008004368                uxTaskGetTaskNumber
                0x0000000008004370                vTaskSetTaskNumber
                0x0000000008004378                pvTaskIncrementMutexHeldCount
                0x0000000008004390                vTaskInternalSetTimeOutState
                0x00000000080043a4                xTaskCheckForTimeOut
                0x000000000800442c                xTaskGetMPUSettings
 privileged_functions
                0x0000000008004450       0x80 build//home/user/wksp/renode_freertos/FreeRTOS/FreeRTOS/Source/list.o
                0x0000000008004450                vListInitialise
                0x0000000008004466                vListInitialiseItem
                0x000000000800446c                vListInsert
                0x000000000800449a                vListInsertEnd
                0x00000000080044b2                uxListRemove
 privileged_functions
                0x00000000080044d0      0xffc build//home/user/wksp/renode_freertos/FreeRTOS/FreeRTOS/Source/queue.o
                0x000000000800468c                xQueueGenericSend
                0x000000000800481e                xQueuePeek
                0x000000000800495c                xQueuePeekFromISR
                0x00000000080049d2                xQueueReceive
                0x0000000008004b10                uxQueueMessagesWaiting
                0x0000000008004b3a                uxQueueSpacesAvailable
                0x0000000008004b68                xQueueGenericSendFromISR
                0x0000000008004c64                xQueueGiveFromISR
                0x0000000008004d36                xQueueReceiveFromISR
                0x0000000008004df2                xQueueIsQueueEmptyFromISR
                0x0000000008004e10                xQueueIsQueueFullFromISR
                0x0000000008004e30                uxQueueMessagesWaitingFromISR
                0x0000000008004e48                xQueueSemaphoreTake
                0x0000000008004fba                xQueueGetMutexHolder
                0x0000000008004fe8                xQueueGetMutexHolderFromISR
                0x0000000008005008                xQueueTakeMutexRecursive
                0x0000000008005070                xQueueGiveMutexRecursive
                0x00000000080050ac                vQueueAddToRegistry
                0x00000000080050fc                vQueueUnregisterQueue
                0x0000000008005138                vQueueDelete
                0x0000000008005166                pcQueueGetName
                0x000000000800519c                xQueueGenericGetStaticBuffers
                0x00000000080051dc                xQueueAddToSet
                0x00000000080051fe                xQueueRemoveFromSet
                0x000000000800521e                xQueueSelectFromSet
                0x0000000008005234                xQueueSelectFromSetFromISR
                0x0000000008005248                vQueueWaitForMessageRestricted
                0x000000000800528e                xQueueGenericReset
                0x0000000008005328                xQueueGenericCreateStatic
                0x00000000080053a6                xQueueCreateMutexStatic
                0x00000000080053c2                xQueueCreateCountingSemaphoreStatic
                0x00000000080053f4                xQueueCreateSetStatic
                0x000000000800540a                xQueueGenericCreate
                0x000000000800546e                xQueueCreateMutex
                0x0000000008005484                xQueueCreateCountingSemaphore
                0x00000000080054ae                xQueueCreateSet
                0x00000000080054b6                vQueueSetQueueNumber
                0x00000000080054ba                uxQueueGetQueueNumber
                0x00000000080054be                ucQueueGetQueueType
                0x00000000080054c4                uxQueueGetQueueItemSize
                0x00000000080054c8                uxQueueGetQueueLength
 privileged_functions
                0x00000000080054cc      0x604 build//home/user/wksp/renode_freertos/FreeRTOS/FreeRTOS/Source/timers.o
                0x0000000008005764                xTimerCreate
                0x00000000080057be                xTimerCreateStatic
                0x0000000008005844                pvTimerGetTimerID
                0x000000000800586e                vTimerSetTimerID
                0x0000000008005896                xTimerIsTimerActive
                0x00000000080058c6                xTimerGetTimerDaemonTaskHandle
                0x00000000080058e8                pcTimerGetName
                0x0000000008005900                vTimerSetReloadMode
                0x000000000800593a                xTimerGetReloadMode
                0x000000000800596a                uxTimerGetReloadMode
                0x000000000800596e                xTimerGetPeriod
                0x0000000008005986                xTimerGetExpiryTime
                0x000000000800599e                xTimerGetStaticBuffer
                0x00000000080059c4                xTimerCreateTimerTask
                0x0000000008005a28                xTimerGenericCommandFromTask
                0x0000000008005a74                xTimerGenericCommandFromISR
                0x0000000008005ab8                vTimerSetTimerNumber
                0x0000000008005abc                uxTimerGetTimerNumber
                0x0000000008005ac0                vTimerResetState
 privileged_functions
                0x0000000008005ad0      0x3da build//home/user/wksp/renode_freertos/FreeRTOS/FreeRTOS/Source/event_groups.o
                0x0000000008005ad0                xEventGroupCreate
                0x0000000008005aec                xEventGroupCreateStatic
                0x0000000008005b34                xEventGroupWaitBits
                0x0000000008005c44                xEventGroupClearBits
                0x0000000008005c8a                xEventGroupSetBits
                0x0000000008005d10                xEventGroupSync
                0x0000000008005dec                xEventGroupGetBitsFromISR
                0x0000000008005e08                vEventGroupDelete
                0x0000000008005e62                xEventGroupGetStaticBuffer
                0x0000000008005e98                vEventGroupSetBitsCallback
                0x0000000008005e9c                vEventGroupClearBitsCallback
                0x0000000008005ea0                uxEventGroupGetNumber
                0x0000000008005ea6                vEventGroupSetNumber
 *fill*         0x0000000008005eaa        0x2 
 privileged_functions
                0x0000000008005eac      0x2c0 build//home/user/wksp/renode_freertos/FreeRTOS/FreeRTOS/Source/portable/MemMang/heap_4.o
                0x0000000008005eac                pvPortMalloc
                0x0000000008006020                pvPortCalloc
                0x000000000800604e                vPortFree
                0x0000000008006134                vPortInitialiseBlocks
                0x0000000008006136                xPortGetFreeHeapSize
                0x0000000008006140                xPortGetMinimumEverFreeHeapSize
                0x000000000800614c                xPortResetHeapMinimumEverFreeHeapSize
                0x0000000008006158                vPortHeapResetState
 privileged_functions
                0x000000000800616c      0x9c6 build//home/user/wksp/renode_freertos/FreeRTOS/FreeRTOS/Source/stream_buffer.o
                0x000000000800634e                xStreamBufferGetStaticBuffers
                0x00000000080063a0                xStreamBufferReceive
                0x0000000008006484                xStreamBufferReceiveFromISR
                0x0000000008006514                vStreamBufferDelete
                0x000000000800653a                xStreamBufferIsEmpty
                0x000000000800655a                xStreamBufferReset
                0x00000000080065a6                xStreamBufferResetFromISR
                0x00000000080065fe                xStreamBufferSpacesAvailable
                0x0000000008006630                xStreamBufferSend
                0x000000000800675c                xStreamBufferSendFromISR
                0x00000000080067f8                xStreamBufferIsFull
                0x0000000008006828                xStreamBufferBytesAvailable
                0x000000000800683e                xStreamBufferSetTriggerLevel
                0x0000000008006866                xStreamBufferSendCompletedFromISR
                0x00000000080068b4                xStreamBufferReceiveCompletedFromISR
                0x0000000008006902                uxStreamBufferGetStreamBufferNotificationIndex
                0x000000000800691a                vStreamBufferSetStreamBufferNotificationIndex
                0x0000000008006972                xStreamBufferGenericCreate
                0x0000000008006a0e                xStreamBufferGenericCreateStatic
                0x0000000008006ad0                xStreamBufferNextMessageLengthBytes
                0x0000000008006b22                vStreamBufferSetStreamBufferNumber
                0x0000000008006b26                uxStreamBufferGetStreamBufferNumber
                0x0000000008006b2a                ucStreamBufferGetStreamBufferType
                0x0000000008006b34                . = ALIGN (0x4)
 *fill*         0x0000000008006b32        0x2 
 FILL mask 0xdead
                0x0000000000010000                . = __privileged_functions_region_size__
 *fill*         0x0000000008006b34     0x94cc dead

.text           0x0000000008010000     0xa6a0
                0x0000000008010000                . = ALIGN (0x4)
                0x0000000008010000                __syscalls_flash_start__ = .
 *(freertos_system_calls)
 freertos_system_calls
                0x0000000008010000      0x57c build//home/user/wksp/renode_freertos/FreeRTOS/FreeRTOS/Source/portable/GCC/ARM_CM4_MPU/mpu_wrappers_v2_asm.o
                0x0000000008010000                MPU_vTaskDelay
                0x0000000008010014                MPU_xTaskDelayUntil
                0x0000000008010028                MPU_xTaskAbortDelay
                0x000000000801003c                MPU_uxTaskPriorityGet
                0x0000000008010050                MPU_eTaskGetState
                0x0000000008010064                MPU_vTaskGetInfo
                0x0000000008010078                MPU_vTaskSuspend
                0x000000000801008c                MPU_vTaskResume
                0x00000000080100a0                MPU_xTaskGetTickCount
                0x00000000080100b4                MPU_uxTaskGetNumberOfTasks
                0x00000000080100c8                MPU_uxTaskGetStackHighWaterMark
                0x00000000080100dc                MPU_vTaskSetApplicationTaskTag
                0x00000000080100f0                MPU_xTaskGetApplicationTaskTag
                0x0000000008010104                MPU_vTaskSetThreadLocalStoragePointer
                0x0000000008010118                MPU_pvTaskGetThreadLocalStoragePointer
                0x000000000801012c                MPU_xTaskGetIdleTaskHandle
                0x0000000008010140                MPU_uxTaskGetSystemState
                0x0000000008010154                MPU_ulTaskGetRunTimeCounter
                0x0000000008010168                MPU_ulTaskGetRunTimePercent
                0x000000000801017c                MPU_ulTaskGetIdleRunTimeCounter
                0x0000000008010190                MPU_ulTaskGetIdleRunTimePercent
                0x00000000080101a4                MPU_xTaskGenericNotifyEntry
                0x00000000080101b8                MPU_xTaskGenericNotifyWaitEntry
                0x00000000080101cc                MPU_ulTaskGenericNotifyTake
                0x00000000080101e0                MPU_xTaskGenericNotifyStateClear
                0x00000000080101f4                MPU_ulTaskGenericNotifyValueClear
                0x0000000008010208                MPU_vTaskSetTimeOutState
                0x000000000801021c                MPU_xTaskCheckForTimeOut
                0x0000000008010230                MPU_xTaskGetCurrentTaskHandle
                0x0000000008010244                MPU_xTaskGetSchedulerState
                0x0000000008010258                MPU_xQueueGenericSend
                0x000000000801026c                MPU_xQueueReceive
                0x0000000008010280                MPU_xQueuePeek
                0x0000000008010294                MPU_xQueueSemaphoreTake
                0x00000000080102a8                MPU_uxQueueMessagesWaiting
                0x00000000080102bc                MPU_uxQueueSpacesAvailable
                0x00000000080102d0                MPU_xQueueGetMutexHolder
                0x00000000080102e4                MPU_xQueueTakeMutexRecursive
                0x00000000080102f8                MPU_xQueueGiveMutexRecursive
                0x000000000801030c                MPU_vQueueAddToRegistry
                0x0000000008010320                MPU_vQueueUnregisterQueue
                0x0000000008010334                MPU_pcQueueGetName
                0x0000000008010348                MPU_xQueueAddToSet
                0x000000000801035c                MPU_xQueueSelectFromSet
                0x0000000008010370                MPU_pvTimerGetTimerID
                0x0000000008010384                MPU_vTimerSetTimerID
                0x0000000008010398                MPU_xTimerIsTimerActive
                0x00000000080103ac                MPU_xTimerGetTimerDaemonTaskHandle
                0x00000000080103c0                MPU_xTimerGenericCommandFromTaskEntry
                0x00000000080103d4                MPU_pcTimerGetName
                0x00000000080103e8                MPU_vTimerSetReloadMode
                0x00000000080103fc                MPU_xTimerGetReloadMode
                0x0000000008010410                MPU_uxTimerGetReloadMode
                0x0000000008010424                MPU_xTimerGetPeriod
                0x0000000008010438                MPU_xTimerGetExpiryTime
                0x000000000801044c                MPU_xEventGroupWaitBitsEntry
                0x0000000008010462                MPU_xEventGroupClearBits
                0x0000000008010478                MPU_xEventGroupSetBits
                0x000000000801048e                MPU_xEventGroupSync
                0x00000000080104a4                MPU_uxEventGroupGetNumber
                0x00000000080104b8                MPU_vEventGroupSetNumber
                0x00000000080104cc                MPU_xStreamBufferSend
                0x00000000080104e2                MPU_xStreamBufferReceive
                0x00000000080104f8                MPU_xStreamBufferIsFull
                0x000000000801050e                MPU_xStreamBufferIsEmpty
                0x0000000008010524                MPU_xStreamBufferSpacesAvailable
                0x000000000801053a                MPU_xStreamBufferBytesAvailable
                0x0000000008010550                MPU_xStreamBufferSetTriggerLevel
                0x0000000008010566                MPU_xStreamBufferNextMessageLengthBytes
 freertos_system_calls
                0x000000000801057c       0x6a build//home/user/wksp/renode_freertos/FreeRTOS/FreeRTOS/Source/portable/Common/mpu_wrappers_v2.o
                0x000000000801057c                MPU_xTaskGenericNotify
                0x0000000008010598                MPU_xTaskGenericNotifyWait
                0x00000000080105b2                MPU_xTimerGenericCommandFromTask
                0x00000000080105cc                MPU_xEventGroupWaitBits
                0x00000000080105e6                __syscalls_flash_end__ = .
                0x00000000080105e8                . = ALIGN (0x4)
 *fill*         0x00000000080105e6        0x2 
 *(.text)
 .text          0x00000000080105e8        0x0 build//home/user/wksp/renode_freertos/FreeRTOS/FreeRTOS/Demo/STM32F4_FreeRTOS/ST_Code/Core/Src/main.o
 .text          0x00000000080105e8        0x0 build//home/user/wksp/renode_freertos/FreeRTOS/FreeRTOS/Demo/STM32F4_FreeRTOS/ST_Code/Core/Src/stm32f4xx_hal_msp.o
 .text          0x00000000080105e8        0x0 build//home/user/wksp/renode_freertos/FreeRTOS/FreeRTOS/Demo/STM32F4_FreeRTOS/ST_Code/Core/Src/stm32f4xx_it.o
 .text          0x00000000080105e8        0x0 build//home/user/wksp/renode_freertos/FreeRTOS/FreeRTOS/Demo/STM32F4_FreeRTOS/ST_Code/Core/Src/system_stm32f4xx.o
 .text          0x00000000080105e8        0x0 build//home/user/wksp/renode_freertos/FreeRTOS/FreeRTOS/Demo/STM32F4_FreeRTOS/ST_Code/Drivers/STM32F4xx_HAL_Driver/Src/stm32f4xx_hal_adc.o
 .text          0x00000000080105e8        0x0 build//home/user/wksp/renode_freertos/FreeRTOS/FreeRTOS/Demo/STM32F4_FreeRTOS/ST_Code/Drivers/STM32F4xx_HAL_Driver/Src/stm32f4xx_hal_adc_ex.o
 .text          0x00000000080105e8        0x0 build//home/user/wksp/renode_freertos/FreeRTOS/FreeRTOS/Demo/STM32F4_FreeRTOS/ST_Code/Drivers/STM32F4xx_HAL_Driver/Src/stm32f4xx_hal.o
 .text          0x00000000080105e8        0x0 build//home/user/wksp/renode_freertos/FreeRTOS/FreeRTOS/Demo/STM32F4_FreeRTOS/ST_Code/Drivers/STM32F4xx_HAL_Driver/Src/stm32f4xx_hal_can.o
 .text          0x00000000080105e8        0x0 build//home/user/wksp/renode_freertos/FreeRTOS/FreeRTOS/Demo/STM32F4_FreeRTOS/ST_Code/Drivers/STM32F4xx_HAL_Driver/Src/stm32f4xx_hal_cec.o
 .text          0x00000000080105e8        0x0 build//home/user/wksp/renode_freertos/FreeRTOS/FreeRTOS/Demo/STM32F4_FreeRTOS/ST_Code/Drivers/STM32F4xx_HAL_Driver/Src/stm32f4xx_hal_cortex.o
 .text          0x00000000080105e8        0x0 build//home/user/wksp/renode_freertos/FreeRTOS/FreeRTOS/Demo/STM32F4_FreeRTOS/ST_Code/Drivers/STM32F4xx_HAL_Driver/Src/stm32f4xx_hal_crc.o
 .text          0x00000000080105e8        0x0 build//home/user/wksp/renode_freertos/FreeRTOS/FreeRTOS/Demo/STM32F4_FreeRTOS/ST_Code/Drivers/STM32F4xx_HAL_Driver/Src/stm32f4xx_hal_cryp.o
 .text          0x00000000080105e8        0x0 build//home/user/wksp/renode_freertos/FreeRTOS/FreeRTOS/Demo/STM32F4_FreeRTOS/ST_Code/Drivers/STM32F4xx_HAL_Driver/Src/stm32f4xx_hal_cryp_ex.o
 .text          0x00000000080105e8        0x0 build//home/user/wksp/renode_freertos/FreeRTOS/FreeRTOS/Demo/STM32F4_FreeRTOS/ST_Code/Drivers/STM32F4xx_HAL_Driver/Src/stm32f4xx_hal_dac.o
 .text          0x00000000080105e8        0x0 build//home/user/wksp/renode_freertos/FreeRTOS/FreeRTOS/Demo/STM32F4_FreeRTOS/ST_Code/Drivers/STM32F4xx_HAL_Driver/Src/stm32f4xx_hal_dac_ex.o
 .text          0x00000000080105e8        0x0 build//home/user/wksp/renode_freertos/FreeRTOS/FreeRTOS/Demo/STM32F4_FreeRTOS/ST_Code/Drivers/STM32F4xx_HAL_Driver/Src/stm32f4xx_hal_dcmi.o
 .text          0x00000000080105e8        0x0 build//home/user/wksp/renode_freertos/FreeRTOS/FreeRTOS/Demo/STM32F4_FreeRTOS/ST_Code/Drivers/STM32F4xx_HAL_Driver/Src/stm32f4xx_hal_dcmi_ex.o
 .text          0x00000000080105e8        0x0 build//home/user/wksp/renode_freertos/FreeRTOS/FreeRTOS/Demo/STM32F4_FreeRTOS/ST_Code/Drivers/STM32F4xx_HAL_Driver/Src/stm32f4xx_hal_dfsdm.o
 .text          0x00000000080105e8        0x0 build//home/user/wksp/renode_freertos/FreeRTOS/FreeRTOS/Demo/STM32F4_FreeRTOS/ST_Code/Drivers/STM32F4xx_HAL_Driver/Src/stm32f4xx_hal_dma2d.o
 .text          0x00000000080105e8        0x0 build//home/user/wksp/renode_freertos/FreeRTOS/FreeRTOS/Demo/STM32F4_FreeRTOS/ST_Code/Drivers/STM32F4xx_HAL_Driver/Src/stm32f4xx_hal_dma.o
 .text          0x00000000080105e8        0x0 build//home/user/wksp/renode_freertos/FreeRTOS/FreeRTOS/Demo/STM32F4_FreeRTOS/ST_Code/Drivers/STM32F4xx_HAL_Driver/Src/stm32f4xx_hal_dma_ex.o
 .text          0x00000000080105e8        0x0 build//home/user/wksp/renode_freertos/FreeRTOS/FreeRTOS/Demo/STM32F4_FreeRTOS/ST_Code/Drivers/STM32F4xx_HAL_Driver/Src/stm32f4xx_hal_dsi.o
 .text          0x00000000080105e8        0x0 build//home/user/wksp/renode_freertos/FreeRTOS/FreeRTOS/Demo/STM32F4_FreeRTOS/ST_Code/Drivers/STM32F4xx_HAL_Driver/Src/stm32f4xx_hal_eth.o
 .text          0x00000000080105e8        0x0 build//home/user/wksp/renode_freertos/FreeRTOS/FreeRTOS/Demo/STM32F4_FreeRTOS/ST_Code/Drivers/STM32F4xx_HAL_Driver/Src/stm32f4xx_hal_exti.o
 .text          0x00000000080105e8        0x0 build//home/user/wksp/renode_freertos/FreeRTOS/FreeRTOS/Demo/STM32F4_FreeRTOS/ST_Code/Drivers/STM32F4xx_HAL_Driver/Src/stm32f4xx_hal_flash.o
 .text          0x00000000080105e8        0x0 build//home/user/wksp/renode_freertos/FreeRTOS/FreeRTOS/Demo/STM32F4_FreeRTOS/ST_Code/Drivers/STM32F4xx_HAL_Driver/Src/stm32f4xx_hal_flash_ex.o
 .text          0x00000000080105e8        0x0 build//home/user/wksp/renode_freertos/FreeRTOS/FreeRTOS/Demo/STM32F4_FreeRTOS/ST_Code/Drivers/STM32F4xx_HAL_Driver/Src/stm32f4xx_hal_flash_ramfunc.o
 .text          0x00000000080105e8        0x0 build//home/user/wksp/renode_freertos/FreeRTOS/FreeRTOS/Demo/STM32F4_FreeRTOS/ST_Code/Drivers/STM32F4xx_HAL_Driver/Src/stm32f4xx_hal_fmpi2c.o
 .text          0x00000000080105e8        0x0 build//home/user/wksp/renode_freertos/FreeRTOS/FreeRTOS/Demo/STM32F4_FreeRTOS/ST_Code/Drivers/STM32F4xx_HAL_Driver/Src/stm32f4xx_hal_fmpi2c_ex.o
 .text          0x00000000080105e8        0x0 build//home/user/wksp/renode_freertos/FreeRTOS/FreeRTOS/Demo/STM32F4_FreeRTOS/ST_Code/Drivers/STM32F4xx_HAL_Driver/Src/stm32f4xx_hal_fmpsmbus.o
 .text          0x00000000080105e8        0x0 build//home/user/wksp/renode_freertos/FreeRTOS/FreeRTOS/Demo/STM32F4_FreeRTOS/ST_Code/Drivers/STM32F4xx_HAL_Driver/Src/stm32f4xx_hal_fmpsmbus_ex.o
 .text          0x00000000080105e8        0x0 build//home/user/wksp/renode_freertos/FreeRTOS/FreeRTOS/Demo/STM32F4_FreeRTOS/ST_Code/Drivers/STM32F4xx_HAL_Driver/Src/stm32f4xx_hal_gpio.o
 .text          0x00000000080105e8        0x0 build//home/user/wksp/renode_freertos/FreeRTOS/FreeRTOS/Demo/STM32F4_FreeRTOS/ST_Code/Drivers/STM32F4xx_HAL_Driver/Src/stm32f4xx_hal_hash.o
 .text          0x00000000080105e8        0x0 build//home/user/wksp/renode_freertos/FreeRTOS/FreeRTOS/Demo/STM32F4_FreeRTOS/ST_Code/Drivers/STM32F4xx_HAL_Driver/Src/stm32f4xx_hal_hash_ex.o
 .text          0x00000000080105e8        0x0 build//home/user/wksp/renode_freertos/FreeRTOS/FreeRTOS/Demo/STM32F4_FreeRTOS/ST_Code/Drivers/STM32F4xx_HAL_Driver/Src/stm32f4xx_hal_hcd.o
 .text          0x00000000080105e8        0x0 build//home/user/wksp/renode_freertos/FreeRTOS/FreeRTOS/Demo/STM32F4_FreeRTOS/ST_Code/Drivers/STM32F4xx_HAL_Driver/Src/stm32f4xx_hal_i2c.o
 .text          0x00000000080105e8        0x0 build//home/user/wksp/renode_freertos/FreeRTOS/FreeRTOS/Demo/STM32F4_FreeRTOS/ST_Code/Drivers/STM32F4xx_HAL_Driver/Src/stm32f4xx_hal_i2c_ex.o
 .text          0x00000000080105e8        0x0 build//home/user/wksp/renode_freertos/FreeRTOS/FreeRTOS/Demo/STM32F4_FreeRTOS/ST_Code/Drivers/STM32F4xx_HAL_Driver/Src/stm32f4xx_hal_i2s.o
 .text          0x00000000080105e8        0x0 build//home/user/wksp/renode_freertos/FreeRTOS/FreeRTOS/Demo/STM32F4_FreeRTOS/ST_Code/Drivers/STM32F4xx_HAL_Driver/Src/stm32f4xx_hal_i2s_ex.o
 .text          0x00000000080105e8        0x0 build//home/user/wksp/renode_freertos/FreeRTOS/FreeRTOS/Demo/STM32F4_FreeRTOS/ST_Code/Drivers/STM32F4xx_HAL_Driver/Src/stm32f4xx_hal_irda.o
 .text          0x00000000080105e8        0x0 build//home/user/wksp/renode_freertos/FreeRTOS/FreeRTOS/Demo/STM32F4_FreeRTOS/ST_Code/Drivers/STM32F4xx_HAL_Driver/Src/stm32f4xx_hal_iwdg.o
 .text          0x00000000080105e8        0x0 build//home/user/wksp/renode_freertos/FreeRTOS/FreeRTOS/Demo/STM32F4_FreeRTOS/ST_Code/Drivers/STM32F4xx_HAL_Driver/Src/stm32f4xx_hal_lptim.o
 .text          0x00000000080105e8        0x0 build//home/user/wksp/renode_freertos/FreeRTOS/FreeRTOS/Demo/STM32F4_FreeRTOS/ST_Code/Drivers/STM32F4xx_HAL_Driver/Src/stm32f4xx_hal_ltdc.o
 .text          0x00000000080105e8        0x0 build//home/user/wksp/renode_freertos/FreeRTOS/FreeRTOS/Demo/STM32F4_FreeRTOS/ST_Code/Drivers/STM32F4xx_HAL_Driver/Src/stm32f4xx_hal_ltdc_ex.o
 .text          0x00000000080105e8        0x0 build//home/user/wksp/renode_freertos/FreeRTOS/FreeRTOS/Demo/STM32F4_FreeRTOS/ST_Code/Drivers/STM32F4xx_HAL_Driver/Src/stm32f4xx_hal_mmc.o
 .text          0x00000000080105e8        0x0 build//home/user/wksp/renode_freertos/FreeRTOS/FreeRTOS/Demo/STM32F4_FreeRTOS/ST_Code/Drivers/STM32F4xx_HAL_Driver/Src/stm32f4xx_hal_msp_template.o
 .text          0x00000000080105e8        0x0 build//home/user/wksp/renode_freertos/FreeRTOS/FreeRTOS/Demo/STM32F4_FreeRTOS/ST_Code/Drivers/STM32F4xx_HAL_Driver/Src/stm32f4xx_hal_nand.o
 .text          0x00000000080105e8        0x0 build//home/user/wksp/renode_freertos/FreeRTOS/FreeRTOS/Demo/STM32F4_FreeRTOS/ST_Code/Drivers/STM32F4xx_HAL_Driver/Src/stm32f4xx_hal_nor.o
 .text          0x00000000080105e8        0x0 build//home/user/wksp/renode_freertos/FreeRTOS/FreeRTOS/Demo/STM32F4_FreeRTOS/ST_Code/Drivers/STM32F4xx_HAL_Driver/Src/stm32f4xx_hal_pccard.o
 .text          0x00000000080105e8        0x0 build//home/user/wksp/renode_freertos/FreeRTOS/FreeRTOS/Demo/STM32F4_FreeRTOS/ST_Code/Drivers/STM32F4xx_HAL_Driver/Src/stm32f4xx_hal_pcd.o
 .text          0x00000000080105e8        0x0 build//home/user/wksp/renode_freertos/FreeRTOS/FreeRTOS/Demo/STM32F4_FreeRTOS/ST_Code/Drivers/STM32F4xx_HAL_Driver/Src/stm32f4xx_hal_pcd_ex.o
 .text          0x00000000080105e8        0x0 build//home/user/wksp/renode_freertos/FreeRTOS/FreeRTOS/Demo/STM32F4_FreeRTOS/ST_Code/Drivers/STM32F4xx_HAL_Driver/Src/stm32f4xx_hal_pwr.o
 .text          0x00000000080105e8        0x0 build//home/user/wksp/renode_freertos/FreeRTOS/FreeRTOS/Demo/STM32F4_FreeRTOS/ST_Code/Drivers/STM32F4xx_HAL_Driver/Src/stm32f4xx_hal_pwr_ex.o
 .text          0x00000000080105e8        0x0 build//home/user/wksp/renode_freertos/FreeRTOS/FreeRTOS/Demo/STM32F4_FreeRTOS/ST_Code/Drivers/STM32F4xx_HAL_Driver/Src/stm32f4xx_hal_qspi.o
 .text          0x00000000080105e8        0x0 build//home/user/wksp/renode_freertos/FreeRTOS/FreeRTOS/Demo/STM32F4_FreeRTOS/ST_Code/Drivers/STM32F4xx_HAL_Driver/Src/stm32f4xx_hal_rcc.o
 .text          0x00000000080105e8        0x0 build//home/user/wksp/renode_freertos/FreeRTOS/FreeRTOS/Demo/STM32F4_FreeRTOS/ST_Code/Drivers/STM32F4xx_HAL_Driver/Src/stm32f4xx_hal_rcc_ex.o
 .text          0x00000000080105e8        0x0 build//home/user/wksp/renode_freertos/FreeRTOS/FreeRTOS/Demo/STM32F4_FreeRTOS/ST_Code/Drivers/STM32F4xx_HAL_Driver/Src/stm32f4xx_hal_rng.o
 .text          0x00000000080105e8        0x0 build//home/user/wksp/renode_freertos/FreeRTOS/FreeRTOS/Demo/STM32F4_FreeRTOS/ST_Code/Drivers/STM32F4xx_HAL_Driver/Src/stm32f4xx_hal_rtc.o
 .text          0x00000000080105e8        0x0 build//home/user/wksp/renode_freertos/FreeRTOS/FreeRTOS/Demo/STM32F4_FreeRTOS/ST_Code/Drivers/STM32F4xx_HAL_Driver/Src/stm32f4xx_hal_rtc_ex.o
 .text          0x00000000080105e8        0x0 build//home/user/wksp/renode_freertos/FreeRTOS/FreeRTOS/Demo/STM32F4_FreeRTOS/ST_Code/Drivers/STM32F4xx_HAL_Driver/Src/stm32f4xx_hal_sai.o
 .text          0x00000000080105e8        0x0 build//home/user/wksp/renode_freertos/FreeRTOS/FreeRTOS/Demo/STM32F4_FreeRTOS/ST_Code/Drivers/STM32F4xx_HAL_Driver/Src/stm32f4xx_hal_sai_ex.o
 .text          0x00000000080105e8        0x0 build//home/user/wksp/renode_freertos/FreeRTOS/FreeRTOS/Demo/STM32F4_FreeRTOS/ST_Code/Drivers/STM32F4xx_HAL_Driver/Src/stm32f4xx_hal_sd.o
 .text          0x00000000080105e8        0x0 build//home/user/wksp/renode_freertos/FreeRTOS/FreeRTOS/Demo/STM32F4_FreeRTOS/ST_Code/Drivers/STM32F4xx_HAL_Driver/Src/stm32f4xx_hal_sdram.o
 .text          0x00000000080105e8        0x0 build//home/user/wksp/renode_freertos/FreeRTOS/FreeRTOS/Demo/STM32F4_FreeRTOS/ST_Code/Drivers/STM32F4xx_HAL_Driver/Src/stm32f4xx_hal_smartcard.o
 .text          0x00000000080105e8        0x0 build//home/user/wksp/renode_freertos/FreeRTOS/FreeRTOS/Demo/STM32F4_FreeRTOS/ST_Code/Drivers/STM32F4xx_HAL_Driver/Src/stm32f4xx_hal_smbus.o
 .text          0x00000000080105e8        0x0 build//home/user/wksp/renode_freertos/FreeRTOS/FreeRTOS/Demo/STM32F4_FreeRTOS/ST_Code/Drivers/STM32F4xx_HAL_Driver/Src/stm32f4xx_hal_spdifrx.o
 .text          0x00000000080105e8        0x0 build//home/user/wksp/renode_freertos/FreeRTOS/FreeRTOS/Demo/STM32F4_FreeRTOS/ST_Code/Drivers/STM32F4xx_HAL_Driver/Src/stm32f4xx_hal_spi.o
 .text          0x00000000080105e8        0x0 build//home/user/wksp/renode_freertos/FreeRTOS/FreeRTOS/Demo/STM32F4_FreeRTOS/ST_Code/Drivers/STM32F4xx_HAL_Driver/Src/stm32f4xx_hal_sram.o
 .text          0x00000000080105e8        0x0 build//home/user/wksp/renode_freertos/FreeRTOS/FreeRTOS/Demo/STM32F4_FreeRTOS/ST_Code/Drivers/STM32F4xx_HAL_Driver/Src/stm32f4xx_hal_tim.o
 .text          0x00000000080105e8        0x0 build//home/user/wksp/renode_freertos/FreeRTOS/FreeRTOS/Demo/STM32F4_FreeRTOS/ST_Code/Drivers/STM32F4xx_HAL_Driver/Src/stm32f4xx_hal_tim_ex.o
 .text          0x00000000080105e8        0x0 build//home/user/wksp/renode_freertos/FreeRTOS/FreeRTOS/Demo/STM32F4_FreeRTOS/ST_Code/Drivers/STM32F4xx_HAL_Driver/Src/stm32f4xx_hal_uart.o
 .text          0x00000000080105e8        0x0 build//home/user/wksp/renode_freertos/FreeRTOS/FreeRTOS/Demo/STM32F4_FreeRTOS/ST_Code/Drivers/STM32F4xx_HAL_Driver/Src/stm32f4xx_hal_usart.o
 .text          0x00000000080105e8        0x0 build//home/user/wksp/renode_freertos/FreeRTOS/FreeRTOS/Demo/STM32F4_FreeRTOS/ST_Code/Drivers/STM32F4xx_HAL_Driver/Src/stm32f4xx_hal_wwdg.o
 .text          0x00000000080105e8        0x0 build//home/user/wksp/renode_freertos/FreeRTOS/FreeRTOS/Demo/STM32F4_FreeRTOS/ST_Code/Drivers/STM32F4xx_HAL_Driver/Src/stm32f4xx_ll_adc.o
 .text          0x00000000080105e8        0x0 build//home/user/wksp/renode_freertos/FreeRTOS/FreeRTOS/Demo/STM32F4_FreeRTOS/ST_Code/Drivers/STM32F4xx_HAL_Driver/Src/stm32f4xx_ll_crc.o
 .text          0x00000000080105e8        0x0 build//home/user/wksp/renode_freertos/FreeRTOS/FreeRTOS/Demo/STM32F4_FreeRTOS/ST_Code/Drivers/STM32F4xx_HAL_Driver/Src/stm32f4xx_ll_dac.o
 .text          0x00000000080105e8        0x0 build//home/user/wksp/renode_freertos/FreeRTOS/FreeRTOS/Demo/STM32F4_FreeRTOS/ST_Code/Drivers/STM32F4xx_HAL_Driver/Src/stm32f4xx_ll_dma2d.o
 .text          0x00000000080105e8        0x0 build//home/user/wksp/renode_freertos/FreeRTOS/FreeRTOS/Demo/STM32F4_FreeRTOS/ST_Code/Drivers/STM32F4xx_HAL_Driver/Src/stm32f4xx_ll_dma.o
 .text          0x00000000080105e8        0x0 build//home/user/wksp/renode_freertos/FreeRTOS/FreeRTOS/Demo/STM32F4_FreeRTOS/ST_Code/Drivers/STM32F4xx_HAL_Driver/Src/stm32f4xx_ll_exti.o
 .text          0x00000000080105e8        0x0 build//home/user/wksp/renode_freertos/FreeRTOS/FreeRTOS/Demo/STM32F4_FreeRTOS/ST_Code/Drivers/STM32F4xx_HAL_Driver/Src/stm32f4xx_ll_fmc.o
 .text          0x00000000080105e8        0x0 build//home/user/wksp/renode_freertos/FreeRTOS/FreeRTOS/Demo/STM32F4_FreeRTOS/ST_Code/Drivers/STM32F4xx_HAL_Driver/Src/stm32f4xx_ll_fmpi2c.o
 .text          0x00000000080105e8        0x0 build//home/user/wksp/renode_freertos/FreeRTOS/FreeRTOS/Demo/STM32F4_FreeRTOS/ST_Code/Drivers/STM32F4xx_HAL_Driver/Src/stm32f4xx_ll_fsmc.o
 .text          0x00000000080105e8        0x0 build//home/user/wksp/renode_freertos/FreeRTOS/FreeRTOS/Demo/STM32F4_FreeRTOS/ST_Code/Drivers/STM32F4xx_HAL_Driver/Src/stm32f4xx_ll_gpio.o
 .text          0x00000000080105e8        0x0 build//home/user/wksp/renode_freertos/FreeRTOS/FreeRTOS/Demo/STM32F4_FreeRTOS/ST_Code/Drivers/STM32F4xx_HAL_Driver/Src/stm32f4xx_ll_i2c.o
 .text          0x00000000080105e8        0x0 build//home/user/wksp/renode_freertos/FreeRTOS/FreeRTOS/Demo/STM32F4_FreeRTOS/ST_Code/Drivers/STM32F4xx_HAL_Driver/Src/stm32f4xx_ll_lptim.o
 .text          0x00000000080105e8        0x0 build//home/user/wksp/renode_freertos/FreeRTOS/FreeRTOS/Demo/STM32F4_FreeRTOS/ST_Code/Drivers/STM32F4xx_HAL_Driver/Src/stm32f4xx_ll_pwr.o
 .text          0x00000000080105e8        0x0 build//home/user/wksp/renode_freertos/FreeRTOS/FreeRTOS/Demo/STM32F4_FreeRTOS/ST_Code/Drivers/STM32F4xx_HAL_Driver/Src/stm32f4xx_ll_rcc.o
 .text          0x00000000080105e8        0x0 build//home/user/wksp/renode_freertos/FreeRTOS/FreeRTOS/Demo/STM32F4_FreeRTOS/ST_Code/Drivers/STM32F4xx_HAL_Driver/Src/stm32f4xx_ll_rng.o
 .text          0x00000000080105e8        0x0 build//home/user/wksp/renode_freertos/FreeRTOS/FreeRTOS/Demo/STM32F4_FreeRTOS/ST_Code/Drivers/STM32F4xx_HAL_Driver/Src/stm32f4xx_ll_rtc.o
 .text          0x00000000080105e8        0x0 build//home/user/wksp/renode_freertos/FreeRTOS/FreeRTOS/Demo/STM32F4_FreeRTOS/ST_Code/Drivers/STM32F4xx_HAL_Driver/Src/stm32f4xx_ll_sdmmc.o
 .text          0x00000000080105e8        0x0 build//home/user/wksp/renode_freertos/FreeRTOS/FreeRTOS/Demo/STM32F4_FreeRTOS/ST_Code/Drivers/STM32F4xx_HAL_Driver/Src/stm32f4xx_ll_spi.o
 .text          0x00000000080105e8        0x0 build//home/user/wksp/renode_freertos/FreeRTOS/FreeRTOS/Demo/STM32F4_FreeRTOS/ST_Code/Drivers/STM32F4xx_HAL_Driver/Src/stm32f4xx_ll_tim.o
 .text          0x00000000080105e8        0x0 build//home/user/wksp/renode_freertos/FreeRTOS/FreeRTOS/Demo/STM32F4_FreeRTOS/ST_Code/Drivers/STM32F4xx_HAL_Driver/Src/stm32f4xx_ll_usart.o
 .text          0x00000000080105e8        0x0 build//home/user/wksp/renode_freertos/FreeRTOS/FreeRTOS/Demo/STM32F4_FreeRTOS/ST_Code/Drivers/STM32F4xx_HAL_Driver/Src/stm32f4xx_ll_usb.o
 .text          0x00000000080105e8        0x0 build//home/user/wksp/renode_freertos/FreeRTOS/FreeRTOS/Demo/STM32F4_FreeRTOS/ST_Code/Drivers/STM32F4xx_HAL_Driver/Src/stm32f4xx_ll_utils.o
 .text          0x00000000080105e8        0x0 build//home/user/wksp/renode_freertos/FreeRTOS/FreeRTOS/Demo/STM32F4_FreeRTOS/ST_Code/Drivers/BSP/STM32F4-Discovery/stm32f4_discovery.o
 .text          0x00000000080105e8        0x0 build//home/user/wksp/renode_freertos/FreeRTOS/FreeRTOS/Source/portable/GCC/ARM_CM4_MPU/port.o
 .text          0x00000000080105e8        0x0 build//home/user/wksp/renode_freertos/FreeRTOS/FreeRTOS/Source/portable/GCC/ARM_CM4_MPU/mpu_wrappers_v2_asm.o
 .text          0x00000000080105e8        0x0 build//home/user/wksp/renode_freertos/FreeRTOS/FreeRTOS/Source/portable/Common/mpu_wrappers.o
 .text          0x00000000080105e8        0x0 build//home/user/wksp/renode_freertos/FreeRTOS/FreeRTOS/Source/portable/Common/mpu_wrappers_v2.o
 .text          0x00000000080105e8        0x0 build//home/user/wksp/renode_freertos/FreeRTOS/FreeRTOS/Source/tasks.o
 .text          0x00000000080105e8        0x0 build//home/user/wksp/renode_freertos/FreeRTOS/FreeRTOS/Source/list.o
 .text          0x00000000080105e8        0x0 build//home/user/wksp/renode_freertos/FreeRTOS/FreeRTOS/Source/queue.o
 .text          0x00000000080105e8        0x0 build//home/user/wksp/renode_freertos/FreeRTOS/FreeRTOS/Source/timers.o
 .text          0x00000000080105e8        0x0 build//home/user/wksp/renode_freertos/FreeRTOS/FreeRTOS/Source/event_groups.o
 .text          0x00000000080105e8        0x0 build//home/user/wksp/renode_freertos/FreeRTOS/FreeRTOS/Source/portable/MemMang/heap_4.o
 .text          0x00000000080105e8        0x0 build//home/user/wksp/renode_freertos/FreeRTOS/FreeRTOS/Source/stream_buffer.o
 .text          0x00000000080105e8        0x0 build/../../Demo/app_main.o
 .text          0x00000000080105e8        0x0 build/../../Demo/mpu_demo.o
 .text          0x00000000080105e8      0x134 /home/user/wksp/renode_freertos/gcc-arm-none-eabi-10-2020-q4-major-x86_64-linux/gcc-arm-none-eabi-10-2020-q4-major/bin/../lib/gcc/arm-none-eabi/10.2.1/../../../../arm-none-eabi/lib/thumb/v7e-m+fp/hard/libc.a(lib_a-memcpy.o)
                0x00000000080105e8                memcpy
 .text          0x000000000801071c        0x0 /home/user/wksp/renode_freertos/gcc-arm-none-eabi-10-2020-q4-major-x86_64-linux/gcc-arm-none-eabi-10-2020-q4-major/bin/../lib/gcc/arm-none-eabi/10.2.1/../../../../arm-none-eabi/lib/thumb/v7e-m+fp/hard/libc.a(lib_a-memset.o)
 *fill*         0x000000000801071c       0x24 
 .text          0x0000000008010740       0xdc /home/user/wksp/renode_freertos/gcc-arm-none-eabi-10-2020-q4-major-x86_64-linux/gcc-arm-none-eabi-10-2020-q4-major/bin/../lib/gcc/arm-none-eabi/10.2.1/../../../../arm-none-eabi/lib/thumb/v7e-m+fp/hard/libc.a(lib_a-strlen.o)
                0x0000000008010740                strlen
 .text          0x000000000801081c       0xa0 /home/user/wksp/renode_freertos/gcc-arm-none-eabi-10-2020-q4-major-x86_64-linux/gcc-arm-none-eabi-10-2020-q4-major/bin/../lib/gcc/arm-none-eabi/10.2.1/thumb/v7e-m+fp/hard/libgcc.a(_aeabi_ldivmod.o)
                0x000000000801081c                __aeabi_ldivmod
 .text          0x00000000080108bc       0x30 /home/user/wksp/renode_freertos/gcc-arm-none-eabi-10-2020-q4-major-x86_64-linux/gcc-arm-none-eabi-10-2020-q4-major/bin/../lib/gcc/arm-none-eabi/10.2.1/thumb/v7e-m+fp/hard/libgcc.a(_aeabi_uldivmod.o)
                0x00000000080108bc                __aeabi_uldivmod
 .text          0x00000000080108ec      0x2d0 /home/user/wksp/renode_freertos/gcc-arm-none-eabi-10-2020-q4-major-x86_64-linux/gcc-arm-none-eabi-10-2020-q4-major/bin/../lib/gcc/arm-none-eabi/10.2.1/thumb/v7e-m+fp/hard/libgcc.a(_udivmoddi4.o)
                0x00000000080108ec                __udivmoddi4
 .text          0x0000000008010bbc        0x4 /home/user/wksp/renode_freertos/gcc-arm-none-eabi-10-2020-q4-major-x86_64-linux/gcc-arm-none-eabi-10-2020-q4-major/bin/../lib/gcc/arm-none-eabi/10.2.1/thumb/v7e-m+fp/hard/libgcc.a(_dvmd_tls.o)
                0x0000000008010bbc                __aeabi_ldiv0
                0x0000000008010bbc                __aeabi_idiv0
 *(.text*)
 .text.startup.main
                0x0000000008010bc0      0x120 build//home/user/wksp/renode_freertos/FreeRTOS/FreeRTOS/Demo/STM32F4_FreeRTOS/ST_Code/Core/Src/main.o
                0x0000000008010bc0                main
 .text.HAL_ADC_ConvCpltCallback
                0x0000000008010ce0        0x6 build//home/user/wksp/renode_freertos/FreeRTOS/FreeRTOS/Demo/STM32F4_FreeRTOS/ST_Code/Core/Src/main.o
                0x0000000008010ce0                HAL_ADC_ConvCpltCallback
 *fill*         0x0000000008010ce6        0x2 
 .text.HAL_ADC_MspInit
                0x0000000008010ce8       0xb8 build//home/user/wksp/renode_freertos/FreeRTOS/FreeRTOS/Demo/STM32F4_FreeRTOS/ST_Code/Core/Src/stm32f4xx_hal_msp.o
                0x0000000008010ce8                HAL_ADC_MspInit
 .text.HAL_ADC_MspDeInit
                0x0000000008010da0       0x38 build//home/user/wksp/renode_freertos/FreeRTOS/FreeRTOS/Demo/STM32F4_FreeRTOS/ST_Code/Core/Src/stm32f4xx_hal_msp.o
                0x0000000008010da0                HAL_ADC_MspDeInit
 .text.NMI_Handler
                0x0000000008010dd8        0x2 build//home/user/wksp/renode_freertos/FreeRTOS/FreeRTOS/Demo/STM32F4_FreeRTOS/ST_Code/Core/Src/stm32f4xx_it.o
                0x0000000008010dd8                NMI_Handler
 .text.HardFault_Handler
                0x0000000008010dda        0x2 build//home/user/wksp/renode_freertos/FreeRTOS/FreeRTOS/Demo/STM32F4_FreeRTOS/ST_Code/Core/Src/stm32f4xx_it.o
                0x0000000008010dda                HardFault_Handler
 .text.MemManage_Handler
                0x0000000008010ddc        0x2 build//home/user/wksp/renode_freertos/FreeRTOS/FreeRTOS/Demo/STM32F4_FreeRTOS/ST_Code/Core/Src/stm32f4xx_it.o
                0x0000000008010ddc                MemManage_Handler
 .text.BusFault_Handler
                0x0000000008010dde        0x2 build//home/user/wksp/renode_freertos/FreeRTOS/FreeRTOS/Demo/STM32F4_FreeRTOS/ST_Code/Core/Src/stm32f4xx_it.o
                0x0000000008010dde                BusFault_Handler
 .text.UsageFault_Handler
                0x0000000008010de0        0x2 build//home/user/wksp/renode_freertos/FreeRTOS/FreeRTOS/Demo/STM32F4_FreeRTOS/ST_Code/Core/Src/stm32f4xx_it.o
                0x0000000008010de0                UsageFault_Handler
 .text.DebugMon_Handler
                0x0000000008010de2        0x2 build//home/user/wksp/renode_freertos/FreeRTOS/FreeRTOS/Demo/STM32F4_FreeRTOS/ST_Code/Core/Src/stm32f4xx_it.o
                0x0000000008010de2                DebugMon_Handler
 .text.DMA2_Stream0_IRQHandler
                0x0000000008010de4        0xc build//home/user/wksp/renode_freertos/FreeRTOS/FreeRTOS/Demo/STM32F4_FreeRTOS/ST_Code/Core/Src/stm32f4xx_it.o
                0x0000000008010de4                DMA2_Stream0_IRQHandler
 .text.SystemInit
                0x0000000008010df0       0x4c build//home/user/wksp/renode_freertos/FreeRTOS/FreeRTOS/Demo/STM32F4_FreeRTOS/ST_Code/Core/Src/system_stm32f4xx.o
                0x0000000008010df0                SystemInit
 .text.SystemCoreClockUpdate
                0x0000000008010e3c       0x74 build//home/user/wksp/renode_freertos/FreeRTOS/FreeRTOS/Demo/STM32F4_FreeRTOS/ST_Code/Core/Src/system_stm32f4xx.o
                0x0000000008010e3c                SystemCoreClockUpdate
 .text.HAL_ADC_MspInit
                0x0000000008010eb0        0x2 build//home/user/wksp/renode_freertos/FreeRTOS/FreeRTOS/Demo/STM32F4_FreeRTOS/ST_Code/Drivers/STM32F4xx_HAL_Driver/Src/stm32f4xx_hal_adc.o
 *fill*         0x0000000008010eb2        0x2 
 .text.HAL_ADC_Init
                0x0000000008010eb4      0x14c build//home/user/wksp/renode_freertos/FreeRTOS/FreeRTOS/Demo/STM32F4_FreeRTOS/ST_Code/Drivers/STM32F4xx_HAL_Driver/Src/stm32f4xx_hal_adc.o
                0x0000000008010eb4                HAL_ADC_Init
 .text.HAL_ADC_MspDeInit
                0x0000000008011000        0x2 build//home/user/wksp/renode_freertos/FreeRTOS/FreeRTOS/Demo/STM32F4_FreeRTOS/ST_Code/Drivers/STM32F4xx_HAL_Driver/Src/stm32f4xx_hal_adc.o
 .text.HAL_ADC_DeInit
                0x0000000008011002       0x34 build//home/user/wksp/renode_freertos/FreeRTOS/FreeRTOS/Demo/STM32F4_FreeRTOS/ST_Code/Drivers/STM32F4xx_HAL_Driver/Src/stm32f4xx_hal_adc.o
                0x0000000008011002                HAL_ADC_DeInit
 *fill*         0x0000000008011036        0x2 
 .text.HAL_ADC_Start
                0x0000000008011038      0x108 build//home/user/wksp/renode_freertos/FreeRTOS/FreeRTOS/Demo/STM32F4_FreeRTOS/ST_Code/Drivers/STM32F4xx_HAL_Driver/Src/stm32f4xx_hal_adc.o
                0x0000000008011038                HAL_ADC_Start
 .text.HAL_ADC_Stop
                0x0000000008011140       0x36 build//home/user/wksp/renode_freertos/FreeRTOS/FreeRTOS/Demo/STM32F4_FreeRTOS/ST_Code/Drivers/STM32F4xx_HAL_Driver/Src/stm32f4xx_hal_adc.o
                0x0000000008011140                HAL_ADC_Stop
 .text.HAL_ADC_PollForConversion
                0x0000000008011176       0xa6 build//home/user/wksp/renode_freertos/FreeRTOS/FreeRTOS/Demo/STM32F4_FreeRTOS/ST_Code/Drivers/STM32F4xx_HAL_Driver/Src/stm32f4xx_hal_adc.o
                0x0000000008011176                HAL_ADC_PollForConversion
 .text.HAL_ADC_PollForEvent
                0x000000000801121c       0x70 build//home/user/wksp/renode_freertos/FreeRTOS/FreeRTOS/Demo/STM32F4_FreeRTOS/ST_Code/Drivers/STM32F4xx_HAL_Driver/Src/stm32f4xx_hal_adc.o
                0x000000000801121c                HAL_ADC_PollForEvent
 .text.HAL_ADC_Start_IT
                0x000000000801128c      0x114 build//home/user/wksp/renode_freertos/FreeRTOS/FreeRTOS/Demo/STM32F4_FreeRTOS/ST_Code/Drivers/STM32F4xx_HAL_Driver/Src/stm32f4xx_hal_adc.o
                0x000000000801128c                HAL_ADC_Start_IT
 .text.HAL_ADC_Stop_IT
                0x00000000080113a0       0x48 build//home/user/wksp/renode_freertos/FreeRTOS/FreeRTOS/Demo/STM32F4_FreeRTOS/ST_Code/Drivers/STM32F4xx_HAL_Driver/Src/stm32f4xx_hal_adc.o
                0x00000000080113a0                HAL_ADC_Stop_IT
 .text.HAL_ADC_Start_DMA
                0x00000000080113e8      0x148 build//home/user/wksp/renode_freertos/FreeRTOS/FreeRTOS/Demo/STM32F4_FreeRTOS/ST_Code/Drivers/STM32F4xx_HAL_Driver/Src/stm32f4xx_hal_adc.o
                0x00000000080113e8                HAL_ADC_Start_DMA
 .text.HAL_ADC_Stop_DMA
                0x0000000008011530       0x72 build//home/user/wksp/renode_freertos/FreeRTOS/FreeRTOS/Demo/STM32F4_FreeRTOS/ST_Code/Drivers/STM32F4xx_HAL_Driver/Src/stm32f4xx_hal_adc.o
                0x0000000008011530                HAL_ADC_Stop_DMA
 .text.HAL_ADC_GetValue
                0x00000000080115a2        0x6 build//home/user/wksp/renode_freertos/FreeRTOS/FreeRTOS/Demo/STM32F4_FreeRTOS/ST_Code/Drivers/STM32F4xx_HAL_Driver/Src/stm32f4xx_hal_adc.o
                0x00000000080115a2                HAL_ADC_GetValue
 .text.HAL_ADC_ConvCpltCallback
                0x00000000080115a8        0x2 build//home/user/wksp/renode_freertos/FreeRTOS/FreeRTOS/Demo/STM32F4_FreeRTOS/ST_Code/Drivers/STM32F4xx_HAL_Driver/Src/stm32f4xx_hal_adc.o
 .text.HAL_ADC_ConvHalfCpltCallback
                0x00000000080115aa        0x2 build//home/user/wksp/renode_freertos/FreeRTOS/FreeRTOS/Demo/STM32F4_FreeRTOS/ST_Code/Drivers/STM32F4xx_HAL_Driver/Src/stm32f4xx_hal_adc.o
                0x00000000080115aa                HAL_ADC_ConvHalfCpltCallback
 .text.ADC_DMAHalfConvCplt
                0x00000000080115ac        0xa build//home/user/wksp/renode_freertos/FreeRTOS/FreeRTOS/Demo/STM32F4_FreeRTOS/ST_Code/Drivers/STM32F4xx_HAL_Driver/Src/stm32f4xx_hal_adc.o
 .text.HAL_ADC_LevelOutOfWindowCallback
                0x00000000080115b6        0x2 build//home/user/wksp/renode_freertos/FreeRTOS/FreeRTOS/Demo/STM32F4_FreeRTOS/ST_Code/Drivers/STM32F4xx_HAL_Driver/Src/stm32f4xx_hal_adc.o
                0x00000000080115b6                HAL_ADC_LevelOutOfWindowCallback
 .text.HAL_ADC_ErrorCallback
                0x00000000080115b8        0x2 build//home/user/wksp/renode_freertos/FreeRTOS/FreeRTOS/Demo/STM32F4_FreeRTOS/ST_Code/Drivers/STM32F4xx_HAL_Driver/Src/stm32f4xx_hal_adc.o
                0x00000000080115b8                HAL_ADC_ErrorCallback
 .text.HAL_ADC_IRQHandler
                0x00000000080115ba      0x11c build//home/user/wksp/renode_freertos/FreeRTOS/FreeRTOS/Demo/STM32F4_FreeRTOS/ST_Code/Drivers/STM32F4xx_HAL_Driver/Src/stm32f4xx_hal_adc.o
                0x00000000080115ba                HAL_ADC_IRQHandler
 .text.ADC_DMAError
                0x00000000080116d6       0x16 build//home/user/wksp/renode_freertos/FreeRTOS/FreeRTOS/Demo/STM32F4_FreeRTOS/ST_Code/Drivers/STM32F4xx_HAL_Driver/Src/stm32f4xx_hal_adc.o
 .text.ADC_DMAConvCplt
                0x00000000080116ec       0x6c build//home/user/wksp/renode_freertos/FreeRTOS/FreeRTOS/Demo/STM32F4_FreeRTOS/ST_Code/Drivers/STM32F4xx_HAL_Driver/Src/stm32f4xx_hal_adc.o
 .text.HAL_ADC_ConfigChannel
                0x0000000008011758      0x124 build//home/user/wksp/renode_freertos/FreeRTOS/FreeRTOS/Demo/STM32F4_FreeRTOS/ST_Code/Drivers/STM32F4xx_HAL_Driver/Src/stm32f4xx_hal_adc.o
                0x0000000008011758                HAL_ADC_ConfigChannel
 .text.HAL_ADC_AnalogWDGConfig
                0x000000000801187c       0x5e build//home/user/wksp/renode_freertos/FreeRTOS/FreeRTOS/Demo/STM32F4_FreeRTOS/ST_Code/Drivers/STM32F4xx_HAL_Driver/Src/stm32f4xx_hal_adc.o
                0x000000000801187c                HAL_ADC_AnalogWDGConfig
 .text.HAL_ADC_GetState
                0x00000000080118da        0x4 build//home/user/wksp/renode_freertos/FreeRTOS/FreeRTOS/Demo/STM32F4_FreeRTOS/ST_Code/Drivers/STM32F4xx_HAL_Driver/Src/stm32f4xx_hal_adc.o
                0x00000000080118da                HAL_ADC_GetState
 .text.HAL_ADC_GetError
                0x00000000080118de        0x4 build//home/user/wksp/renode_freertos/FreeRTOS/FreeRTOS/Demo/STM32F4_FreeRTOS/ST_Code/Drivers/STM32F4xx_HAL_Driver/Src/stm32f4xx_hal_adc.o
                0x00000000080118de                HAL_ADC_GetError
 .text.ADC_MultiModeDMAError
                0x00000000080118e2       0x12 build//home/user/wksp/renode_freertos/FreeRTOS/FreeRTOS/Demo/STM32F4_FreeRTOS/ST_Code/Drivers/STM32F4xx_HAL_Driver/Src/stm32f4xx_hal_adc_ex.o
 .text.ADC_MultiModeDMAHalfConvCplt
                0x00000000080118f4        0x6 build//home/user/wksp/renode_freertos/FreeRTOS/FreeRTOS/Demo/STM32F4_FreeRTOS/ST_Code/Drivers/STM32F4xx_HAL_Driver/Src/stm32f4xx_hal_adc_ex.o
 .text.ADC_MultiModeDMAConvCplt
                0x00000000080118fa       0x58 build//home/user/wksp/renode_freertos/FreeRTOS/FreeRTOS/Demo/STM32F4_FreeRTOS/ST_Code/Drivers/STM32F4xx_HAL_Driver/Src/stm32f4xx_hal_adc_ex.o
 *fill*         0x0000000008011952        0x2 
 .text.HAL_ADCEx_InjectedStart
                0x0000000008011954       0xe0 build//home/user/wksp/renode_freertos/FreeRTOS/FreeRTOS/Demo/STM32F4_FreeRTOS/ST_Code/Drivers/STM32F4xx_HAL_Driver/Src/stm32f4xx_hal_adc_ex.o
                0x0000000008011954                HAL_ADCEx_InjectedStart
 .text.HAL_ADCEx_InjectedStart_IT
                0x0000000008011a34       0xe8 build//home/user/wksp/renode_freertos/FreeRTOS/FreeRTOS/Demo/STM32F4_FreeRTOS/ST_Code/Drivers/STM32F4xx_HAL_Driver/Src/stm32f4xx_hal_adc_ex.o
                0x0000000008011a34                HAL_ADCEx_InjectedStart_IT
 .text.HAL_ADCEx_InjectedStop
                0x0000000008011b1c       0x5a build//home/user/wksp/renode_freertos/FreeRTOS/FreeRTOS/Demo/STM32F4_FreeRTOS/ST_Code/Drivers/STM32F4xx_HAL_Driver/Src/stm32f4xx_hal_adc_ex.o
                0x0000000008011b1c                HAL_ADCEx_InjectedStop
 .text.HAL_ADCEx_InjectedPollForConversion
                0x0000000008011b76       0x90 build//home/user/wksp/renode_freertos/FreeRTOS/FreeRTOS/Demo/STM32F4_FreeRTOS/ST_Code/Drivers/STM32F4xx_HAL_Driver/Src/stm32f4xx_hal_adc_ex.o
                0x0000000008011b76                HAL_ADCEx_InjectedPollForConversion
 .text.HAL_ADCEx_InjectedStop_IT
                0x0000000008011c06       0x62 build//home/user/wksp/renode_freertos/FreeRTOS/FreeRTOS/Demo/STM32F4_FreeRTOS/ST_Code/Drivers/STM32F4xx_HAL_Driver/Src/stm32f4xx_hal_adc_ex.o
                0x0000000008011c06                HAL_ADCEx_InjectedStop_IT
 .text.HAL_ADCEx_InjectedGetValue
                0x0000000008011c68       0x32 build//home/user/wksp/renode_freertos/FreeRTOS/FreeRTOS/Demo/STM32F4_FreeRTOS/ST_Code/Drivers/STM32F4xx_HAL_Driver/Src/stm32f4xx_hal_adc_ex.o
                0x0000000008011c68                HAL_ADCEx_InjectedGetValue
 *fill*         0x0000000008011c9a        0x2 
 .text.HAL_ADCEx_MultiModeStart_DMA
                0x0000000008011c9c      0x10c build//home/user/wksp/renode_freertos/FreeRTOS/FreeRTOS/Demo/STM32F4_FreeRTOS/ST_Code/Drivers/STM32F4xx_HAL_Driver/Src/stm32f4xx_hal_adc_ex.o
                0x0000000008011c9c                HAL_ADCEx_MultiModeStart_DMA
 .text.HAL_ADCEx_MultiModeStop_DMA
                0x0000000008011da8       0x60 build//home/user/wksp/renode_freertos/FreeRTOS/FreeRTOS/Demo/STM32F4_FreeRTOS/ST_Code/Drivers/STM32F4xx_HAL_Driver/Src/stm32f4xx_hal_adc_ex.o
                0x0000000008011da8                HAL_ADCEx_MultiModeStop_DMA
 .text.HAL_ADCEx_MultiModeGetValue
                0x0000000008011e08        0xc build//home/user/wksp/renode_freertos/FreeRTOS/FreeRTOS/Demo/STM32F4_FreeRTOS/ST_Code/Drivers/STM32F4xx_HAL_Driver/Src/stm32f4xx_hal_adc_ex.o
                0x0000000008011e08                HAL_ADCEx_MultiModeGetValue
 .text.HAL_ADCEx_InjectedConvCpltCallback
                0x0000000008011e14        0x2 build//home/user/wksp/renode_freertos/FreeRTOS/FreeRTOS/Demo/STM32F4_FreeRTOS/ST_Code/Drivers/STM32F4xx_HAL_Driver/Src/stm32f4xx_hal_adc_ex.o
                0x0000000008011e14                HAL_ADCEx_InjectedConvCpltCallback
 *fill*         0x0000000008011e16        0x2 
 .text.HAL_ADCEx_InjectedConfigChannel
                0x0000000008011e18      0x194 build//home/user/wksp/renode_freertos/FreeRTOS/FreeRTOS/Demo/STM32F4_FreeRTOS/ST_Code/Drivers/STM32F4xx_HAL_Driver/Src/stm32f4xx_hal_adc_ex.o
                0x0000000008011e18                HAL_ADCEx_InjectedConfigChannel
 .text.HAL_ADCEx_MultiModeConfigChannel
                0x0000000008011fac       0x50 build//home/user/wksp/renode_freertos/FreeRTOS/FreeRTOS/Demo/STM32F4_FreeRTOS/ST_Code/Drivers/STM32F4xx_HAL_Driver/Src/stm32f4xx_hal_adc_ex.o
                0x0000000008011fac                HAL_ADCEx_MultiModeConfigChannel
 .text.HAL_MspInit
                0x0000000008011ffc        0x2 build//home/user/wksp/renode_freertos/FreeRTOS/FreeRTOS/Demo/STM32F4_FreeRTOS/ST_Code/Drivers/STM32F4xx_HAL_Driver/Src/stm32f4xx_hal.o
 .text.HAL_MspDeInit
                0x0000000008011ffe        0x2 build//home/user/wksp/renode_freertos/FreeRTOS/FreeRTOS/Demo/STM32F4_FreeRTOS/ST_Code/Drivers/STM32F4xx_HAL_Driver/Src/stm32f4xx_hal.o
 .text.HAL_DeInit
                0x0000000008012000       0x3c build//home/user/wksp/renode_freertos/FreeRTOS/FreeRTOS/Demo/STM32F4_FreeRTOS/ST_Code/Drivers/STM32F4xx_HAL_Driver/Src/stm32f4xx_hal.o
                0x0000000008012000                HAL_DeInit
 .text.HAL_InitTick
                0x000000000801203c       0x48 build//home/user/wksp/renode_freertos/FreeRTOS/FreeRTOS/Demo/STM32F4_FreeRTOS/ST_Code/Drivers/STM32F4xx_HAL_Driver/Src/stm32f4xx_hal.o
                0x000000000801203c                HAL_InitTick
 .text.HAL_Init
                0x0000000008012084       0x2c build//home/user/wksp/renode_freertos/FreeRTOS/FreeRTOS/Demo/STM32F4_FreeRTOS/ST_Code/Drivers/STM32F4xx_HAL_Driver/Src/stm32f4xx_hal.o
                0x0000000008012084                HAL_Init
 .text.HAL_IncTick
                0x00000000080120b0       0x18 build//home/user/wksp/renode_freertos/FreeRTOS/FreeRTOS/Demo/STM32F4_FreeRTOS/ST_Code/Drivers/STM32F4xx_HAL_Driver/Src/stm32f4xx_hal.o
                0x00000000080120b0                HAL_IncTick
 .text.HAL_GetTick
                0x00000000080120c8        0xc build//home/user/wksp/renode_freertos/FreeRTOS/FreeRTOS/Demo/STM32F4_FreeRTOS/ST_Code/Drivers/STM32F4xx_HAL_Driver/Src/stm32f4xx_hal.o
                0x00000000080120c8                HAL_GetTick
 .text.HAL_GetTickPrio
                0x00000000080120d4        0xc build//home/user/wksp/renode_freertos/FreeRTOS/FreeRTOS/Demo/STM32F4_FreeRTOS/ST_Code/Drivers/STM32F4xx_HAL_Driver/Src/stm32f4xx_hal.o
                0x00000000080120d4                HAL_GetTickPrio
 .text.HAL_SetTickFreq
                0x00000000080120e0       0x28 build//home/user/wksp/renode_freertos/FreeRTOS/FreeRTOS/Demo/STM32F4_FreeRTOS/ST_Code/Drivers/STM32F4xx_HAL_Driver/Src/stm32f4xx_hal.o
                0x00000000080120e0                HAL_SetTickFreq
 .text.HAL_GetTickFreq
                0x0000000008012108        0xc build//home/user/wksp/renode_freertos/FreeRTOS/FreeRTOS/Demo/STM32F4_FreeRTOS/ST_Code/Drivers/STM32F4xx_HAL_Driver/Src/stm32f4xx_hal.o
                0x0000000008012108                HAL_GetTickFreq
 .text.HAL_Delay
                0x0000000008012114       0x28 build//home/user/wksp/renode_freertos/FreeRTOS/FreeRTOS/Demo/STM32F4_FreeRTOS/ST_Code/Drivers/STM32F4xx_HAL_Driver/Src/stm32f4xx_hal.o
                0x0000000008012114                HAL_Delay
 .text.HAL_SuspendTick
                0x000000000801213c        0xe build//home/user/wksp/renode_freertos/FreeRTOS/FreeRTOS/Demo/STM32F4_FreeRTOS/ST_Code/Drivers/STM32F4xx_HAL_Driver/Src/stm32f4xx_hal.o
                0x000000000801213c                HAL_SuspendTick
 .text.HAL_ResumeTick
                0x000000000801214a        0xe build//home/user/wksp/renode_freertos/FreeRTOS/FreeRTOS/Demo/STM32F4_FreeRTOS/ST_Code/Drivers/STM32F4xx_HAL_Driver/Src/stm32f4xx_hal.o
                0x000000000801214a                HAL_ResumeTick
 .text.HAL_GetHalVersion
                0x0000000008012158        0x8 build//home/user/wksp/renode_freertos/FreeRTOS/FreeRTOS/Demo/STM32F4_FreeRTOS/ST_Code/Drivers/STM32F4xx_HAL_Driver/Src/stm32f4xx_hal.o
                0x0000000008012158                HAL_GetHalVersion
 .text.HAL_GetREVID
                0x0000000008012160        0xc build//home/user/wksp/renode_freertos/FreeRTOS/FreeRTOS/Demo/STM32F4_FreeRTOS/ST_Code/Drivers/STM32F4xx_HAL_Driver/Src/stm32f4xx_hal.o
                0x0000000008012160                HAL_GetREVID
 .text.HAL_GetDEVID
                0x000000000801216c       0x10 build//home/user/wksp/renode_freertos/FreeRTOS/FreeRTOS/Demo/STM32F4_FreeRTOS/ST_Code/Drivers/STM32F4xx_HAL_Driver/Src/stm32f4xx_hal.o
                0x000000000801216c                HAL_GetDEVID
 .text.HAL_DBGMCU_EnableDBGSleepMode
                0x000000000801217c       0x10 build//home/user/wksp/renode_freertos/FreeRTOS/FreeRTOS/Demo/STM32F4_FreeRTOS/ST_Code/Drivers/STM32F4xx_HAL_Driver/Src/stm32f4xx_hal.o
                0x000000000801217c                HAL_DBGMCU_EnableDBGSleepMode
 .text.HAL_DBGMCU_DisableDBGSleepMode
                0x000000000801218c       0x10 build//home/user/wksp/renode_freertos/FreeRTOS/FreeRTOS/Demo/STM32F4_FreeRTOS/ST_Code/Drivers/STM32F4xx_HAL_Driver/Src/stm32f4xx_hal.o
                0x000000000801218c                HAL_DBGMCU_DisableDBGSleepMode
 .text.HAL_DBGMCU_EnableDBGStopMode
                0x000000000801219c       0x10 build//home/user/wksp/renode_freertos/FreeRTOS/FreeRTOS/Demo/STM32F4_FreeRTOS/ST_Code/Drivers/STM32F4xx_HAL_Driver/Src/stm32f4xx_hal.o
                0x000000000801219c                HAL_DBGMCU_EnableDBGStopMode
 .text.HAL_DBGMCU_DisableDBGStopMode
                0x00000000080121ac       0x10 build//home/user/wksp/renode_freertos/FreeRTOS/FreeRTOS/Demo/STM32F4_FreeRTOS/ST_Code/Drivers/STM32F4xx_HAL_Driver/Src/stm32f4xx_hal.o
                0x00000000080121ac                HAL_DBGMCU_DisableDBGStopMode
 .text.HAL_DBGMCU_EnableDBGStandbyMode
                0x00000000080121bc       0x10 build//home/user/wksp/renode_freertos/FreeRTOS/FreeRTOS/Demo/STM32F4_FreeRTOS/ST_Code/Drivers/STM32F4xx_HAL_Driver/Src/stm32f4xx_hal.o
                0x00000000080121bc                HAL_DBGMCU_EnableDBGStandbyMode
 .text.HAL_DBGMCU_DisableDBGStandbyMode
                0x00000000080121cc       0x10 build//home/user/wksp/renode_freertos/FreeRTOS/FreeRTOS/Demo/STM32F4_FreeRTOS/ST_Code/Drivers/STM32F4xx_HAL_Driver/Src/stm32f4xx_hal.o
                0x00000000080121cc                HAL_DBGMCU_DisableDBGStandbyMode
 .text.HAL_EnableCompensationCell
                0x00000000080121dc       0x10 build//home/user/wksp/renode_freertos/FreeRTOS/FreeRTOS/Demo/STM32F4_FreeRTOS/ST_Code/Drivers/STM32F4xx_HAL_Driver/Src/stm32f4xx_hal.o
                0x00000000080121dc                HAL_EnableCompensationCell
 .text.HAL_DisableCompensationCell
                0x00000000080121ec       0x10 build//home/user/wksp/renode_freertos/FreeRTOS/FreeRTOS/Demo/STM32F4_FreeRTOS/ST_Code/Drivers/STM32F4xx_HAL_Driver/Src/stm32f4xx_hal.o
                0x00000000080121ec                HAL_DisableCompensationCell
 .text.HAL_GetUIDw0
                0x00000000080121fc        0xc build//home/user/wksp/renode_freertos/FreeRTOS/FreeRTOS/Demo/STM32F4_FreeRTOS/ST_Code/Drivers/STM32F4xx_HAL_Driver/Src/stm32f4xx_hal.o
                0x00000000080121fc                HAL_GetUIDw0
 .text.HAL_GetUIDw1
                0x0000000008012208        0xc build//home/user/wksp/renode_freertos/FreeRTOS/FreeRTOS/Demo/STM32F4_FreeRTOS/ST_Code/Drivers/STM32F4xx_HAL_Driver/Src/stm32f4xx_hal.o
                0x0000000008012208                HAL_GetUIDw1
 .text.HAL_GetUIDw2
                0x0000000008012214        0xc build//home/user/wksp/renode_freertos/FreeRTOS/FreeRTOS/Demo/STM32F4_FreeRTOS/ST_Code/Drivers/STM32F4xx_HAL_Driver/Src/stm32f4xx_hal.o
                0x0000000008012214                HAL_GetUIDw2
 .text.HAL_NVIC_SetPriorityGrouping
                0x0000000008012220       0x24 build//home/user/wksp/renode_freertos/FreeRTOS/FreeRTOS/Demo/STM32F4_FreeRTOS/ST_Code/Drivers/STM32F4xx_HAL_Driver/Src/stm32f4xx_hal_cortex.o
                0x0000000008012220                HAL_NVIC_SetPriorityGrouping
 .text.HAL_NVIC_SetPriority
                0x0000000008012244       0x64 build//home/user/wksp/renode_freertos/FreeRTOS/FreeRTOS/Demo/STM32F4_FreeRTOS/ST_Code/Drivers/STM32F4xx_HAL_Driver/Src/stm32f4xx_hal_cortex.o
                0x0000000008012244                HAL_NVIC_SetPriority
 .text.HAL_NVIC_EnableIRQ
                0x00000000080122a8       0x1c build//home/user/wksp/renode_freertos/FreeRTOS/FreeRTOS/Demo/STM32F4_FreeRTOS/ST_Code/Drivers/STM32F4xx_HAL_Driver/Src/stm32f4xx_hal_cortex.o
                0x00000000080122a8                HAL_NVIC_EnableIRQ
 .text.HAL_NVIC_DisableIRQ
                0x00000000080122c4       0x28 build//home/user/wksp/renode_freertos/FreeRTOS/FreeRTOS/Demo/STM32F4_FreeRTOS/ST_Code/Drivers/STM32F4xx_HAL_Driver/Src/stm32f4xx_hal_cortex.o
                0x00000000080122c4                HAL_NVIC_DisableIRQ
 .text.HAL_NVIC_SystemReset
                0x00000000080122ec       0x24 build//home/user/wksp/renode_freertos/FreeRTOS/FreeRTOS/Demo/STM32F4_FreeRTOS/ST_Code/Drivers/STM32F4xx_HAL_Driver/Src/stm32f4xx_hal_cortex.o
                0x00000000080122ec                HAL_NVIC_SystemReset
 .text.HAL_SYSTICK_Config
                0x0000000008012310       0x28 build//home/user/wksp/renode_freertos/FreeRTOS/FreeRTOS/Demo/STM32F4_FreeRTOS/ST_Code/Drivers/STM32F4xx_HAL_Driver/Src/stm32f4xx_hal_cortex.o
                0x0000000008012310                HAL_SYSTICK_Config
 .text.HAL_MPU_Disable
                0x0000000008012338       0x1c build//home/user/wksp/renode_freertos/FreeRTOS/FreeRTOS/Demo/STM32F4_FreeRTOS/ST_Code/Drivers/STM32F4xx_HAL_Driver/Src/stm32f4xx_hal_cortex.o
                0x0000000008012338                HAL_MPU_Disable
 .text.HAL_MPU_Enable