Archive member included to satisfy reference by file (symbol)

/home/user/wksp/renode_freertos/gcc-arm-none-eabi-10-2020-q4-major-x86_64-linux/gcc-arm-none-eabi-10-2020-q4-major/bin/../lib/gcc/arm-none-eabi/10.2.1/../../../../arm-none-eabi/lib/thumb/v7e-m+fp/hard/libc.a(lib_a-exit.o)
                              /home/user/wksp/renode_freertos/gcc-arm-none-eabi-10-2020-q4-major-x86_64-linux/gcc-arm-none-eabi-10-2020-q4-major/bin/../lib/gcc/arm-none-eabi/10.2.1/../../../../arm-none-eabi/lib/thumb/v7e-m+fp/hard/crt0.o (exit)
/home/user/wksp/renode_freertos/gcc-arm-none-eabi-10-2020-q4-major-x86_64-linux/gcc-arm-none-eabi-10-2020-q4-major/bin/../lib/gcc/arm-none-eabi/10.2.1/../../../../arm-none-eabi/lib/thumb/v7e-m+fp/hard/libc.a(lib_a-impure.o)
                              /home/user/wksp/renode_freertos/gcc-arm-none-eabi-10-2020-q4-major-x86_64-linux/gcc-arm-none-eabi-10-2020-q4-major/bin/../lib/gcc/arm-none-eabi/10.2.1/../../../../arm-none-eabi/lib/thumb/v7e-m+fp/hard/libc.a(lib_a-exit.o) (_global_impure_ptr)
/home/user/wksp/renode_freertos/gcc-arm-none-eabi-10-2020-q4-major-x86_64-linux/gcc-arm-none-eabi-10-2020-q4-major/bin/../lib/gcc/arm-none-eabi/10.2.1/../../../../arm-none-eabi/lib/thumb/v7e-m+fp/hard/libc.a(lib_a-init.o)
                              /home/user/wksp/renode_freertos/gcc-arm-none-eabi-10-2020-q4-major-x86_64-linux/gcc-arm-none-eabi-10-2020-q4-major/bin/../lib/gcc/arm-none-eabi/10.2.1/../../../../arm-none-eabi/lib/thumb/v7e-m+fp/hard/crt0.o (__libc_init_array)
/home/user/wksp/renode_freertos/gcc-arm-none-eabi-10-2020-q4-major-x86_64-linux/gcc-arm-none-eabi-10-2020-q4-major/bin/../lib/gcc/arm-none-eabi/10.2.1/../../../../arm-none-eabi/lib/thumb/v7e-m+fp/hard/libc.a(lib_a-memset.o)
                              /home/user/wksp/renode_freertos/gcc-arm-none-eabi-10-2020-q4-major-x86_64-linux/gcc-arm-none-eabi-10-2020-q4-major/bin/../lib/gcc/arm-none-eabi/10.2.1/../../../../arm-none-eabi/lib/thumb/v7e-m+fp/hard/crt0.o (memset)
/home/user/wksp/renode_freertos/gcc-arm-none-eabi-10-2020-q4-major-x86_64-linux/gcc-arm-none-eabi-10-2020-q4-major/bin/../lib/gcc/arm-none-eabi/10.2.1/../../../../arm-none-eabi/lib/thumb/v7e-m+fp/hard/libc.a(lib_a-__call_atexit.o)
                              /home/user/wksp/renode_freertos/gcc-arm-none-eabi-10-2020-q4-major-x86_64-linux/gcc-arm-none-eabi-10-2020-q4-major/bin/../lib/gcc/arm-none-eabi/10.2.1/../../../../arm-none-eabi/lib/thumb/v7e-m+fp/hard/libc.a(lib_a-exit.o) (__call_exitprocs)
/home/user/wksp/renode_freertos/gcc-arm-none-eabi-10-2020-q4-major-x86_64-linux/gcc-arm-none-eabi-10-2020-q4-major/bin/../lib/gcc/arm-none-eabi/10.2.1/../../../../arm-none-eabi/lib/thumb/v7e-m+fp/hard/libc.a(lib_a-atexit.o)
                              /home/user/wksp/renode_freertos/gcc-arm-none-eabi-10-2020-q4-major-x86_64-linux/gcc-arm-none-eabi-10-2020-q4-major/bin/../lib/gcc/arm-none-eabi/10.2.1/../../../../arm-none-eabi/lib/thumb/v7e-m+fp/hard/libc.a(lib_a-__call_atexit.o) (atexit)
/home/user/wksp/renode_freertos/gcc-arm-none-eabi-10-2020-q4-major-x86_64-linux/gcc-arm-none-eabi-10-2020-q4-major/bin/../lib/gcc/arm-none-eabi/10.2.1/../../../../arm-none-eabi/lib/thumb/v7e-m+fp/hard/libc.a(lib_a-fini.o)
                              /home/user/wksp/renode_freertos/gcc-arm-none-eabi-10-2020-q4-major-x86_64-linux/gcc-arm-none-eabi-10-2020-q4-major/bin/../lib/gcc/arm-none-eabi/10.2.1/../../../../arm-none-eabi/lib/thumb/v7e-m+fp/hard/libc.a(lib_a-__call_atexit.o) (__libc_fini_array)
/home/user/wksp/renode_freertos/gcc-arm-none-eabi-10-2020-q4-major-x86_64-linux/gcc-arm-none-eabi-10-2020-q4-major/bin/../lib/gcc/arm-none-eabi/10.2.1/../../../../arm-none-eabi/lib/thumb/v7e-m+fp/hard/libc.a(lib_a-lock.o)
                              /home/user/wksp/renode_freertos/gcc-arm-none-eabi-10-2020-q4-major-x86_64-linux/gcc-arm-none-eabi-10-2020-q4-major/bin/../lib/gcc/arm-none-eabi/10.2.1/../../../../arm-none-eabi/lib/thumb/v7e-m+fp/hard/libc.a(lib_a-__call_atexit.o) (__retarget_lock_acquire_recursive)
/home/user/wksp/renode_freertos/gcc-arm-none-eabi-10-2020-q4-major-x86_64-linux/gcc-arm-none-eabi-10-2020-q4-major/bin/../lib/gcc/arm-none-eabi/10.2.1/../../../../arm-none-eabi/lib/thumb/v7e-m+fp/hard/libc.a(lib_a-__atexit.o)
                              /home/user/wksp/renode_freertos/gcc-arm-none-eabi-10-2020-q4-major-x86_64-linux/gcc-arm-none-eabi-10-2020-q4-major/bin/../lib/gcc/arm-none-eabi/10.2.1/../../../../arm-none-eabi/lib/thumb/v7e-m+fp/hard/libc.a(lib_a-atexit.o) (__register_exitproc)
/home/user/wksp/renode_freertos/gcc-arm-none-eabi-10-2020-q4-major-x86_64-linux/gcc-arm-none-eabi-10-2020-q4-major/bin/../lib/gcc/arm-none-eabi/10.2.1/thumb/v7e-m+fp/hard/libgcc.a(_aeabi_ldivmod.o)
                              build//home/user/wksp/renode_freertos/FreeRTOS/FreeRTOS/Demo/STM32F4_FreeRTOS/ST_Code/Drivers/STM32F4xx_HAL_Driver/Src/stm32f4xx_hal_rcc.o (__aeabi_ldivmod)
[...]
Memory Configuration

Name             Origin             Length             Attributes
RAM              0x0000000020000000 0x0000000000018000 xrw
RAM2             0x0000000010000000 0x0000000000008000 xrw
FLASH            0x0000000008000000 0x0000000000100000 xr
*default*        0x0000000000000000 0xffffffffffffffff

Linker script and memory map

LOAD /home/user/wksp/renode_freertos/gcc-arm-none-eabi-10-2020-q4-major-x86_64-linux/gcc-arm-none-eabi-10-2020-q4-major/bin/../lib/gcc/arm-none-eabi/10.2.1/thumb/v7e-m+fp/hard/crti.o
LOAD /home/user/wksp/renode_freertos/gcc-arm-none-eabi-10-2020-q4-major-x86_64-linux/gcc-arm-none-eabi-10-2020-q4-major/bin/../lib/gcc/arm-none-eabi/10.2.1/thumb/v7e-m+fp/hard/crtbegin.o
LOAD /home/user/wksp/renode_freertos/gcc-arm-none-eabi-10-2020-q4-major-x86_64-linux/gcc-arm-none-eabi-10-2020-q4-major/bin/../lib/gcc/arm-none-eabi/10.2.1/../../../../arm-none-eabi/lib/thumb/v7e-m+fp/hard/crt0.o
LOAD /home/user/wksp/renode_freertos/gcc-arm-none-eabi-10-2020-q4-major-x86_64-linux/gcc-arm-none-eabi-10-2020-q4-major/bin/../lib/gcc/arm-none-eabi/10.2.1/../../../../arm-none-eabi/lib/thumb/v7e-m+fp/hard/libc.a
LOAD build/Startup/syscalls.o
LOAD build/Startup/sysmem.o
LOAD build//home/user/wksp/renode_freertos/FreeRTOS/FreeRTOS/Demo/STM32F4_FreeRTOS/ST_Code/Core/Src/main.o
LOAD build//home/user/wksp/renode_freertos/FreeRTOS/FreeRTOS/Demo/STM32F4_FreeRTOS/ST_Code/Core/Src/stm32f4xx_hal_msp.o
LOAD build//home/user/wksp/renode_freertos/FreeRTOS/FreeRTOS/Demo/STM32F4_FreeRTOS/ST_Code/Core/Src/stm32f4xx_it.o
LOAD build//home/user/wksp/renode_freertos/FreeRTOS/FreeRTOS/Demo/STM32F4_FreeRTOS/ST_Code/Core/Src/system_stm32f4xx.o
LOAD build//home/user/wksp/renode_freertos/FreeRTOS/FreeRTOS/Demo/STM32F4_FreeRTOS/ST_Code/Drivers/STM32F4xx_HAL_Driver/Src/stm32f4xx_hal_adc.o
LOAD build//home/user/wksp/renode_freertos/FreeRTOS/FreeRTOS/Demo/STM32F4_FreeRTOS/ST_Code/Drivers/STM32F4xx_HAL_Driver/Src/stm32f4xx_hal_adc_ex.o
LOAD build//home/user/wksp/renode_freertos/FreeRTOS/FreeRTOS/Demo/STM32F4_FreeRTOS/ST_Code/Drivers/STM32F4xx_HAL_Driver/Src/stm32f4xx_hal.o
LOAD build//home/user/wksp/renode_freertos/FreeRTOS/FreeRTOS/Demo/STM32F4_FreeRTOS/ST_Code/Drivers/STM32F4xx_HAL_Driver/Src/stm32f4xx_hal_can.o
LOAD build//home/user/wksp/renode_freertos/FreeRTOS/FreeRTOS/Demo/STM32F4_FreeRTOS/ST_Code/Drivers/STM32F4xx_HAL_Driver/Src/stm32f4xx_hal_cec.o
LOAD build//home/user/wksp/renode_freertos/FreeRTOS/FreeRTOS/Demo/STM32F4_FreeRTOS/ST_Code/Drivers/STM32F4xx_HAL_Driver/Src/stm32f4xx_hal_cortex.o
LOAD build//home/user/wksp/renode_freertos/FreeRTOS/FreeRTOS/Demo/STM32F4_FreeRTOS/ST_Code/Drivers/STM32F4xx_HAL_Driver/Src/stm32f4xx_hal_crc.o
LOAD build//home/user/wksp/renode_freertos/FreeRTOS/FreeRTOS/Demo/STM32F4_FreeRTOS/ST_Code/Drivers/STM32F4xx_HAL_Driver/Src/stm32f4xx_hal_cryp.o
LOAD build//home/user/wksp/renode_freertos/FreeRTOS/FreeRTOS/Demo/STM32F4_FreeRTOS/ST_Code/Drivers/STM32F4xx_HAL_Driver/Src/stm32f4xx_hal_cryp_ex.o
LOAD build//home/user/wksp/renode_freertos/FreeRTOS/FreeRTOS/Demo/STM32F4_FreeRTOS/ST_Code/Drivers/STM32F4xx_HAL_Driver/Src/stm32f4xx_hal_dac.o
LOAD build//home/user/wksp/renode_freertos/FreeRTOS/FreeRTOS/Demo/STM32F4_FreeRTOS/ST_Code/Drivers/STM32F4xx_HAL_Driver/Src/stm32f4xx_hal_dac_ex.o
LOAD build//home/user/wksp/renode_freertos/FreeRTOS/FreeRTOS/Demo/STM32F4_FreeRTOS/ST_Code/Drivers/STM32F4xx_HAL_Driver/Src/stm32f4xx_hal_dcmi.o
LOAD build//home/user/wksp/renode_freertos/FreeRTOS/FreeRTOS/Demo/STM32F4_FreeRTOS/ST_Code/Drivers/STM32F4xx_HAL_Driver/Src/stm32f4xx_hal_dcmi_ex.o
LOAD build//home/user/wksp/renode_freertos/FreeRTOS/FreeRTOS/Demo/STM32F4_FreeRTOS/ST_Code/Drivers/STM32F4xx_HAL_Driver/Src/stm32f4xx_hal_dfsdm.o
LOAD build//home/user/wksp/renode_freertos/FreeRTOS/FreeRTOS/Demo/STM32F4_FreeRTOS/ST_Code/Drivers/STM32F4xx_HAL_Driver/Src/stm32f4xx_hal_dma2d.o
LOAD build//home/user/wksp/renode_freertos/FreeRTOS/FreeRTOS/Demo/STM32F4_FreeRTOS/ST_Code/Drivers/STM32F4xx_HAL_Driver/Src/stm32f4xx_hal_dma.o
LOAD build//home/user/wksp/renode_freertos/FreeRTOS/FreeRTOS/Demo/STM32F4_FreeRTOS/ST_Code/Drivers/STM32F4xx_HAL_Driver/Src/stm32f4xx_hal_dma_ex.o
LOAD build//home/user/wksp/renode_freertos/FreeRTOS/FreeRTOS/Demo/STM32F4_FreeRTOS/ST_Code/Drivers/STM32F4xx_HAL_Driver/Src/stm32f4xx_hal_dsi.o
LOAD build//home/user/wksp/renode_freertos/FreeRTOS/FreeRTOS/Demo/STM32F4_FreeRTOS/ST_Code/Drivers/STM32F4xx_HAL_Driver/Src/stm32f4xx_hal_eth.o
LOAD build//home/user/wksp/renode_freertos/FreeRTOS/FreeRTOS/Demo/STM32F4_FreeRTOS/ST_Code/Drivers/STM32F4xx_HAL_Driver/Src/stm32f4xx_hal_exti.o
LOAD build//home/user/wksp/renode_freertos/FreeRTOS/FreeRTOS/Demo/STM32F4_FreeRTOS/ST_Code/Drivers/STM32F4xx_HAL_Driver/Src/stm32f4xx_hal_flash.o
LOAD build//home/user/wksp/renode_freertos/FreeRTOS/FreeRTOS/Demo/STM32F4_FreeRTOS/ST_Code/Drivers/STM32F4xx_HAL_Driver/Src/stm32f4xx_hal_flash_ex.o
LOAD build//home/user/wksp/renode_freertos/FreeRTOS/FreeRTOS/Demo/STM32F4_FreeRTOS/ST_Code/Drivers/STM32F4xx_HAL_Driver/Src/stm32f4xx_hal_flash_ramfunc.o
LOAD build//home/user/wksp/renode_freertos/FreeRTOS/FreeRTOS/Demo/STM32F4_FreeRTOS/ST_Code/Drivers/STM32F4xx_HAL_Driver/Src/stm32f4xx_hal_fmpi2c.o
LOAD build//home/user/wksp/renode_freertos/FreeRTOS/FreeRTOS/Demo/STM32F4_FreeRTOS/ST_Code/Drivers/STM32F4xx_HAL_Driver/Src/stm32f4xx_hal_fmpi2c_ex.o
LOAD build//home/user/wksp/renode_freertos/FreeRTOS/FreeRTOS/Demo/STM32F4_FreeRTOS/ST_Code/Drivers/STM32F4xx_HAL_Driver/Src/stm32f4xx_hal_fmpsmbus.o
LOAD build//home/user/wksp/renode_freertos/FreeRTOS/FreeRTOS/Demo/STM32F4_FreeRTOS/ST_Code/Drivers/STM32F4xx_HAL_Driver/Src/stm32f4xx_hal_fmpsmbus_ex.o
LOAD build//home/user/wksp/renode_freertos/FreeRTOS/FreeRTOS/Demo/STM32F4_FreeRTOS/ST_Code/Drivers/STM32F4xx_HAL_Driver/Src/stm32f4xx_hal_gpio.o
LOAD build//home/user/wksp/renode_freertos/FreeRTOS/FreeRTOS/Demo/STM32F4_FreeRTOS/ST_Code/Drivers/STM32F4xx_HAL_Driver/Src/stm32f4xx_hal_hash.o
LOAD build//home/user/wksp/renode_freertos/FreeRTOS/FreeRTOS/Demo/STM32F4_FreeRTOS/ST_Code/Drivers/STM32F4xx_HAL_Driver/Src/stm32f4xx_hal_hash_ex.o
LOAD build//home/user/wksp/renode_freertos/FreeRTOS/FreeRTOS/Demo/STM32F4_FreeRTOS/ST_Code/Drivers/STM32F4xx_HAL_Driver/Src/stm32f4xx_hal_hcd.o
LOAD build//home/user/wksp/renode_freertos/FreeRTOS/FreeRTOS/Demo/STM32F4_FreeRTOS/ST_Code/Drivers/STM32F4xx_HAL_Driver/Src/stm32f4xx_hal_i2c.o
LOAD build//home/user/wksp/renode_freertos/FreeRTOS/FreeRTOS/Demo/STM32F4_FreeRTOS/ST_Code/Drivers/STM32F4xx_HAL_Driver/Src/stm32f4xx_hal_i2c_ex.o
LOAD build//home/user/wksp/renode_freertos/FreeRTOS/FreeRTOS/Demo/STM32F4_FreeRTOS/ST_Code/Drivers/STM32F4xx_HAL_Driver/Src/stm32f4xx_hal_i2s.o
LOAD build//home/user/wksp/renode_freertos/FreeRTOS/FreeRTOS/Demo/STM32F4_FreeRTOS/ST_Code/Drivers/STM32F4xx_HAL_Driver/Src/stm32f4xx_hal_i2s_ex.o
LOAD build//home/user/wksp/renode_freertos/FreeRTOS/FreeRTOS/Demo/STM32F4_FreeRTOS/ST_Code/Drivers/STM32F4xx_HAL_Driver/Src/stm32f4xx_hal_irda.o
LOAD build//home/user/wksp/renode_freertos/FreeRTOS/FreeRTOS/Demo/STM32F4_FreeRTOS/ST_Code/Drivers/STM32F4xx_HAL_Driver/Src/stm32f4xx_hal_iwdg.o
LOAD build//home/user/wksp/renode_freertos/FreeRTOS/FreeRTOS/Demo/STM32F4_FreeRTOS/ST_Code/Drivers/STM32F4xx_HAL_Driver/Src/stm32f4xx_hal_lptim.o
LOAD build//home/user/wksp/renode_freertos/FreeRTOS/FreeRTOS/Demo/STM32F4_FreeRTOS/ST_Code/Drivers/STM32F4xx_HAL_Driver/Src/stm32f4xx_hal_ltdc.o
LOAD build//home/user/wksp/renode_freertos/FreeRTOS/FreeRTOS/Demo/STM32F4_FreeRTOS/ST_Code/Drivers/STM32F4xx_HAL_Driver/Src/stm32f4xx_hal_ltdc_ex.o
LOAD build//home/user/wksp/renode_freertos/FreeRTOS/FreeRTOS/Demo/STM32F4_FreeRTOS/ST_Code/Drivers/STM32F4xx_HAL_Driver/Src/stm32f4xx_hal_mmc.o
LOAD build//home/user/wksp/renode_freertos/FreeRTOS/FreeRTOS/Demo/STM32F4_FreeRTOS/ST_Code/Drivers/STM32F4xx_HAL_Driver/Src/stm32f4xx_hal_msp_template.o
LOAD build//home/user/wksp/renode_freertos/FreeRTOS/FreeRTOS/Demo/STM32F4_FreeRTOS/ST_Code/Drivers/STM32F4xx_HAL_Driver/Src/stm32f4xx_hal_nand.o
LOAD build//home/user/wksp/renode_freertos/FreeRTOS/FreeRTOS/Demo/STM32F4_FreeRTOS/ST_Code/Drivers/STM32F4xx_HAL_Driver/Src/stm32f4xx_hal_nor.o
LOAD build//home/user/wksp/renode_freertos/FreeRTOS/FreeRTOS/Demo/STM32F4_FreeRTOS/ST_Code/Drivers/STM32F4xx_HAL_Driver/Src/stm32f4xx_hal_pccard.o
LOAD build//home/user/wksp/renode_freertos/FreeRTOS/FreeRTOS/Demo/STM32F4_FreeRTOS/ST_Code/Drivers/STM32F4xx_HAL_Driver/Src/stm32f4xx_hal_pcd.o
LOAD build//home/user/wksp/renode_freertos/FreeRTOS/FreeRTOS/Demo/STM32F4_FreeRTOS/ST_Code/Drivers/STM32F4xx_HAL_Driver/Src/stm32f4xx_hal_pcd_ex.o
LOAD build//home/user/wksp/renode_freertos/FreeRTOS/FreeRTOS/Demo/STM32F4_FreeRTOS/ST_Code/Drivers/STM32F4xx_HAL_Driver/Src/stm32f4xx_hal_pwr.o
LOAD build//home/user/wksp/renode_freertos/FreeRTOS/FreeRTOS/Demo/STM32F4_FreeRTOS/ST_Code/Drivers/STM32F4xx_HAL_Driver/Src/stm32f4xx_hal_pwr_ex.o
LOAD build//home/user/wksp/renode_freertos/FreeRTOS/FreeRTOS/Demo/STM32F4_FreeRTOS/ST_Code/Drivers/STM32F4xx_HAL_Driver/Src/stm32f4xx_hal_qspi.o
LOAD build//home/user/wksp/renode_freertos/FreeRTOS/FreeRTOS/Demo/STM32F4_FreeRTOS/ST_Code/Drivers/STM32F4xx_HAL_Driver/Src/stm32f4xx_hal_rcc.o
LOAD build//home/user/wksp/renode_freertos/FreeRTOS/FreeRTOS/Demo/STM32F4_FreeRTOS/ST_Code/Drivers/STM32F4xx_HAL_Driver/Src/stm32f4xx_hal_rcc_ex.o
LOAD build//home/user/wksp/renode_freertos/FreeRTOS/FreeRTOS/Demo/STM32F4_FreeRTOS/ST_Code/Drivers/STM32F4xx_HAL_Driver/Src/stm32f4xx_hal_rng.o
LOAD build//home/user/wksp/renode_freertos/FreeRTOS/FreeRTOS/Demo/STM32F4_FreeRTOS/ST_Code/Drivers/STM32F4xx_HAL_Driver/Src/stm32f4xx_hal_rtc.o
LOAD build//home/user/wksp/renode_freertos/FreeRTOS/FreeRTOS/Demo/STM32F4_FreeRTOS/ST_Code/Drivers/STM32F4xx_HAL_Driver/Src/stm32f4xx_hal_rtc_ex.o
LOAD build//home/user/wksp/renode_freertos/FreeRTOS/FreeRTOS/Demo/STM32F4_FreeRTOS/ST_Code/Drivers/STM32F4xx_HAL_Driver/Src/stm32f4xx_hal_sai.o
LOAD build//home/user/wksp/renode_freertos/FreeRTOS/FreeRTOS/Demo/STM32F4_FreeRTOS/ST_Code/Drivers/STM32F4xx_HAL_Driver/Src/stm32f4xx_hal_sai_ex.o
LOAD build//home/user/wksp/renode_freertos/FreeRTOS/FreeRTOS/Demo/STM32F4_FreeRTOS/ST_Code/Drivers/STM32F4xx_HAL_Driver/Src/stm32f4xx_hal_sd.o
LOAD build//home/user/wksp/renode_freertos/FreeRTOS/FreeRTOS/Demo/STM32F4_FreeRTOS/ST_Code/Drivers/STM32F4xx_HAL_Driver/Src/stm32f4xx_hal_sdram.o
LOAD build//home/user/wksp/renode_freertos/FreeRTOS/FreeRTOS/Demo/STM32F4_FreeRTOS/ST_Code/Drivers/STM32F4xx_HAL_Driver/Src/stm32f4xx_hal_smartcard.o
LOAD build//home/user/wksp/renode_freertos/FreeRTOS/FreeRTOS/Demo/STM32F4_FreeRTOS/ST_Code/Drivers/STM32F4xx_HAL_Driver/Src/stm32f4xx_hal_smbus.o
LOAD build//home/user/wksp/renode_freertos/FreeRTOS/FreeRTOS/Demo/STM32F4_FreeRTOS/ST_Code/Drivers/STM32F4xx_HAL_Driver/Src/stm32f4xx_hal_spdifrx.o
LOAD build//home/user/wksp/renode_freertos/FreeRTOS/FreeRTOS/Demo/STM32F4_FreeRTOS/ST_Code/Drivers/STM32F4xx_HAL_Driver/Src/stm32f4xx_hal_spi.o
LOAD build//home/user/wksp/renode_freertos/FreeRTOS/FreeRTOS/Demo/STM32F4_FreeRTOS/ST_Code/Drivers/STM32F4xx_HAL_Driver/Src/stm32f4xx_hal_sram.o
LOAD build//home/user/wksp/renode_freertos/FreeRTOS/FreeRTOS/Demo/STM32F4_FreeRTOS/ST_Code/Drivers/STM32F4xx_HAL_Driver/Src/stm32f4xx_hal_tim.o
LOAD build//home/user/wksp/renode_freertos/FreeRTOS/FreeRTOS/Demo/STM32F4_FreeRTOS/ST_Code/Drivers/STM32F4xx_HAL_Driver/Src/stm32f4xx_hal_tim_ex.o
LOAD build//home/user/wksp/renode_freertos/FreeRTOS/FreeRTOS/Demo/STM32F4_FreeRTOS/ST_Code/Drivers/STM32F4xx_HAL_Driver/Src/stm32f4xx_hal_uart.o
LOAD build//home/user/wksp/renode_freertos/FreeRTOS/FreeRTOS/Demo/STM32F4_FreeRTOS/ST_Code/Drivers/STM32F4xx_HAL_Driver/Src/stm32f4xx_hal_usart.o
LOAD build//home/user/wksp/renode_freertos/FreeRTOS/FreeRTOS/Demo/STM32F4_FreeRTOS/ST_Code/Drivers/STM32F4xx_HAL_Driver/Src/stm32f4xx_hal_wwdg.o
LOAD build//home/user/wksp/renode_freertos/FreeRTOS/FreeRTOS/Demo/STM32F4_FreeRTOS/ST_Code/Drivers/STM32F4xx_HAL_Driver/Src/stm32f4xx_ll_adc.o
LOAD build//home/user/wksp/renode_freertos/FreeRTOS/FreeRTOS/Demo/STM32F4_FreeRTOS/ST_Code/Drivers/STM32F4xx_HAL_Driver/Src/stm32f4xx_ll_crc.o
LOAD build//home/user/wksp/renode_freertos/FreeRTOS/FreeRTOS/Demo/STM32F4_FreeRTOS/ST_Code/Drivers/STM32F4xx_HAL_Driver/Src/stm32f4xx_ll_dac.o
LOAD build//home/user/wksp/renode_freertos/FreeRTOS/FreeRTOS/Demo/STM32F4_FreeRTOS/ST_Code/Drivers/STM32F4xx_HAL_Driver/Src/stm32f4xx_ll_dma2d.o
LOAD build//home/user/wksp/renode_freertos/FreeRTOS/FreeRTOS/Demo/STM32F4_FreeRTOS/ST_Code/Drivers/STM32F4xx_HAL_Driver/Src/stm32f4xx_ll_dma.o
LOAD build//home/user/wksp/renode_freertos/FreeRTOS/FreeRTOS/Demo/STM32F4_FreeRTOS/ST_Code/Drivers/STM32F4xx_HAL_Driver/Src/stm32f4xx_ll_exti.o
LOAD build//home/user/wksp/renode_freertos/FreeRTOS/FreeRTOS/Demo/STM32F4_FreeRTOS/ST_Code/Drivers/STM32F4xx_HAL_Driver/Src/stm32f4xx_ll_fmc.o
LOAD build//home/user/wksp/renode_freertos/FreeRTOS/FreeRTOS/Demo/STM32F4_FreeRTOS/ST_Code/Drivers/STM32F4xx_HAL_Driver/Src/stm32f4xx_ll_fmpi2c.o
LOAD build//home/user/wksp/renode_freertos/FreeRTOS/FreeRTOS/Demo/STM32F4_FreeRTOS/ST_Code/Drivers/STM32F4xx_HAL_Driver/Src/stm32f4xx_ll_fsmc.o
LOAD build//home/user/wksp/renode_freertos/FreeRTOS/FreeRTOS/Demo/STM32F4_FreeRTOS/ST_Code/Drivers/STM32F4xx_HAL_Driver/Src/stm32f4xx_ll_gpio.o
LOAD build//home/user/wksp/renode_freertos/FreeRTOS/FreeRTOS/Demo/STM32F4_FreeRTOS/ST_Code/Drivers/STM32F4xx_HAL_Driver/Src/stm32f4xx_ll_i2c.o
LOAD build//home/user/wksp/renode_freertos/FreeRTOS/FreeRTOS/Demo/STM32F4_FreeRTOS/ST_Code/Drivers/STM32F4xx_HAL_Driver/Src/stm32f4xx_ll_lptim.o
LOAD build//home/user/wksp/renode_freertos/FreeRTOS/FreeRTOS/Demo/STM32F4_FreeRTOS/ST_Code/Drivers/STM32F4xx_HAL_Driver/Src/stm32f4xx_ll_pwr.o
LOAD build//home/user/wksp/renode_freertos/FreeRTOS/FreeRTOS/Demo/STM32F4_FreeRTOS/ST_Code/Drivers/STM32F4xx_HAL_Driver/Src/stm32f4xx_ll_rcc.o
LOAD build//home/user/wksp/renode_freertos/FreeRTOS/FreeRTOS/Demo/STM32F4_FreeRTOS/ST_Code/Drivers/STM32F4xx_HAL_Driver/Src/stm32f4xx_ll_rng.o
LOAD build//home/user/wksp/renode_freertos/FreeRTOS/FreeRTOS/Demo/STM32F4_FreeRTOS/ST_Code/Drivers/STM32F4xx_HAL_Driver/Src/stm32f4xx_ll_rtc.o
LOAD build//home/user/wksp/renode_freertos/FreeRTOS/FreeRTOS/Demo/STM32F4_FreeRTOS/ST_Code/Drivers/STM32F4xx_HAL_Driver/Src/stm32f4xx_ll_sdmmc.o
LOAD build//home/user/wksp/renode_freertos/FreeRTOS/FreeRTOS/Demo/STM32F4_FreeRTOS/ST_Code/Drivers/STM32F4xx_HAL_Driver/Src/stm32f4xx_ll_spi.o
LOAD build//home/user/wksp/renode_freertos/FreeRTOS/FreeRTOS/Demo/STM32F4_FreeRTOS/ST_Code/Drivers/STM32F4xx_HAL_Driver/Src/stm32f4xx_ll_tim.o
LOAD build//home/user/wksp/renode_freertos/FreeRTOS/FreeRTOS/Demo/STM32F4_FreeRTOS/ST_Code/Drivers/STM32F4xx_HAL_Driver/Src/stm32f4xx_ll_usart.o
LOAD build//home/user/wksp/renode_freertos/FreeRTOS/FreeRTOS/Demo/STM32F4_FreeRTOS/ST_Code/Drivers/STM32F4xx_HAL_Driver/Src/stm32f4xx_ll_usb.o
LOAD build//home/user/wksp/renode_freertos/FreeRTOS/FreeRTOS/Demo/STM32F4_FreeRTOS/ST_Code/Drivers/STM32F4xx_HAL_Driver/Src/stm32f4xx_ll_utils.o
LOAD build//home/user/wksp/renode_freertos/FreeRTOS/FreeRTOS/Demo/STM32F4_FreeRTOS/ST_Code/Drivers/BSP/STM32F4-Discovery/stm32f4_discovery.o
LOAD build//home/user/wksp/renode_freertos/FreeRTOS/FreeRTOS/Source/portable/GCC/ARM_CM4_MPU/port.o
LOAD build//home/user/wksp/renode_freertos/FreeRTOS/FreeRTOS/Source/portable/GCC/ARM_CM4_MPU/mpu_wrappers_v2_asm.o
LOAD build//home/user/wksp/renode_freertos/FreeRTOS/FreeRTOS/Source/portable/Common/mpu_wrappers.o
LOAD build//home/user/wksp/renode_freertos/FreeRTOS/FreeRTOS/Source/portable/Common/mpu_wrappers_v2.o
LOAD build//home/user/wksp/renode_freertos/FreeRTOS/FreeRTOS/Source/tasks.o
LOAD build//home/user/wksp/renode_freertos/FreeRTOS/FreeRTOS/Source/list.o
LOAD build//home/user/wksp/renode_freertos/FreeRTOS/FreeRTOS/Source/queue.o
LOAD build//home/user/wksp/renode_freertos/FreeRTOS/FreeRTOS/Source/timers.o
LOAD build//home/user/wksp/renode_freertos/FreeRTOS/FreeRTOS/Source/event_groups.o
LOAD build//home/user/wksp/renode_freertos/FreeRTOS/FreeRTOS/Source/portable/MemMang/heap_4.o
LOAD build//home/user/wksp/renode_freertos/FreeRTOS/FreeRTOS/Source/stream_buffer.o
LOAD build/../../Demo/app_main.o
LOAD build/../../Demo/mpu_demo.o
LOAD Startup/startup_stm32f407vg.o
START GROUP
LOAD /home/user/wksp/renode_freertos/gcc-arm-none-eabi-10-2020-q4-major-x86_64-linux/gcc-arm-none-eabi-10-2020-q4-major/bin/../lib/gcc/arm-none-eabi/10.2.1/thumb/v7e-m+fp/hard/libgcc.a
LOAD /home/user/wksp/renode_freertos/gcc-arm-none-eabi-10-2020-q4-major-x86_64-linux/gcc-arm-none-eabi-10-2020-q4-major/bin/../lib/gcc/arm-none-eabi/10.2.1/../../../../arm-none-eabi/lib/thumb/v7e-m+fp/hard/libc.a
END GROUP
LOAD /home/user/wksp/renode_freertos/gcc-arm-none-eabi-10-2020-q4-major-x86_64-linux/gcc-arm-none-eabi-10-2020-q4-major/bin/../lib/gcc/arm-none-eabi/10.2.1/thumb/v7e-m+fp/hard/crtend.o
LOAD /home/user/wksp/renode_freertos/gcc-arm-none-eabi-10-2020-q4-major-x86_64-linux/gcc-arm-none-eabi-10-2020-q4-major/bin/../lib/gcc/arm-none-eabi/10.2.1/thumb/v7e-m+fp/hard/crtn.o
                0x0000000020018000                _estack = (ORIGIN (RAM) + LENGTH (RAM))
                0x0000000000000200                _Min_Heap_Size = 0x200
                0x0000000000000400                _Min_Stack_Size = 0x400
                0x0000000000010000                __privileged_functions_region_size__ = 0x10000
                0x0000000000008000                __privileged_data_region_size__ = 0x8000
                0x0000000008000000                __FLASH_segment_start__ = ORIGIN (FLASH)
                0x0000000008100000                __FLASH_segment_end__ = (__FLASH_segment_start__ + LENGTH (FLASH))
                0x0000000020000000                __SRAM_segment_start__ = ORIGIN (RAM)
                0x0000000020018000                __SRAM_segment_end__ = (__SRAM_segment_start__ + LENGTH (RAM))
                0x0000000008000000                __privileged_functions_start__ = __FLASH_segment_start__
                0x0000000008010000                __privileged_functions_end__ = (__FLASH_segment_start__ + __privileged_functions_region_size__)
                0x0000000020000000                __privileged_data_start__ = __SRAM_segment_start__
                0x0000000020008000                __privileged_data_end__ = (__SRAM_segment_start__ + __privileged_data_region_size__)

.privileged_functions
                0x0000000008000000    0x10000
                0x0000000008000000                . = ALIGN (0x4)
 *(.isr_vector)
 .isr_vector    0x0000000008000000      0x188 Startup/startup_stm32f407vg.o
                0x0000000008000000                g_pfnVectors
                0x0000000008000188                . = ALIGN (0x4)
 *(privileged_functions)
 privileged_functions
                0x0000000008000188      0x884 build//home/user/wksp/renode_freertos/FreeRTOS/FreeRTOS/Source/portable/GCC/ARM_CM4_MPU/port.o
                0x000000000800019e                PendSV_Handler
                0x0000000008000260                SVC_Handler
                0x00000000080002fc                vRequestSystemCallExit
                0x00000000080002fe                pxPortInitialiseStack
                0x000000000800039e                vPortEndScheduler
                0x00000000080003c0                vPortStoreTaskMPUSettings
                0x00000000080004c0                xPortIsAuthorizedToAccessBuffer
                0x000000000800051c                xPortIsAuthorizedToAccessKernelObject
                0x0000000008000558                vPortGrantAccessToKernelObject
                0x000000000800057c                vPortRevokeAccessToKernelObject
                0x00000000080005a2                SysTick_Handler
                0x00000000080005d0                vSVCHandler_C
                0x00000000080005f8                vPortEnterCritical
                0x0000000008000618                vPortExitCritical
                0x0000000008000640                vSystemCallEnter
                0x00000000080006fc                vSystemCallExit
                0x0000000008000788                xPortIsTaskPrivileged
                0x000000000800079a                xPortStartScheduler
 privileged_functions
                0x0000000008000a0c     0x18fc build//home/user/wksp/renode_freertos/FreeRTOS/FreeRTOS/Source/portable/Common/mpu_wrappers_v2.o
                0x0000000008000b34                MPU_xTaskDelayUntilImpl
                0x0000000008000b5a                MPU_xTaskAbortDelayImpl
                0x0000000008000b82                MPU_vTaskDelayImpl
                0x0000000008000b86                MPU_uxTaskPriorityGetImpl
                0x0000000008000bb2                MPU_eTaskGetStateImpl
                0x0000000008000bda                MPU_vTaskGetInfoImpl
                0x0000000008000c2e                MPU_xTaskGetIdleTaskHandleImpl
                0x0000000008000c32                MPU_vTaskResumeImpl
                0x0000000008000c58                MPU_xTaskGetTickCountImpl
                0x0000000008000c5c                MPU_uxTaskGetNumberOfTasksImpl
                0x0000000008000c60                MPU_ulTaskGetRunTimeCounterImpl
                0x0000000008000c8c                MPU_ulTaskGetRunTimePercentImpl
                0x0000000008000cb8                MPU_ulTaskGetIdleRunTimePercentImpl
                0x0000000008000cbc                MPU_ulTaskGetIdleRunTimeCounterImpl
                0x0000000008000cc0                MPU_vTaskSetApplicationTaskTagImpl
                0x0000000008000cee                MPU_xTaskGetApplicationTaskTagImpl
                0x0000000008000d1a                MPU_vTaskSetThreadLocalStoragePointerImpl
                0x0000000008000d4c                MPU_pvTaskGetThreadLocalStoragePointerImpl
                0x0000000008000d7c                MPU_uxTaskGetSystemStateImpl
                0x0000000008000dc0                MPU_uxTaskGetStackHighWaterMarkImpl
                0x0000000008000dec                MPU_xTaskGetCurrentTaskHandleImpl
                0x0000000008000e06                MPU_xTaskGetSchedulerStateImpl
                0x0000000008000e0a                MPU_vTaskSetTimeOutStateImpl
                0x0000000008000e28                MPU_xTaskCheckForTimeOutImpl
                0x0000000008000e5e                MPU_xTaskGenericNotifyImpl
                0x0000000008000ec8                MPU_xTaskGenericNotifyWaitImpl
                0x0000000008000f0a                MPU_ulTaskGenericNotifyTakeImpl
                0x0000000008000f14                MPU_xTaskGenericNotifyStateClearImpl
                0x0000000008000f46                MPU_ulTaskGenericNotifyValueClearImpl
                0x0000000008000f7c                MPU_xQueueGenericSendImpl
                0x0000000008000fea                MPU_uxQueueMessagesWaitingImpl
                0x0000000008001012                MPU_uxQueueSpacesAvailableImpl
                0x000000000800103a                MPU_xQueueReceiveImpl
                0x000000000800108e                MPU_xQueuePeekImpl
                0x00000000080010e2                MPU_xQueueSemaphoreTakeImpl
                0x0000000008001120                MPU_xQueueGetMutexHolderImpl
                0x0000000008001158                MPU_xQueueTakeMutexRecursiveImpl
                0x000000000800118e                MPU_xQueueGiveMutexRecursiveImpl
                0x00000000080011b6                MPU_xQueueSelectFromSetImpl
                0x00000000080011f4                MPU_xQueueAddToSetImpl
                0x000000000800123a                MPU_vQueueAddToRegistryImpl
                0x0000000008001264                MPU_vQueueUnregisterQueueImpl
                0x000000000800128a                MPU_pcQueueGetNameImpl
                0x00000000080012b2                MPU_pvTimerGetTimerIDImpl
                0x00000000080012da                MPU_vTimerSetTimerIDImpl
                0x0000000008001304                MPU_xTimerIsTimerActiveImpl
                0x000000000800132c                MPU_xTimerGetTimerDaemonTaskHandleImpl
                0x0000000008001330                MPU_xTimerGenericCommandFromTaskImpl
                0x0000000008001394                MPU_pcTimerGetNameImpl
                0x00000000080013bc                MPU_vTimerSetReloadModeImpl
                0x00000000080013e6                MPU_xTimerGetReloadModeImpl
                0x000000000800140e                MPU_uxTimerGetReloadModeImpl
                0x0000000008001436                MPU_xTimerGetPeriodImpl
                0x000000000800145e                MPU_xTimerGetExpiryTimeImpl
                0x0000000008001486                MPU_xEventGroupWaitBitsImpl
                0x00000000080014e4                MPU_xEventGroupClearBitsImpl
                0x0000000008001516                MPU_xEventGroupSetBitsImpl
                0x0000000008001548                MPU_xEventGroupSyncImpl
                0x0000000008001592                MPU_uxEventGroupGetNumberImpl
                0x00000000080015ba                MPU_vEventGroupSetNumberImpl
                0x00000000080015e4                MPU_xStreamBufferSendImpl
                0x000000000800162e                MPU_xStreamBufferReceiveImpl
                0x0000000008001678                MPU_xStreamBufferIsFullImpl
                0x00000000080016a0                MPU_xStreamBufferIsEmptyImpl
                0x00000000080016c8                MPU_xStreamBufferSpacesAvailableImpl
                0x00000000080016f0                MPU_xStreamBufferBytesAvailableImpl
                0x0000000008001718                MPU_xStreamBufferSetTriggerLevelImpl
                0x0000000008001744                MPU_xStreamBufferNextMessageLengthBytesImpl
                0x00000000080017a8                MPU_vTaskSuspendImpl
                0x00000000080017e6                vGrantAccessToKernelObject
                0x000000000800180c                vRevokeAccessToKernelObject
                0x0000000008001832                MPU_xTaskCreate
                0x0000000008001896                MPU_xTaskCreateStatic
                0x00000000080018f4                MPU_vTaskDelete
                0x0000000008001934                MPU_vTaskPrioritySet
                0x0000000008001956                MPU_xTaskGetHandle
                0x0000000008001970                MPU_xTaskCallApplicationTaskHook
                0x0000000008001994                MPU_pcTaskGetName
                0x00000000080019b4                MPU_xTaskCreateRestricted
                0x0000000008001a12                MPU_xTaskCreateRestrictedStatic
                0x0000000008001a70                MPU_vTaskAllocateMPURegions
                0x0000000008001a92                MPU_xTaskGetStaticBuffers
                0x0000000008001ac4                MPU_uxTaskPriorityGetFromISR
                0x0000000008001ae4                MPU_uxTaskBasePriorityGet
                0x0000000008001b04                MPU_uxTaskBasePriorityGetFromISR
                0x0000000008001b24                MPU_xTaskResumeFromISR
                0x0000000008001b40                MPU_xTaskGetApplicationTaskTagFromISR
                0x0000000008001b60                MPU_xTaskGenericNotifyFromISR
                0x0000000008001b94                MPU_vTaskGenericNotifyGiveFromISR
                0x0000000008001bba                MPU_vQueueDelete
                0x0000000008001bda                MPU_xQueueCreateMutex
                0x0000000008001c10                MPU_xQueueCreateMutexStatic
                0x0000000008001c4c                MPU_xQueueCreateCountingSemaphore
                0x0000000008001c88                MPU_xQueueCreateCountingSemaphoreStatic
                0x0000000008001cc8                MPU_xQueueGenericCreate
                0x0000000008001d08                MPU_xQueueGenericCreateStatic
                0x0000000008001d54                MPU_xQueueCreateSet
                0x0000000008001d8a                MPU_xQueueCreateSetStatic
                0x0000000008001dca                MPU_xQueueRemoveFromSet
                0x0000000008001dfa                MPU_xQueueGenericReset
                0x0000000008001e1a                MPU_xQueueGenericGetStaticBuffers
                0x0000000008001e42                MPU_xQueueGenericSendFromISR
                0x0000000008001e6e                MPU_xQueueGiveFromISR
                0x0000000008001e8e                MPU_xQueuePeekFromISR
                0x0000000008001eae                MPU_xQueueReceiveFromISR
                0x0000000008001ed6                MPU_xQueueIsQueueEmptyFromISR
                0x0000000008001ef2                MPU_xQueueIsQueueFullFromISR
                0x0000000008001f0e                MPU_uxQueueMessagesWaitingFromISR
                0x0000000008001f2a                MPU_xQueueGetMutexHolderFromISR
                0x0000000008001f56                MPU_xQueueSelectFromSetFromISR
                0x0000000008001f82                MPU_xTimerCreate
                0x0000000008001fd0                MPU_xTimerCreateStatic
                0x0000000008002024                MPU_xTimerGetStaticBuffer
                0x0000000008002044                MPU_xTimerGenericCommandFromISR
                0x0000000008002074                MPU_xEventGroupCreate
                0x00000000080020a6                MPU_xEventGroupCreateStatic
                0x00000000080020dc                MPU_vEventGroupDelete
                0x00000000080020fe                MPU_xEventGroupGetStaticBuffer
                0x000000000800211e                MPU_xEventGroupGetBitsFromISR
                0x000000000800213a                MPU_xStreamBufferGenericCreate
                0x0000000008002196                MPU_xStreamBufferGenericCreateStatic
                0x00000000080021fe                MPU_vStreamBufferDelete
                0x0000000008002220                MPU_xStreamBufferReset
                0x000000000800223c                MPU_xStreamBufferGetStaticBuffers
                0x0000000008002252                MPU_xStreamBufferSendFromISR
                0x000000000800227e                MPU_xStreamBufferReceiveFromISR
                0x00000000080022aa                MPU_xStreamBufferSendCompletedFromISR
                0x00000000080022ca                MPU_xStreamBufferReceiveCompletedFromISR
                0x00000000080022ea                MPU_xStreamBufferResetFromISR
 privileged_functions
                0x0000000008002308     0x22d0 build//home/user/wksp/renode_freertos/FreeRTOS/FreeRTOS/Source/tasks.o
                0x0000000008002680                xTaskCreate
                0x00000000080026e6                xTaskCreateStatic
                0x0000000008002786                xTaskCreateRestricted
                0x00000000080027f2                xTaskCreateRestrictedStatic
                0x0000000008002876                vTaskAllocateMPURegions
                0x00000000080028a0                vTaskDelete
                0x000000000800297c                uxTaskPriorityGet
                0x00000000080029b4                uxTaskPriorityGetFromISR
                0x00000000080029f8                uxTaskBasePriorityGet
                0x0000000008002a30                uxTaskBasePriorityGetFromISR
                0x0000000008002a74                eTaskGetState
                0x0000000008002afc                vTaskPrioritySet
                0x0000000008002c10                vTaskResume
                0x0000000008002ca8                xTaskResumeFromISR
                0x0000000008002d64                vTaskStartScheduler
                0x0000000008002e0c                vTaskEndScheduler
                0x0000000008002e48                vTaskSuspendAll
                0x0000000008002e5c                xTaskGetTickCount
                0x0000000008002e68                xTaskGetTickCountFromISR
                0x0000000008002e78                uxTaskGetNumberOfTasks
                0x0000000008002e84                pcTaskGetName
                0x0000000008002ea8                xTaskGetStaticBuffers
                0x0000000008002f1c                uxTaskGetStackHighWaterMark
                0x0000000008002f50                vTaskSetApplicationTaskTag
                0x0000000008002f70                xTaskGetApplicationTaskTag
                0x0000000008002fa8                xTaskGetApplicationTaskTagFromISR
                0x0000000008002fe4                vTaskSetThreadLocalStoragePointer
                0x0000000008003010                pvTaskGetThreadLocalStoragePointer
                0x0000000008003040                xTaskCallApplicationTaskHook
                0x000000000800305c                xTaskGetIdleTaskHandle
                0x000000000800307c                xTaskGetIdleTaskHandleForCore
                0x00000000080030b0                ulTaskGetRunTimeCounter
                0x00000000080030f8                ulTaskGetRunTimePercent
                0x0000000008003102                ulTaskGetIdleRunTimeCounter
                0x0000000008003138                ulTaskGetIdleRunTimePercent
                0x000000000800313c                xTaskGenericNotify
                0x0000000008003274                xTaskGenericNotifyFromISR
                0x00000000080033fc                vTaskGenericNotifyGiveFromISR
                0x0000000008003528                xTaskGenericNotifyStateClear
                0x000000000800357c                ulTaskGenericNotifyValueClear
                0x00000000080035d4                vTaskSetTimeOutState
                0x0000000008003608                vTaskResetState
                0x0000000008003640                xTaskIncrementTick
                0x00000000080037a8                xTaskResumeAll
                0x00000000080038d0                vTaskDelay
                0x0000000008003920                xTaskDelayUntil
                0x00000000080039bc                xTaskAbortDelay
                0x0000000008003a68                vTaskGetInfo
                0x0000000008003b62                xTaskGetHandle
                0x0000000008003be0                uxTaskGetSystemState
                0x0000000008003c78                xTaskGenericNotifyWait
                0x0000000008003d48                ulTaskGenericNotifyTake
                0x0000000008003de4                xTaskCatchUpTicks
                0x0000000008003e24                vTaskPlaceOnEventList
                0x0000000008003e58                vTaskPlaceOnUnorderedEventList
                0x0000000008003ed0                vTaskPlaceOnEventListRestricted
                0x0000000008003f30                xTaskRemoveFromEventList
                0x000000000800400c                vTaskRemoveFromUnorderedEventList
                0x00000000080040d4                vTaskSwitchContext
                0x0000000008004168                vTaskSuspend
                0x000000000800423c                uxTaskResetEventItemValue
                0x000000000800425c                xTaskGetCurrentTaskHandle
                0x0000000008004268                xTaskGetCurrentTaskHandleForCore
                0x0000000008004278                vTaskMissedYield
                0x0000000008004288                xTaskGetSchedulerState
                0x00000000080042a8                xTaskPriorityInherit
                0x0000000008004368                xTaskPriorityDisinherit
                0x0000000008004424                vTaskPriorityDisinheritAfterTimeout
                0x00000000080044f0                uxTaskGetTaskNumber
                0x00000000080044f8                vTaskSetTaskNumber
                0x0000000008004500                pvTaskIncrementMutexHeldCount
                0x0000000008004518                vTaskInternalSetTimeOutState
                0x000000000800452c                xTaskCheckForTimeOut
                0x00000000080045b4                xTaskGetMPUSettings
 privileged_functions
                0x00000000080045d8       0x80 build//home/user/wksp/renode_freertos/FreeRTOS/FreeRTOS/Source/list.o
                0x00000000080045d8                vListInitialise
                0x00000000080045ee                vListInitialiseItem
                0x00000000080045f4                vListInsert
                0x0000000008004622                vListInsertEnd
                0x000000000800463a                uxListRemove
 privileged_functions
                0x0000000008004658      0xffc build//home/user/wksp/renode_freertos/FreeRTOS/FreeRTOS/Source/queue.o
                0x0000000008004814                xQueueGenericSend
                0x00000000080049a6                xQueuePeek
                0x0000000008004ae4                xQueuePeekFromISR
                0x0000000008004b5a                xQueueReceive
                0x0000000008004c98                uxQueueMessagesWaiting
                0x0000000008004cc2                uxQueueSpacesAvailable
                0x0000000008004cf0                xQueueGenericSendFromISR
                0x0000000008004dec                xQueueGiveFromISR
                0x0000000008004ebe                xQueueReceiveFromISR
                0x0000000008004f7a                xQueueIsQueueEmptyFromISR
                0x0000000008004f98                xQueueIsQueueFullFromISR
                0x0000000008004fb8                uxQueueMessagesWaitingFromISR
                0x0000000008004fd0                xQueueSemaphoreTake
                0x0000000008005142                xQueueGetMutexHolder
                0x0000000008005170                xQueueGetMutexHolderFromISR
                0x0000000008005190                xQueueTakeMutexRecursive
                0x00000000080051f8                xQueueGiveMutexRecursive
                0x0000000008005234                vQueueAddToRegistry
                0x0000000008005284                vQueueUnregisterQueue
                0x00000000080052c0                vQueueDelete
                0x00000000080052ee                pcQueueGetName
                0x0000000008005324                xQueueGenericGetStaticBuffers
                0x0000000008005364                xQueueAddToSet
                0x0000000008005386                xQueueRemoveFromSet
                0x00000000080053a6                xQueueSelectFromSet
                0x00000000080053bc                xQueueSelectFromSetFromISR
                0x00000000080053d0                vQueueWaitForMessageRestricted
                0x0000000008005416                xQueueGenericReset
                0x00000000080054b0                xQueueGenericCreateStatic
                0x000000000800552e                xQueueCreateMutexStatic
                0x000000000800554a                xQueueCreateCountingSemaphoreStatic
                0x000000000800557c                xQueueCreateSetStatic
                0x0000000008005592                xQueueGenericCreate
                0x00000000080055f6                xQueueCreateMutex
                0x000000000800560c                xQueueCreateCountingSemaphore
                0x0000000008005636                xQueueCreateSet
                0x000000000800563e                vQueueSetQueueNumber
                0x0000000008005642                uxQueueGetQueueNumber
                0x0000000008005646                ucQueueGetQueueType
                0x000000000800564c                uxQueueGetQueueItemSize
                0x0000000008005650                uxQueueGetQueueLength
 privileged_functions
                0x0000000008005654      0x604 build//home/user/wksp/renode_freertos/FreeRTOS/FreeRTOS/Source/timers.o
                0x00000000080058ec                xTimerCreate
                0x0000000008005946                xTimerCreateStatic
                0x00000000080059cc                pvTimerGetTimerID
                0x00000000080059f6                vTimerSetTimerID
                0x0000000008005a1e                xTimerIsTimerActive
                0x0000000008005a4e                xTimerGetTimerDaemonTaskHandle
                0x0000000008005a70                pcTimerGetName
                0x0000000008005a88                vTimerSetReloadMode
                0x0000000008005ac2                xTimerGetReloadMode
                0x0000000008005af2                uxTimerGetReloadMode
                0x0000000008005af6                xTimerGetPeriod
                0x0000000008005b0e                xTimerGetExpiryTime
                0x0000000008005b26                xTimerGetStaticBuffer
                0x0000000008005b4c                xTimerCreateTimerTask
                0x0000000008005bb0                xTimerGenericCommandFromTask
                0x0000000008005bfc                xTimerGenericCommandFromISR
                0x0000000008005c40                vTimerSetTimerNumber
                0x0000000008005c44                uxTimerGetTimerNumber
                0x0000000008005c48                vTimerResetState
 privileged_functions
                0x0000000008005c58      0x3da build//home/user/wksp/renode_freertos/FreeRTOS/FreeRTOS/Source/event_groups.o
                0x0000000008005c58                xEventGroupCreate
                0x0000000008005c74                xEventGroupCreateStatic
                0x0000000008005cbc                xEventGroupWaitBits
                0x0000000008005dcc                xEventGroupClearBits
                0x0000000008005e12                xEventGroupSetBits
                0x0000000008005e98                xEventGroupSync
                0x0000000008005f74                xEventGroupGetBitsFromISR
                0x0000000008005f90                vEventGroupDelete
                0x0000000008005fea                xEventGroupGetStaticBuffer
                0x0000000008006020                vEventGroupSetBitsCallback
                0x0000000008006024                vEventGroupClearBitsCallback
                0x0000000008006028                uxEventGroupGetNumber
                0x000000000800602e                vEventGroupSetNumber
 *fill*         0x0000000008006032        0x2 
 privileged_functions
                0x0000000008006034      0x2c0 build//home/user/wksp/renode_freertos/FreeRTOS/FreeRTOS/Source/portable/MemMang/heap_4.o
                0x0000000008006034                pvPortMalloc
                0x00000000080061a8                pvPortCalloc
                0x00000000080061d6                vPortFree
                0x00000000080062bc                vPortInitialiseBlocks
                0x00000000080062be                xPortGetFreeHeapSize
                0x00000000080062c8                xPortGetMinimumEverFreeHeapSize
                0x00000000080062d4                xPortResetHeapMinimumEverFreeHeapSize
                0x00000000080062e0                vPortHeapResetState
 privileged_functions
                0x00000000080062f4      0x9c6 build//home/user/wksp/renode_freertos/FreeRTOS/FreeRTOS/Source/stream_buffer.o
                0x00000000080064d6                xStreamBufferGetStaticBuffers
                0x0000000008006528                xStreamBufferReceive
                0x000000000800660c                xStreamBufferReceiveFromISR
                0x000000000800669c                vStreamBufferDelete
                0x00000000080066c2                xStreamBufferIsEmpty
                0x00000000080066e2                xStreamBufferReset
                0x000000000800672e                xStreamBufferResetFromISR
                0x0000000008006786                xStreamBufferSpacesAvailable
                0x00000000080067b8                xStreamBufferSend
                0x00000000080068e4                xStreamBufferSendFromISR
                0x0000000008006980                xStreamBufferIsFull
                0x00000000080069b0                xStreamBufferBytesAvailable
                0x00000000080069c6                xStreamBufferSetTriggerLevel
                0x00000000080069ee                xStreamBufferSendCompletedFromISR
                0x0000000008006a3c                xStreamBufferReceiveCompletedFromISR
                0x0000000008006a8a                uxStreamBufferGetStreamBufferNotificationIndex
                0x0000000008006aa2                vStreamBufferSetStreamBufferNotificationIndex
                0x0000000008006afa                xStreamBufferGenericCreate
                0x0000000008006b96                xStreamBufferGenericCreateStatic
                0x0000000008006c58                xStreamBufferNextMessageLengthBytes
                0x0000000008006caa                vStreamBufferSetStreamBufferNumber
                0x0000000008006cae                uxStreamBufferGetStreamBufferNumber
                0x0000000008006cb2                ucStreamBufferGetStreamBufferType
                0x0000000008006cbc                . = ALIGN (0x4)
 *fill*         0x0000000008006cba        0x2 
 FILL mask 0xdead
                0x0000000000010000                . = __privileged_functions_region_size__
 *fill*         0x0000000008006cbc     0x9344 dead

.text           0x0000000008010000     0x33e4
                0x0000000008010000                . = ALIGN (0x4)
                0x0000000008010000                __syscalls_flash_start__ = .
 *(freertos_system_calls)
                0x0000000008010000                __syscalls_flash_end__ = .
                0x0000000008010000                . = ALIGN (0x4)
 *(.text)
 .text          0x0000000008010000       0x40 /home/user/wksp/renode_freertos/gcc-arm-none-eabi-10-2020-q4-major-x86_64-linux/gcc-arm-none-eabi-10-2020-q4-major/bin/../lib/gcc/arm-none-eabi/10.2.1/thumb/v7e-m+fp/hard/crtbegin.o
 .text          0x0000000008010040       0x30 /home/user/wksp/renode_freertos/gcc-arm-none-eabi-10-2020-q4-major-x86_64-linux/gcc-arm-none-eabi-10-2020-q4-major/bin/../lib/gcc/arm-none-eabi/10.2.1/thumb/v7e-m+fp/hard/libgcc.a(_aeabi_uldivmod.o)
                0x0000000008010040                __aeabi_uldivmod
 .text          0x0000000008010070      0x2d0 /home/user/wksp/renode_freertos/gcc-arm-none-eabi-10-2020-q4-major-x86_64-linux/gcc-arm-none-eabi-10-2020-q4-major/bin/../lib/gcc/arm-none-eabi/10.2.1/thumb/v7e-m+fp/hard/libgcc.a(_udivmoddi4.o)
                0x0000000008010070                __udivmoddi4
 .text          0x0000000008010340        0x4 /home/user/wksp/renode_freertos/gcc-arm-none-eabi-10-2020-q4-major-x86_64-linux/gcc-arm-none-eabi-10-2020-q4-major/bin/../lib/gcc/arm-none-eabi/10.2.1/thumb/v7e-m+fp/hard/libgcc.a(_dvmd_tls.o)
                0x0000000008010340                __aeabi_ldiv0
                0x0000000008010340                __aeabi_idiv0
 .text          0x0000000008010344      0x134 /home/user/wksp/renode_freertos/gcc-arm-none-eabi-10-2020-q4-major-x86_64-linux/gcc-arm-none-eabi-10-2020-q4-major/bin/../lib/gcc/arm-none-eabi/10.2.1/../../../../arm-none-eabi/lib/thumb/v7e-m+fp/hard/libc.a(lib_a-memcpy.o)
                0x0000000008010344                memcpy
 *fill*         0x0000000008010478        0x8 
 .text          0x0000000008010480       0xdc /home/user/wksp/renode_freertos/gcc-arm-none-eabi-10-2020-q4-major-x86_64-linux/gcc-arm-none-eabi-10-2020-q4-major/bin/../lib/gcc/arm-none-eabi/10.2.1/../../../../arm-none-eabi/lib/thumb/v7e-m+fp/hard/libc.a(lib_a-strlen.o)
                0x0000000008010480                strlen
 *fill*         0x000000000801055c        0x4 
 .text          0x0000000008010560       0xa0 /home/user/wksp/renode_freertos/gcc-arm-none-eabi-10-2020-q4-major-x86_64-linux/gcc-arm-none-eabi-10-2020-q4-major/bin/../lib/gcc/arm-none-eabi/10.2.1/../../../../arm-none-eabi/lib/thumb/v7e-m+fp/hard/libc.a(lib_a-memchr.o)
                0x0000000008010560                memchr
 *(.text*)
 .text.__libc_init_array
                0x0000000008010600       0x48 /home/user/wksp/renode_freertos/gcc-arm-none-eabi-10-2020-q4-major-x86_64-linux/gcc-arm-none-eabi-10-2020-q4-major/bin/../lib/gcc/arm-none-eabi/10.2.1/../../../../arm-none-eabi/lib/thumb/v7e-m+fp/hard/libc.a(lib_a-init.o)
                0x0000000008010600                __libc_init_array
 .text.memset   0x0000000008010648       0xa4 /home/user/wksp/renode_freertos/gcc-arm-none-eabi-10-2020-q4-major-x86_64-linux/gcc-arm-none-eabi-10-2020-q4-major/bin/../lib/gcc/arm-none-eabi/10.2.1/../../../../arm-none-eabi/lib/thumb/v7e-m+fp/hard/libc.a(lib_a-memset.o)
                0x0000000008010648                memset
 .text.startup.register_fini
                0x00000000080106ec       0x14 /home/user/wksp/renode_freertos/gcc-arm-none-eabi-10-2020-q4-major-x86_64-linux/gcc-arm-none-eabi-10-2020-q4-major/bin/../lib/gcc/arm-none-eabi/10.2.1/../../../../arm-none-eabi/lib/thumb/v7e-m+fp/hard/libc.a(lib_a-__call_atexit.o)
 .text.atexit   0x0000000008010700        0xc /home/user/wksp/renode_freertos/gcc-arm-none-eabi-10-2020-q4-major-x86_64-linux/gcc-arm-none-eabi-10-2020-q4-major/bin/../lib/gcc/arm-none-eabi/10.2.1/../../../../arm-none-eabi/lib/thumb/v7e-m+fp/hard/libc.a(lib_a-atexit.o)
                0x0000000008010700                atexit
 .text.__libc_fini_array
                0x000000000801070c       0x2c /home/user/wksp/renode_freertos/gcc-arm-none-eabi-10-2020-q4-major-x86_64-linux/gcc-arm-none-eabi-10-2020-q4-major/bin/../lib/gcc/arm-none-eabi/10.2.1/../../../../arm-none-eabi/lib/thumb/v7e-m+fp/hard/libc.a(lib_a-fini.o)
                0x000000000801070c                __libc_fini_array
 .text.__retarget_lock_init_recursive
                0x0000000008010738        0x4 /home/user/wksp/renode_freertos/gcc-arm-none-eabi-10-2020-q4-major-x86_64-linux/gcc-arm-none-eabi-10-2020-q4-major/bin/../lib/gcc/arm-none-eabi/10.2.1/../../../../arm-none-eabi/lib/thumb/v7e-m+fp/hard/libc.a(lib_a-lock.o)
                0x0000000008010738                __retarget_lock_init_recursive
 .text.__retarget_lock_close_recursive
                0x000000000801073c        0x4 /home/user/wksp/renode_freertos/gcc-arm-none-eabi-10-2020-q4-major-x86_64-linux/gcc-arm-none-eabi-10-2020-q4-major/bin/../lib/gcc/arm-none-eabi/10.2.1/../../../../arm-none-eabi/lib/thumb/v7e-m+fp/hard/libc.a(lib_a-lock.o)
                0x000000000801073c                __retarget_lock_close_recursive
 .text.__retarget_lock_acquire_recursive
                0x0000000008010740        0x4 /home/user/wksp/renode_freertos/gcc-arm-none-eabi-10-2020-q4-major-x86_64-linux/gcc-arm-none-eabi-10-2020-q4-major/bin/../lib/gcc/arm-none-eabi/10.2.1/../../../../arm-none-eabi/lib/thumb/v7e-m+fp/hard/libc.a(lib_a-lock.o)
                0x0000000008010740                __retarget_lock_acquire_recursive
 .text.__retarget_lock_release_recursive
                0x0000000008010744        0x4 /home/user/wksp/renode_freertos/gcc-arm-none-eabi-10-2020-q4-major-x86_64-linux/gcc-arm-none-eabi-10-2020-q4-major/bin/../lib/gcc/arm-none-eabi/10.2.1/../../../../arm-none-eabi/lib/thumb/v7e-m+fp/hard/libc.a(lib_a-lock.o)
                0x0000000008010744                __retarget_lock_release_recursive
 .text.__register_exitproc
                0x0000000008010748       0x8c /home/user/wksp/renode_freertos/gcc-arm-none-eabi-10-2020-q4-major-x86_64-linux/gcc-arm-none-eabi-10-2020-q4-major/bin/../lib/gcc/arm-none-eabi/10.2.1/../../../../arm-none-eabi/lib/thumb/v7e-m+fp/hard/libc.a(lib_a-__atexit.o)
                0x0000000008010748                __register_exitproc
 .text._read    0x00000000080107d4       0x1c build/Startup/syscalls.o
                0x00000000080107d4                _read
 .text._write   0x00000000080107f0       0x1c build/Startup/syscalls.o
                0x00000000080107f0                _write
 .text._close   0x000000000801080c        0x6 build/Startup/syscalls.o
                0x000000000801080c                _close
 .text._fstat   0x0000000008010812        0xa build/Startup/syscalls.o
                0x0000000008010812                _fstat
 .text._isatty  0x000000000801081c        0x4 build/Startup/syscalls.o
                0x000000000801081c                _isatty
 .text._lseek   0x0000000008010820        0x4 build/Startup/syscalls.o
                0x0000000008010820                _lseek
 .text._sbrk    0x0000000008010824       0x34 build/Startup/sysmem.o
                0x0000000008010824                _sbrk
 .text.startup.main
                0x0000000008010858      0x120 build//home/user/wksp/renode_freertos/FreeRTOS/FreeRTOS/Demo/STM32F4_FreeRTOS/ST_Code/Core/Src/main.o
                0x0000000008010858                main
 .text.HAL_ADC_ConvCpltCallback
                0x0000000008010978        0x6 build//home/user/wksp/renode_freertos/FreeRTOS/FreeRTOS/Demo/STM32F4_FreeRTOS/ST_Code/Core/Src/main.o
                0x0000000008010978                HAL_ADC_ConvCpltCallback
 *fill*         0x000000000801097e        0x2 
 .text.HAL_ADC_MspInit
                0x0000000008010980       0xb8 build//home/user/wksp/renode_freertos/FreeRTOS/FreeRTOS/Demo/STM32F4_FreeRTOS/ST_Code/Core/Src/stm32f4xx_hal_msp.o
                0x0000000008010980                HAL_ADC_MspInit
 .text.NMI_Handler
                0x0000000008010a38        0x2 build//home/user/wksp/renode_freertos/FreeRTOS/FreeRTOS/Demo/STM32F4_FreeRTOS/ST_Code/Core/Src/stm32f4xx_it.o
                0x0000000008010a38                NMI_Handler
 .text.HardFault_Handler
                0x0000000008010a3a        0x2 build//home/user/wksp/renode_freertos/FreeRTOS/FreeRTOS/Demo/STM32F4_FreeRTOS/ST_Code/Core/Src/stm32f4xx_it.o
                0x0000000008010a3a                HardFault_Handler
 .text.MemManage_Handler
                0x0000000008010a3c        0x2 build//home/user/wksp/renode_freertos/FreeRTOS/FreeRTOS/Demo/STM32F4_FreeRTOS/ST_Code/Core/Src/stm32f4xx_it.o
                0x0000000008010a3c                MemManage_Handler
 .text.BusFault_Handler
                0x0000000008010a3e        0x2 build//home/user/wksp/renode_freertos/FreeRTOS/FreeRTOS/Demo/STM32F4_FreeRTOS/ST_Code/Core/Src/stm32f4xx_it.o
                0x0000000008010a3e                BusFault_Handler
 .text.UsageFault_Handler
                0x0000000008010a40        0x2 build//home/user/wksp/renode_freertos/FreeRTOS/FreeRTOS/Demo/STM32F4_FreeRTOS/ST_Code/Core/Src/stm32f4xx_it.o
                0x0000000008010a40                UsageFault_Handler
 .text.DebugMon_Handler
                0x0000000008010a42        0x2 build//home/user/wksp/renode_freertos/FreeRTOS/FreeRTOS/Demo/STM32F4_FreeRTOS/ST_Code/Core/Src/stm32f4xx_it.o
                0x0000000008010a42                DebugMon_Handler
 .text.DMA2_Stream0_IRQHandler
                0x0000000008010a44        0xc build//home/user/wksp/renode_freertos/FreeRTOS/FreeRTOS/Demo/STM32F4_FreeRTOS/ST_Code/Core/Src/stm32f4xx_it.o
                0x0000000008010a44                DMA2_Stream0_IRQHandler
 .text.SystemInit
                0x0000000008010a50       0x4c build//home/user/wksp/renode_freertos/FreeRTOS/FreeRTOS/Demo/STM32F4_FreeRTOS/ST_Code/Core/Src/system_stm32f4xx.o
                0x0000000008010a50                SystemInit
 .text.HAL_ADC_Init
                0x0000000008010a9c      0x14c build//home/user/wksp/renode_freertos/FreeRTOS/FreeRTOS/Demo/STM32F4_FreeRTOS/ST_Code/Drivers/STM32F4xx_HAL_Driver/Src/stm32f4xx_hal_adc.o
                0x0000000008010a9c                HAL_ADC_Init
 .text.HAL_ADC_Start_DMA
                0x0000000008010be8      0x148 build//home/user/wksp/renode_freertos/FreeRTOS/FreeRTOS/Demo/STM32F4_FreeRTOS/ST_Code/Drivers/STM32F4xx_HAL_Driver/Src/stm32f4xx_hal_adc.o
                0x0000000008010be8                HAL_ADC_Start_DMA
 .text.HAL_ADC_ConvHalfCpltCallback
                0x0000000008010d30        0x2 build//home/user/wksp/renode_freertos/FreeRTOS/FreeRTOS/Demo/STM32F4_FreeRTOS/ST_Code/Drivers/STM32F4xx_HAL_Driver/Src/stm32f4xx_hal_adc.o
                0x0000000008010d30                HAL_ADC_ConvHalfCpltCallback
 .text.ADC_DMAHalfConvCplt
                0x0000000008010d32        0xa build//home/user/wksp/renode_freertos/FreeRTOS/FreeRTOS/Demo/STM32F4_FreeRTOS/ST_Code/Drivers/STM32F4xx_HAL_Driver/Src/stm32f4xx_hal_adc.o
 .text.HAL_ADC_ErrorCallback
                0x0000000008010d3c        0x2 build//home/user/wksp/renode_freertos/FreeRTOS/FreeRTOS/Demo/STM32F4_FreeRTOS/ST_Code/Drivers/STM32F4xx_HAL_Driver/Src/stm32f4xx_hal_adc.o
                0x0000000008010d3c                HAL_ADC_ErrorCallback
 .text.ADC_DMAError
                0x0000000008010d3e       0x16 build//home/user/wksp/renode_freertos/FreeRTOS/FreeRTOS/Demo/STM32F4_FreeRTOS/ST_Code/Drivers/STM32F4xx_HAL_Driver/Src/stm32f4xx_hal_adc.o
 .text.ADC_DMAConvCplt
                0x0000000008010d54       0x6c build//home/user/wksp/renode_freertos/FreeRTOS/FreeRTOS/Demo/STM32F4_FreeRTOS/ST_Code/Drivers/STM32F4xx_HAL_Driver/Src/stm32f4xx_hal_adc.o
 .text.HAL_ADC_ConfigChannel
                0x0000000008010dc0      0x124 build//home/user/wksp/renode_freertos/FreeRTOS/FreeRTOS/Demo/STM32F4_FreeRTOS/ST_Code/Drivers/STM32F4xx_HAL_Driver/Src/stm32f4xx_hal_adc.o
                0x0000000008010dc0                HAL_ADC_ConfigChannel
 .text.HAL_InitTick
                0x0000000008010ee4       0x48 build//home/user/wksp/renode_freertos/FreeRTOS/FreeRTOS/Demo/STM32F4_FreeRTOS/ST_Code/Drivers/STM32F4xx_HAL_Driver/Src/stm32f4xx_hal.o
                0x0000000008010ee4                HAL_InitTick
 .text.HAL_Init
                0x0000000008010f2c       0x2c build//home/user/wksp/renode_freertos/FreeRTOS/FreeRTOS/Demo/STM32F4_FreeRTOS/ST_Code/Drivers/STM32F4xx_HAL_Driver/Src/stm32f4xx_hal.o
                0x0000000008010f2c                HAL_Init
 .text.HAL_GetTick
                0x0000000008010f58        0xc build//home/user/wksp/renode_freertos/FreeRTOS/FreeRTOS/Demo/STM32F4_FreeRTOS/ST_Code/Drivers/STM32F4xx_HAL_Driver/Src/stm32f4xx_hal.o
                0x0000000008010f58                HAL_GetTick
 .text.HAL_GetREVID
                0x0000000008010f64        0xc build//home/user/wksp/renode_freertos/FreeRTOS/FreeRTOS/Demo/STM32F4_FreeRTOS/ST_Code/Drivers/STM32F4xx_HAL_Driver/Src/stm32f4xx_hal.o
                0x0000000008010f64                HAL_GetREVID
 .text.HAL_NVIC_SetPriorityGrouping
                0x0000000008010f70       0x24 build//home/user/wksp/renode_freertos/FreeRTOS/FreeRTOS/Demo/STM32F4_FreeRTOS/ST_Code/Drivers/STM32F4xx_HAL_Driver/Src/stm32f4xx_hal_cortex.o
                0x0000000008010f70                HAL_NVIC_SetPriorityGrouping
 .text.HAL_NVIC_SetPriority
                0x0000000008010f94       0x64 build//home/user/wksp/renode_freertos/FreeRTOS/FreeRTOS/Demo/STM32F4_FreeRTOS/ST_Code/Drivers/STM32F4xx_HAL_Driver/Src/stm32f4xx_hal_cortex.o
                0x0000000008010f94                HAL_NVIC_SetPriority
 .text.HAL_NVIC_EnableIRQ
                0x0000000008010ff8       0x1c build//home/user/wksp/renode_freertos/FreeRTOS/FreeRTOS/Demo/STM32F4_FreeRTOS/ST_Code/Drivers/STM32F4xx_HAL_Driver/Src/stm32f4xx_hal_cortex.o
                0x0000000008010ff8                HAL_NVIC_EnableIRQ
 .text.HAL_SYSTICK_Config
                0x0000000008011014       0x28 build//home/user/wksp/renode_freertos/FreeRTOS/FreeRTOS/Demo/STM32F4_FreeRTOS/ST_Code/Drivers/STM32F4xx_HAL_Driver/Src/stm32f4xx_hal_cortex.o
                0x0000000008011014                HAL_SYSTICK_Config
 .text.DMA_CalcBaseAndBitshift
                0x000000000801103c       0x2c build//home/user/wksp/renode_freertos/FreeRTOS/FreeRTOS/Demo/STM32F4_FreeRTOS/ST_Code/Drivers/STM32F4xx_HAL_Driver/Src/stm32f4xx_hal_dma.o
 .text.HAL_DMA_Init
                0x0000000008011068      0x100 build//home/user/wksp/renode_freertos/FreeRTOS/FreeRTOS/Demo/STM32F4_FreeRTOS/ST_Code/Drivers/STM32F4xx_HAL_Driver/Src/stm32f4xx_hal_dma.o
                0x0000000008011068                HAL_DMA_Init
 .text.HAL_DMA_Start_IT
                0x0000000008011168       0x74 build//home/user/wksp/renode_freertos/FreeRTOS/FreeRTOS/Demo/STM32F4_FreeRTOS/ST_Code/Drivers/STM32F4xx_HAL_Driver/Src/stm32f4xx_hal_dma.o
                0x0000000008011168                HAL_DMA_Start_IT
 .text.HAL_DMA_IRQHandler
                0x00000000080111dc      0x17c build//home/user/wksp/renode_freertos/FreeRTOS/FreeRTOS/Demo/STM32F4_FreeRTOS/ST_Code/Drivers/STM32F4xx_HAL_Driver/Src/stm32f4xx_hal_dma.o
                0x00000000080111dc                HAL_DMA_IRQHandler
 .text.HAL_GPIO_Init
                0x0000000008011358      0x1b4 build//home/user/wksp/renode_freertos/FreeRTOS/FreeRTOS/Demo/STM32F4_FreeRTOS/ST_Code/Drivers/STM32F4xx_HAL_Driver/Src/stm32f4xx_hal_gpio.o
                0x0000000008011358                HAL_GPIO_Init
 .text.HAL_GPIO_WritePin
                0x000000000801150c        0xa build//home/user/wksp/renode_freertos/FreeRTOS/FreeRTOS/Demo/STM32F4_FreeRTOS/ST_Code/Drivers/STM32F4xx_HAL_Driver/Src/stm32f4xx_hal_gpio.o
                0x000000000801150c                HAL_GPIO_WritePin
 .text.HAL_MspInit
                0x0000000008011516        0x2 build//home/user/wksp/renode_freertos/FreeRTOS/FreeRTOS/Demo/STM32F4_FreeRTOS/ST_Code/Drivers/STM32F4xx_HAL_Driver/Src/stm32f4xx_hal_msp_template.o
                0x0000000008011516                HAL_MspInit
 .text.HAL_RCC_OscConfig
                0x0000000008011518      0x360 build//home/user/wksp/renode_freertos/FreeRTOS/FreeRTOS/Demo/STM32F4_FreeRTOS/ST_Code/Drivers/STM32F4xx_HAL_Driver/Src/stm32f4xx_hal_rcc.o
                0x0000000008011518                HAL_RCC_OscConfig
 .text.HAL_RCC_GetSysClockFreq
                0x0000000008011878       0x5c build//home/user/wksp/renode_freertos/FreeRTOS/FreeRTOS/Demo/STM32F4_FreeRTOS/ST_Code/Drivers/STM32F4xx_HAL_Driver/Src/stm32f4xx_hal_rcc.o
                0x0000000008011878                HAL_RCC_GetSysClockFreq
 .text.HAL_RCC_ClockConfig
                0x00000000080118d4      0x138 build//home/user/wksp/renode_freertos/FreeRTOS/FreeRTOS/Demo/STM32F4_FreeRTOS/ST_Code/Drivers/STM32F4xx_HAL_Driver/Src/stm32f4xx_hal_rcc.o
                0x00000000080118d4                HAL_RCC_ClockConfig
 .text.BSP_LED_Init
                0x0000000008011a0c       0xb4 build//home/user/wksp/renode_freertos/FreeRTOS/FreeRTOS/Demo/STM32F4_FreeRTOS/ST_Code/Drivers/BSP/STM32F4-Discovery/stm32f4_discovery.o
                0x0000000008011a0c                BSP_LED_Init
 .text.BSP_LED_On
                0x0000000008011ac0       0x1c build//home/user/wksp/renode_freertos/FreeRTOS/FreeRTOS/Demo/STM32F4_FreeRTOS/ST_Code/Drivers/BSP/STM32F4-Discovery/stm32f4_discovery.o
                0x0000000008011ac0                BSP_LED_On
 .text.vPortEnableVFP
                0x0000000008011adc       0x14 build//home/user/wksp/renode_freertos/FreeRTOS/FreeRTOS/Source/portable/GCC/ARM_CM4_MPU/port.o
 .text.vPortSetupTimerInterrupt
                0x0000000008011af0       0x24 build//home/user/wksp/renode_freertos/FreeRTOS/FreeRTOS/Source/portable/GCC/ARM_CM4_MPU/port.o
                0x0000000008011af0                vPortSetupTimerInterrupt
 .text.vPortValidateInterruptPriority
                0x0000000008011b14       0x5c build//home/user/wksp/renode_freertos/FreeRTOS/FreeRTOS/Source/portable/GCC/ARM_CM4_MPU/port.o
                0x0000000008011b14                vPortValidateInterruptPriority
 .text.vApplicationMallocFailedHook
                0x0000000008011b70       0x10 build/../../Demo/app_main.o
                0x0000000008011b70                vApplicationMallocFailedHook
 .text.vApplicationGetIdleTaskMemory
                0x0000000008011b80       0x18 build/../../Demo/app_main.o
                0x0000000008011b80                vApplicationGetIdleTaskMemory
 .text.vApplicationGetTimerTaskMemory
                0x0000000008011b98       0x18 build/../../Demo/app_main.o
                0x0000000008011b98                vApplicationGetTimerTaskMemory
 .text.Reset_Handler
                0x0000000008011bb0       0x50 Startup/startup_stm32f407vg.o
                0x0000000008011bb0                Reset_Handler
 .text.Default_Handler
                0x0000000008011c00        0x2 Startup/startup_stm32f407vg.o
                0x0000000008011c00                RTC_Alarm_IRQHandler
                0x0000000008011c00                HASH_RNG_IRQHandler
                0x0000000008011c00                EXTI2_IRQHandler
                0x0000000008011c00                TIM8_CC_IRQHandler
                0x0000000008011c00                TIM1_CC_IRQHandler
                0x0000000008011c00                DMA2_Stream5_IRQHandler
                0x0000000008011c00                DMA1_Stream5_IRQHandler
                0x0000000008011c00                PVD_IRQHandler
                0x0000000008011c00                SDIO_IRQHandler
                0x0000000008011c00                TAMP_STAMP_IRQHandler
                0x0000000008011c00                CAN2_RX1_IRQHandler
                0x0000000008011c00                EXTI3_IRQHandler
                0x0000000008011c00                TIM8_TRG_COM_TIM14_IRQHandler
                0x0000000008011c00                TIM1_UP_TIM10_IRQHandler
                0x0000000008011c00                TIM8_UP_TIM13_IRQHandler
                0x0000000008011c00                I2C3_ER_IRQHandler
                0x0000000008011c00                EXTI0_IRQHandler
                0x0000000008011c00                I2C2_EV_IRQHandler
                0x0000000008011c00                DMA1_Stream2_IRQHandler
                0x0000000008011c00                CAN1_RX0_IRQHandler
                0x0000000008011c00                FPU_IRQHandler
                0x0000000008011c00                OTG_HS_WKUP_IRQHandler
                0x0000000008011c00                CAN2_SCE_IRQHandler
                0x0000000008011c00                DMA2_Stream2_IRQHandler
                0x0000000008011c00                SPI1_IRQHandler
                0x0000000008011c00                TIM6_DAC_IRQHandler
                0x0000000008011c00                TIM1_BRK_TIM9_IRQHandler
                0x0000000008011c00                DCMI_IRQHandler
                0x0000000008011c00                CAN2_RX0_IRQHandler
                0x0000000008011c00                DMA2_Stream3_IRQHandler
                0x0000000008011c00                USART6_IRQHandler
                0x0000000008011c00                USART3_IRQHandler
                0x0000000008011c00                CRYP_IRQHandler
                0x0000000008011c00                CAN1_RX1_IRQHandler
                0x0000000008011c00                UART5_IRQHandler
                0x0000000008011c00                TIM4_IRQHandler
                0x0000000008011c00                I2C1_EV_IRQHandler
                0x0000000008011c00                DMA1_Stream6_IRQHandler
                0x0000000008011c00                DMA1_Stream1_IRQHandler
                0x0000000008011c00                UART4_IRQHandler
                0x0000000008011c00                TIM3_IRQHandler
                0x0000000008011c00                RCC_IRQHandler
                0x0000000008011c00                TIM8_BRK_TIM12_IRQHandler
                0x0000000008011c00                Default_Handler
                0x0000000008011c00                EXTI15_10_IRQHandler
                0x0000000008011c00                ADC_IRQHandler
                0x0000000008011c00                DMA1_Stream7_IRQHandler
                0x0000000008011c00                TIM7_IRQHandler
                0x0000000008011c00                CAN2_TX_IRQHandler
                0x0000000008011c00                TIM5_IRQHandler
                0x0000000008011c00                DMA2_Stream7_IRQHandler
                0x0000000008011c00                I2C3_EV_IRQHandler
                0x0000000008011c00                EXTI9_5_IRQHandler
                0x0000000008011c00                RTC_WKUP_IRQHandler
                0x0000000008011c00                ETH_WKUP_IRQHandler
                0x0000000008011c00                SPI2_IRQHandler
                0x0000000008011c00                OTG_HS_EP1_IN_IRQHandler
                0x0000000008011c00                DMA1_Stream0_IRQHandler
                0x0000000008011c00                CAN1_TX_IRQHandler
                0x0000000008011c00                EXTI4_IRQHandler
                0x0000000008011c00                ETH_IRQHandler
                0x0000000008011c00                OTG_HS_EP1_OUT_IRQHandler
                0x0000000008011c00                WWDG_IRQHandler
                0x0000000008011c00                TIM2_IRQHandler
                0x0000000008011c00                OTG_FS_WKUP_IRQHandler
                0x0000000008011c00                TIM1_TRG_COM_TIM11_IRQHandler
                0x0000000008011c00                OTG_HS_IRQHandler
                0x0000000008011c00                EXTI1_IRQHandler
                0x0000000008011c00                USART2_IRQHandler
                0x0000000008011c00                I2C2_ER_IRQHandler
                0x0000000008011c00                DMA2_Stream1_IRQHandler
                0x0000000008011c00                CAN1_SCE_IRQHandler
                0x0000000008011c00                FLASH_IRQHandler
                0x0000000008011c00                DMA2_Stream4_IRQHandler
                0x0000000008011c00                USART1_IRQHandler
                0x0000000008011c00                OTG_FS_IRQHandler
                0x0000000008011c00                SPI3_IRQHandler
                0x0000000008011c00                DMA1_Stream4_IRQHandler
                0x0000000008011c00                I2C1_ER_IRQHandler
                0x0000000008011c00                FMC_IRQHandler
                0x0000000008011c00                DMA2_Stream6_IRQHandler
                0x0000000008011c00                DMA1_Stream3_IRQHandler
 *fill*         0x0000000008011c02        0x2 
 .text.__errno  0x0000000008011c04        0xc /home/user/wksp/renode_freertos/gcc-arm-none-eabi-10-2020-q4-major-x86_64-linux/gcc-arm-none-eabi-10-2020-q4-major/bin/../lib/gcc/arm-none-eabi/10.2.1/../../../../arm-none-eabi/lib/thumb/v7e-m+fp/hard/libc.a(lib_a-errno.o)
                0x0000000008011c04                __errno
 .text._puts_r  0x0000000008011c10       0x9c /home/user/wksp/renode_freertos/gcc-arm-none-eabi-10-2020-q4-major-x86_64-linux/gcc-arm-none-eabi-10-2020-q4-major/bin/../lib/gcc/arm-none-eabi/10.2.1/../../../../arm-none-eabi/lib/thumb/v7e-m+fp/hard/libc.a(lib_a-puts.o)
                0x0000000008011c10                _puts_r
 .text.puts     0x0000000008011cac       0x10 /home/user/wksp/renode_freertos/gcc-arm-none-eabi-10-2020-q4-major-x86_64-linux/gcc-arm-none-eabi-10-2020-q4-major/bin/../lib/gcc/arm-none-eabi/10.2.1/../../../../arm-none-eabi/lib/thumb/v7e-m+fp/hard/libc.a(lib_a-puts.o)
                0x0000000008011cac                puts
 .text._cleanup_r
                0x0000000008011cbc        0xc /home/user/wksp/renode_freertos/gcc-arm-none-eabi-10-2020-q4-major-x86_64-linux/gcc-arm-none-eabi-10-2020-q4-major/bin/../lib/gcc/arm-none-eabi/10.2.1/../../../../arm-none-eabi/lib/thumb/v7e-m+fp/hard/libc.a(lib_a-findfp.o)
                0x0000000008011cbc                _cleanup_r
 .text.__sinit  0x0000000008011cc8      0x10c /home/user/wksp/renode_freertos/gcc-arm-none-eabi-10-2020-q4-major-x86_64-linux/gcc-arm-none-eabi-10-2020-q4-major/bin/../lib/gcc/arm-none-eabi/10.2.1/../../../../arm-none-eabi/lib/thumb/v7e-m+fp/hard/libc.a(lib_a-findfp.o)
                0x0000000008011cc8                __sinit
 .text.__sfp_lock_acquire
                0x0000000008011dd4        0xc /home/user/wksp/renode_freertos/gcc-arm-none-eabi-10-2020-q4-major-x86_64-linux/gcc-arm-none-eabi-10-2020-q4-major/bin/../lib/gcc/arm-none-eabi/10.2.1/../../../../arm-none-eabi/lib/thumb/v7e-m+fp/hard/libc.a(lib_a-findfp.o)
                0x0000000008011dd4                __sfp_lock_acquire
 .text.__sfp_lock_release
                0x0000000008011de0        0xc /home/user/wksp/renode_freertos/gcc-arm-none-eabi-10-2020-q4-major-x86_64-linux/gcc-arm-none-eabi-10-2020-q4-major/bin/../lib/gcc/arm-none-eabi/10.2.1/../../../../arm-none-eabi/lib/thumb/v7e-m+fp/hard/libc.a(lib_a-findfp.o)
                0x0000000008011de0                __sfp_lock_release
 .text.__sfvwrite_r
                0x0000000008011dec      0x2f0 /home/user/wksp/renode_freertos/gcc-arm-none-eabi-10-2020-q4-major-x86_64-linux/gcc-arm-none-eabi-10-2020-q4-major/bin/../lib/gcc/arm-none-eabi/10.2.1/../../../../arm-none-eabi/lib/thumb/v7e-m+fp/hard/libc.a(lib_a-fvwrite.o)
                0x0000000008011dec                __sfvwrite_r
 .text._fwalk_reent
                0x00000000080120dc       0x48 /home/user/wksp/renode_freertos/gcc-arm-none-eabi-10-2020-q4-major-x86_64-linux/gcc-arm-none-eabi-10-2020-q4-major/bin/../lib/gcc/arm-none-eabi/10.2.1/../../../../arm-none-eabi/lib/thumb/v7e-m+fp/hard/libc.a(lib_a-fwalk.o)
                0x00000000080120dc                _fwalk_reent
 .text._malloc_r
                0x0000000008012124      0x560 /home/user/wksp/renode_freertos/gcc-arm-none-eabi-10-2020-q4-major-x86_64-linux/gcc-arm-none-eabi-10-2020-q4-major/bin/../lib/gcc/arm-none-eabi/10.2.1/../../../../arm-none-eabi/lib/thumb/v7e-m+fp/hard/libc.a(lib_a-mallocr.o)
                0x0000000008012124                _malloc_r
 .text.memmove  0x0000000008012684       0xf8 /home/user/wksp/renode_freertos/gcc-arm-none-eabi-10-2020-q4-major-x86_64-linux/gcc-arm-none-eabi-10-2020-q4-major/bin/../lib/gcc/arm-none-eabi/10.2.1/../../../../arm-none-eabi/lib/thumb/v7e-m+fp/hard/libc.a(lib_a-memmove.o)
                0x0000000008012684                memmove
 .text.__malloc_lock
                0x000000000801277c        0xc /home/user/wksp/renode_freertos/gcc-arm-none-eabi-10-2020-q4-major-x86_64-linux/gcc-arm-none-eabi-10-2020-q4-major/bin/../lib/gcc/arm-none-eabi/10.2.1/../../../../arm-none-eabi/lib/thumb/v7e-m+fp/hard/libc.a(lib_a-mlock.o)
                0x000000000801277c                __malloc_lock
 .text.__malloc_unlock
                0x0000000008012788        0xc /home/user/wksp/renode_freertos/gcc-arm-none-eabi-10-2020-q4-major-x86_64-linux/gcc-arm-none-eabi-10-2020-q4-major/bin/../lib/gcc/arm-none-eabi/10.2.1/../../../../arm-none-eabi/lib/thumb/v7e-m+fp/hard/libc.a(lib_a-mlock.o)
                0x0000000008012788                __malloc_unlock
 .text._realloc_r
                0x0000000008012794      0x3d8 /home/user/wksp/renode_freertos/gcc-arm-none-eabi-10-2020-q4-major-x86_64-linux/gcc-arm-none-eabi-10-2020-q4-major/bin/../lib/gcc/arm-none-eabi/10.2.1/../../../../arm-none-eabi/lib/thumb/v7e-m+fp/hard/libc.a(lib_a-reallocr.o)
                0x0000000008012794                _realloc_r
 .text._sbrk_r  0x0000000008012b6c       0x24 /home/user/wksp/renode_freertos/gcc-arm-none-eabi-10-2020-q4-major-x86_64-linux/gcc-arm-none-eabi-10-2020-q4-major/bin/../lib/gcc/arm-none-eabi/10.2.1/../../../../arm-none-eabi/lib/thumb/v7e-m+fp/hard/libc.a(lib_a-sbrkr.o)
                0x0000000008012b6c                _sbrk_r
 .text.__sread  0x0000000008012b90       0x24 /home/user/wksp/renode_freertos/gcc-arm-none-eabi-10-2020-q4-major-x86_64-linux/gcc-arm-none-eabi-10-2020-q4-major/bin/../lib/gcc/arm-none-eabi/10.2.1/../../../../arm-none-eabi/lib/thumb/v7e-m+fp/hard/libc.a(lib_a-stdio.o)
                0x0000000008012b90                __sread
 .text.__swrite
                0x0000000008012bb4       0x40 /home/user/wksp/renode_freertos/gcc-arm-none-eabi-10-2020-q4-major-x86_64-linux/gcc-arm-none-eabi-10-2020-q4-major/bin/../lib/gcc/arm-none-eabi/10.2.1/../../../../arm-none-eabi/lib/thumb/v7e-m+fp/hard/libc.a(lib_a-stdio.o)
                0x0000000008012bb4                __swrite
 .text.__sseek  0x0000000008012bf4       0x20 /home/user/wksp/renode_freertos/gcc-arm-none-eabi-10-2020-q4-major-x86_64-linux/gcc-arm-none-eabi-10-2020-q4-major/bin/../lib/gcc/arm-none-eabi/10.2.1/../../../../arm-none-eabi/lib/thumb/v7e-m+fp/hard/libc.a(lib_a-stdio.o)
                0x0000000008012bf4                __sseek
 .text.__sclose
                0x0000000008012c14        0x8 /home/user/wksp/renode_freertos/gcc-arm-none-eabi-10-2020-q4-major-x86_64-linux/gcc-arm-none-eabi-10-2020-q4-major/bin/../lib/gcc/arm-none-eabi/10.2.1/../../../../arm-none-eabi/lib/thumb/v7e-m+fp/hard/libc.a(lib_a-stdio.o)
                0x0000000008012c14                __sclose
 .text._write_r
                0x0000000008012c1c       0x2c /home/user/wksp/renode_freertos/gcc-arm-none-eabi-10-2020-q4-major-x86_64-linux/gcc-arm-none-eabi-10-2020-q4-major/bin/../lib/gcc/arm-none-eabi/10.2.1/../../../../arm-none-eabi/lib/thumb/v7e-m+fp/hard/libc.a(lib_a-writer.o)
                0x0000000008012c1c                _write_r
 .text.__swsetup_r
                0x0000000008012c48       0xd4 /home/user/wksp/renode_freertos/gcc-arm-none-eabi-10-2020-q4-major-x86_64-linux/gcc-arm-none-eabi-10-2020-q4-major/bin/../lib/gcc/arm-none-eabi/10.2.1/../../../../arm-none-eabi/lib/thumb/v7e-m+fp/hard/libc.a(lib_a-wsetup.o)
                0x0000000008012c48                __swsetup_r
 .text._close_r
                0x0000000008012d1c       0x24 /home/user/wksp/renode_freertos/gcc-arm-none-eabi-10-2020-q4-major-x86_64-linux/gcc-arm-none-eabi-10-2020-q4-major/bin/../lib/gcc/arm-none-eabi/10.2.1/../../../../arm-none-eabi/lib/thumb/v7e-m+fp/hard/libc.a(lib_a-closer.o)
                0x0000000008012d1c                _close_r
 .text._fclose_r
                0x0000000008012d40       0xcc /home/user/wksp/renode_freertos/gcc-arm-none-eabi-10-2020-q4-major-x86_64-linux/gcc-arm-none-eabi-10-2020-q4-major/bin/../lib/gcc/arm-none-eabi/10.2.1/../../../../arm-none-eabi/lib/thumb/v7e-m+fp/hard/libc.a(lib_a-fclose.o)
                0x0000000008012d40                _fclose_r
 .text.__sflush_r
                0x0000000008012e0c      0x130 /home/user/wksp/renode_freertos/gcc-arm-none-eabi-10-2020-q4-major-x86_64-linux/gcc-arm-none-eabi-10-2020-q4-major/bin/../lib/gcc/arm-none-eabi/10.2.1/../../../../arm-none-eabi/lib/thumb/v7e-m+fp/hard/libc.a(lib_a-fflush.o)
                0x0000000008012e0c                __sflush_r
 .text._fflush_r
                0x0000000008012f3c       0x5c /home/user/wksp/renode_freertos/gcc-arm-none-eabi-10-2020-q4-major-x86_64-linux/gcc-arm-none-eabi-10-2020-q4-major/bin/../lib/gcc/arm-none-eabi/10.2.1/../../../../arm-none-eabi/lib/thumb/v7e-m+fp/hard/libc.a(lib_a-fflush.o)
                0x0000000008012f3c                _fflush_r
 .text._malloc_trim_r
                0x0000000008012f98       0xa0 /home/user/wksp/renode_freertos/gcc-arm-none-eabi-10-2020-q4-major-x86_64-linux/gcc-arm-none-eabi-10-2020-q4-major/bin/../lib/gcc/arm-none-eabi/10.2.1/../../../../arm-none-eabi/lib/thumb/v7e-m+fp/hard/libc.a(lib_a-freer.o)
                0x0000000008012f98                _malloc_trim_r
 .text._free_r  0x0000000008013038      0x20c /home/user/wksp/renode_freertos/gcc-arm-none-eabi-10-2020-q4-major-x86_64-linux/gcc-arm-none-eabi-10-2020-q4-major/bin/../lib/gcc/arm-none-eabi/10.2.1/../../../../arm-none-eabi/lib/thumb/v7e-m+fp/hard/libc.a(lib_a-freer.o)
                0x0000000008013038                _free_r
 .text._lseek_r
                0x0000000008013244       0x2c /home/user/wksp/renode_freertos/gcc-arm-none-eabi-10-2020-q4-major-x86_64-linux/gcc-arm-none-eabi-10-2020-q4-major/bin/../lib/gcc/arm-none-eabi/10.2.1/../../../../arm-none-eabi/lib/thumb/v7e-m+fp/hard/libc.a(lib_a-lseekr.o)
                0x0000000008013244                _lseek_r
 .text.__smakebuf_r
                0x0000000008013270       0xe0 /home/user/wksp/renode_freertos/gcc-arm-none-eabi-10-2020-q4-major-x86_64-linux/gcc-arm-none-eabi-10-2020-q4-major/bin/../lib/gcc/arm-none-eabi/10.2.1/../../../../arm-none-eabi/lib/thumb/v7e-m+fp/hard/libc.a(lib_a-makebuf.o)
                0x0000000008013270                __smakebuf_r
 .text._read_r  0x0000000008013350       0x2c /home/user/wksp/renode_freertos/gcc-arm-none-eabi-10-2020-q4-major-x86_64-linux/gcc-arm-none-eabi-10-2020-q4-major/bin/../lib/gcc/arm-none-eabi/10.2.1/../../../../arm-none-eabi/lib/thumb/v7e-m+fp/hard/libc.a(lib_a-readr.o)
                0x0000000008013350                _read_r
 .text._fstat_r
                0x000000000801337c       0x2c /home/user/wksp/renode_freertos/gcc-arm-none-eabi-10-2020-q4-major-x86_64-linux/gcc-arm-none-eabi-10-2020-q4-major/bin/../lib/gcc/arm-none-eabi/10.2.1/../../../../arm-none-eabi/lib/thumb/v7e-m+fp/hard/libc.a(lib_a-fstatr.o)
                0x000000000801337c                _fstat_r
 .text._isatty_r
                0x00000000080133a8       0x24 /home/user/wksp/renode_freertos/gcc-arm-none-eabi-10-2020-q4-major-x86_64-linux/gcc-arm-none-eabi-10-2020-q4-major/bin/../lib/gcc/arm-none-eabi/10.2.1/../../../../arm-none-eabi/lib/thumb/v7e-m+fp/hard/libc.a(lib_a-isattyr.o)
                0x00000000080133a8                _isatty_r
 *(.glue_7)
 .glue_7        0x00000000080133cc        0x0 linker stubs
 *(.glue_7t)
 .glue_7t       0x00000000080133cc        0x0 linker stubs
 *(.eh_frame)
 .eh_frame      0x00000000080133cc        0x0 /home/user/wksp/renode_freertos/gcc-arm-none-eabi-10-2020-q4-major-x86_64-linux/gcc-arm-none-eabi-10-2020-q4-major/bin/../lib/gcc/arm-none-eabi/10.2.1/thumb/v7e-m+fp/hard/crtbegin.o
 *(.init)
 .init          0x00000000080133cc        0x4 /home/user/wksp/renode_freertos/gcc-arm-none-eabi-10-2020-q4-major-x86_64-linux/gcc-arm-none-eabi-10-2020-q4-major/bin/../lib/gcc/arm-none-eabi/10.2.1/thumb/v7e-m+fp/hard/crti.o
                0x00000000080133cc                _init
 .init          0x00000000080133d0        0x8 /home/user/wksp/renode_freertos/gcc-arm-none-eabi-10-2020-q4-major-x86_64-linux/gcc-arm-none-eabi-10-2020-q4-major/bin/../lib/gcc/arm-none-eabi/10.2.1/thumb/v7e-m+fp/hard/crtn.o
 *(.fini)
 .fini          0x00000000080133d8        0x4 /home/user/wksp/renode_freertos/gcc-arm-none-eabi-10-2020-q4-major-x86_64-linux/gcc-arm-none-eabi-10-2020-q4-major/bin/../lib/gcc/arm-none-eabi/10.2.1/thumb/v7e-m+fp/hard/crti.o
                0x00000000080133d8                _fini
 .fini          0x00000000080133dc        0x8 /home/user/wksp/renode_freertos/gcc-arm-none-eabi-10-2020-q4-major-x86_64-linux/gcc-arm-none-eabi-10-2020-q4-major/bin/../lib/gcc/arm-none-eabi/10.2.1/thumb/v7e-m+fp/hard/crtn.o
                0x00000000080133e4                . = ALIGN (0x4)
                0x00000000080133e4                _etext = .

.vfp11_veneer   0x00000000080133e4        0x0
 .vfp11_veneer  0x00000000080133e4        0x0 linker stubs

.v4_bx          0x00000000080133e4        0x0
 .v4_bx         0x00000000080133e4        0x0 linker stubs

.iplt           0x00000000080133e4        0x0
 .iplt          0x00000000080133e4        0x0 /home/user/wksp/renode_freertos/gcc-arm-none-eabi-10-2020-q4-major-x86_64-linux/gcc-arm-none-eabi-10-2020-q4-major/bin/../lib/gcc/arm-none-eabi/10.2.1/thumb/v7e-m+fp/hard/crtbegin.o

.rodata         0x00000000080133e4       0x48
                0x00000000080133e4                . = ALIGN (0x4)
 *(.rodata)
 *(.rodata*)
 .rodata._global_impure_ptr
                0x00000000080133e4        0x4 /home/user/wksp/renode_freertos/gcc-arm-none-eabi-10-2020-q4-major-x86_64-linux/gcc-arm-none-eabi-10-2020-q4-major/bin/../lib/gcc/arm-none-eabi/10.2.1/../../../../arm-none-eabi/lib/thumb/v7e-m+fp/hard/libc.a(lib_a-impure.o)
                0x00000000080133e4                _global_impure_ptr
 .rodata.AHBPrescTable
                0x00000000080133e8       0x10 build//home/user/wksp/renode_freertos/FreeRTOS/FreeRTOS/Demo/STM32F4_FreeRTOS/ST_Code/Core/Src/system_stm32f4xx.o
                0x00000000080133e8                AHBPrescTable
 .rodata.flagBitshiftOffset.0
                0x00000000080133f8        0x8 build//home/user/wksp/renode_freertos/FreeRTOS/FreeRTOS/Demo/STM32F4_FreeRTOS/ST_Code/Drivers/STM32F4xx_HAL_Driver/Src/stm32f4xx_hal_dma.o
 .rodata.GPIO_PIN
                0x0000000008013400        0x8 build//home/user/wksp/renode_freertos/FreeRTOS/FreeRTOS/Demo/STM32F4_FreeRTOS/ST_Code/Drivers/BSP/STM32F4-Discovery/stm32f4_discovery.o
                0x0000000008013400                GPIO_PIN
 .rodata.str1.1
                0x0000000008013408        0x5 build//home/user/wksp/renode_freertos/FreeRTOS/FreeRTOS/Source/tasks.o
 .rodata.str1.1
                0x000000000801340d        0xd build//home/user/wksp/renode_freertos/FreeRTOS/FreeRTOS/Source/timers.o
 .rodata.vApplicationMallocFailedHook.str1.1
                0x000000000801341a        0xe build/../../Demo/app_main.o
 .rodata._puts_r.str1.4
                0x0000000008013428        0x2 /home/user/wksp/renode_freertos/gcc-arm-none-eabi-10-2020-q4-major-x86_64-linux/gcc-arm-none-eabi-10-2020-q4-major/bin/../lib/gcc/arm-none-eabi/10.2.1/../../../../arm-none-eabi/lib/thumb/v7e-m+fp/hard/libc.a(lib_a-puts.o)
                0x000000000801342c                . = ALIGN (0x4)
 *fill*         0x000000000801342a        0x2 

.ARM.extab      0x000000000801342c        0x0
                0x000000000801342c                . = ALIGN (0x4)
 *(.ARM.extab* .gnu.linkonce.armextab.*)
                0x000000000801342c                . = ALIGN (0x4)

.ARM            0x000000000801342c        0x8
                0x000000000801342c                . = ALIGN (0x4)
                0x000000000801342c                __exidx_start = .
 *(.ARM.exidx*)
 .ARM.exidx     0x000000000801342c        0x8 /home/user/wksp/renode_freertos/gcc-arm-none-eabi-10-2020-q4-major-x86_64-linux/gcc-arm-none-eabi-10-2020-q4-major/bin/../lib/gcc/arm-none-eabi/10.2.1/thumb/v7e-m+fp/hard/libgcc.a(_udivmoddi4.o)
                0x0000000008013434                __exidx_end = .
                0x0000000008013434                . = ALIGN (0x4)

.rel.dyn        0x0000000008013434        0x0
 .rel.iplt      0x0000000008013434        0x0 /home/user/wksp/renode_freertos/gcc-arm-none-eabi-10-2020-q4-major-x86_64-linux/gcc-arm-none-eabi-10-2020-q4-major/bin/../lib/gcc/arm-none-eabi/10.2.1/thumb/v7e-m+fp/hard/crtbegin.o

.preinit_array  0x0000000008013434        0x0
                0x0000000008013434                . = ALIGN (0x4)
                0x0000000008013434                PROVIDE (__preinit_array_start = .)
 *(.preinit_array*)
                0x0000000008013434                PROVIDE (__preinit_array_end = .)
                0x0000000008013434                . = ALIGN (0x4)

.init_array     0x0000000008013434        0x8
                0x0000000008013434                . = ALIGN (0x4)
                0x0000000008013434                PROVIDE (__init_array_start = .)
 *(SORT_BY_NAME(.init_array.*))
 .init_array.00000
                0x0000000008013434        0x4 /home/user/wksp/renode_freertos/gcc-arm-none-eabi-10-2020-q4-major-x86_64-linux/gcc-arm-none-eabi-10-2020-q4-major/bin/../lib/gcc/arm-none-eabi/10.2.1/../../../../arm-none-eabi/lib/thumb/v7e-m+fp/hard/libc.a(lib_a-__call_atexit.o)
 *(.init_array*)
 .init_array    0x0000000008013438        0x4 /home/user/wksp/renode_freertos/gcc-arm-none-eabi-10-2020-q4-major-x86_64-linux/gcc-arm-none-eabi-10-2020-q4-major/bin/../lib/gcc/arm-none-eabi/10.2.1/thumb/v7e-m+fp/hard/crtbegin.o
                0x000000000801343c                PROVIDE (__init_array_end = .)
                0x000000000801343c                . = ALIGN (0x4)

.fini_array     0x000000000801343c        0x4
                0x000000000801343c                . = ALIGN (0x4)
                0x000000000801343c                PROVIDE (__fini_array_start = .)
 *(SORT_BY_NAME(.fini_array.*))
 *(.fini_array*)
 .fini_array    0x000000000801343c        0x4 /home/user/wksp/renode_freertos/gcc-arm-none-eabi-10-2020-q4-major-x86_64-linux/gcc-arm-none-eabi-10-2020-q4-major/bin/../lib/gcc/arm-none-eabi/10.2.1/thumb/v7e-m+fp/hard/crtbegin.o
                0x0000000008013440                PROVIDE (__fini_array_end = .)
                0x0000000008013440                . = ALIGN (0x4)
                0x0000000008013440                _sidata = LOADADDR (.privileged_data)

.privileged_data
                0x0000000020000000     0x8000 load address 0x0000000008013440
                0x0000000020000000                . = ALIGN (0x4)
                0x0000000020000000                _sdata = .
 *(privileged_data)
 privileged_data
                0x0000000020000000        0x4 build//home/user/wksp/renode_freertos/FreeRTOS/FreeRTOS/Source/portable/GCC/ARM_CM4_MPU/port.o
 privileged_data
                0x0000000020000004      0x820 build//home/user/wksp/renode_freertos/FreeRTOS/FreeRTOS/Source/portable/Common/mpu_wrappers_v2.o
                0x000000002000070c                uxSystemCallImplementations
 privileged_data
                0x0000000020000824      0x10c build//home/user/wksp/renode_freertos/FreeRTOS/FreeRTOS/Source/tasks.o
                0x0000000020000858                pxCurrentTCB
 privileged_data
                0x0000000020000930       0x28 build//home/user/wksp/renode_freertos/FreeRTOS/FreeRTOS/Source/queue.o
                0x0000000020000930                xQueueRegistry
 privileged_data
                0x0000000020000958       0xcc build//home/user/wksp/renode_freertos/FreeRTOS/FreeRTOS/Source/timers.o
 privileged_data
                0x0000000020000a24     0x401c build//home/user/wksp/renode_freertos/FreeRTOS/FreeRTOS/Source/portable/MemMang/heap_4.o
                0x0000000020004a40                . = ALIGN (0x4)
 FILL mask 0xdead
                0x0000000000008000                . = __privileged_data_region_size__
 *fill*         0x0000000020004a40     0x35c0 dead

.data           0x0000000020008000      0x868 load address 0x000000000801b440
                0x0000000020008000                . = ALIGN (0x4)
 *(.data)
 *(.data*)
 .data._impure_ptr
                0x0000000020008000        0x4 /home/user/wksp/renode_freertos/gcc-arm-none-eabi-10-2020-q4-major-x86_64-linux/gcc-arm-none-eabi-10-2020-q4-major/bin/../lib/gcc/arm-none-eabi/10.2.1/../../../../arm-none-eabi/lib/thumb/v7e-m+fp/hard/libc.a(lib_a-impure.o)
                0x0000000020008000                _impure_ptr
 *fill*         0x0000000020008004        0x4 
 .data.impure_data
                0x0000000020008008      0x428 /home/user/wksp/renode_freertos/gcc-arm-none-eabi-10-2020-q4-major-x86_64-linux/gcc-arm-none-eabi-10-2020-q4-major/bin/../lib/gcc/arm-none-eabi/10.2.1/../../../../arm-none-eabi/lib/thumb/v7e-m+fp/hard/libc.a(lib_a-impure.o)
 .data.__atexit_recursive_mutex
                0x0000000020008430        0x4 /home/user/wksp/renode_freertos/gcc-arm-none-eabi-10-2020-q4-major-x86_64-linux/gcc-arm-none-eabi-10-2020-q4-major/bin/../lib/gcc/arm-none-eabi/10.2.1/../../../../arm-none-eabi/lib/thumb/v7e-m+fp/hard/libc.a(lib_a-__call_atexit.o)
                0x0000000020008430                __atexit_recursive_mutex
 .data.SystemCoreClock
                0x0000000020008434        0x4 build//home/user/wksp/renode_freertos/FreeRTOS/FreeRTOS/Demo/STM32F4_FreeRTOS/ST_Code/Core/Src/system_stm32f4xx.o
                0x0000000020008434                SystemCoreClock
 .data.uwTickFreq
                0x0000000020008438        0x1 build//home/user/wksp/renode_freertos/FreeRTOS/FreeRTOS/Demo/STM32F4_FreeRTOS/ST_Code/Drivers/STM32F4xx_HAL_Driver/Src/stm32f4xx_hal.o
                0x0000000020008438                uwTickFreq
 *fill*         0x0000000020008439        0x3 
 .data.uwTickPrio
                0x000000002000843c        0x4 build//home/user/wksp/renode_freertos/FreeRTOS/FreeRTOS/Demo/STM32F4_FreeRTOS/ST_Code/Drivers/STM32F4xx_HAL_Driver/Src/stm32f4xx_hal.o
                0x000000002000843c                uwTickPrio
 .data.GPIO_PORT
                0x0000000020008440       0x10 build//home/user/wksp/renode_freertos/FreeRTOS/FreeRTOS/Demo/STM32F4_FreeRTOS/ST_Code/Drivers/BSP/STM32F4-Discovery/stm32f4_discovery.o
                0x0000000020008440                GPIO_PORT
 .data.uxCriticalNesting
                0x0000000020008450        0x4 build//home/user/wksp/renode_freertos/FreeRTOS/FreeRTOS/Source/portable/GCC/ARM_CM4_MPU/port.o
 .data.uxTopUsedPriority
                0x0000000020008454        0x4 build//home/user/wksp/renode_freertos/FreeRTOS/FreeRTOS/Source/tasks.o
 .data.__malloc_av_
                0x0000000020008458      0x408 /home/user/wksp/renode_freertos/gcc-arm-none-eabi-10-2020-q4-major-x86_64-linux/gcc-arm-none-eabi-10-2020-q4-major/bin/../lib/gcc/arm-none-eabi/10.2.1/../../../../arm-none-eabi/lib/thumb/v7e-m+fp/hard/libc.a(lib_a-mallocr.o)
                0x0000000020008458                __malloc_av_
 .data.__malloc_sbrk_base
                0x0000000020008860        0x4 /home/user/wksp/renode_freertos/gcc-arm-none-eabi-10-2020-q4-major-x86_64-linux/gcc-arm-none-eabi-10-2020-q4-major/bin/../lib/gcc/arm-none-eabi/10.2.1/../../../../arm-none-eabi/lib/thumb/v7e-m+fp/hard/libc.a(lib_a-mallocr.o)
                0x0000000020008860                __malloc_sbrk_base
 .data.__malloc_trim_threshold
                0x0000000020008864        0x4 /home/user/wksp/renode_freertos/gcc-arm-none-eabi-10-2020-q4-major-x86_64-linux/gcc-arm-none-eabi-10-2020-q4-major/bin/../lib/gcc/arm-none-eabi/10.2.1/../../../../arm-none-eabi/lib/thumb/v7e-m+fp/hard/libc.a(lib_a-mallocr.o)
                0x0000000020008864                __malloc_trim_threshold
                0x0000000020008868                . = ALIGN (0x4)
                0x0000000020008868                _edata = .

.igot.plt       0x0000000020008868        0x0 load address 0x000000000801bca8
 .igot.plt      0x0000000020008868        0x0 /home/user/wksp/renode_freertos/gcc-arm-none-eabi-10-2020-q4-major-x86_64-linux/gcc-arm-none-eabi-10-2020-q4-major/bin/../lib/gcc/arm-none-eabi/10.2.1/thumb/v7e-m+fp/hard/crtbegin.o
                0x0000000020008868                . = ALIGN (0x4)

.bss            0x0000000020008868     0x1080 load address 0x000000000801bca8
                0x0000000020008868                _sbss = .
                0x0000000020008868                __bss_start__ = _sbss
 *(.bss)
 .bss           0x0000000020008868       0x1c /home/user/wksp/renode_freertos/gcc-arm-none-eabi-10-2020-q4-major-x86_64-linux/gcc-arm-none-eabi-10-2020-q4-major/bin/../lib/gcc/arm-none-eabi/10.2.1/thumb/v7e-m+fp/hard/crtbegin.o
 *(.bss*)
 .bss.__lock___atexit_recursive_mutex
                0x0000000020008884        0x1 /home/user/wksp/renode_freertos/gcc-arm-none-eabi-10-2020-q4-major-x86_64-linux/gcc-arm-none-eabi-10-2020-q4-major/bin/../lib/gcc/arm-none-eabi/10.2.1/../../../../arm-none-eabi/lib/thumb/v7e-m+fp/hard/libc.a(lib_a-lock.o)
                0x0000000020008884                __lock___atexit_recursive_mutex
 *fill*         0x0000000020008885        0x3 
 .bss.__lock___malloc_recursive_mutex
                0x0000000020008888        0x1 /home/user/wksp/renode_freertos/gcc-arm-none-eabi-10-2020-q4-major-x86_64-linux/gcc-arm-none-eabi-10-2020-q4-major/bin/../lib/gcc/arm-none-eabi/10.2.1/../../../../arm-none-eabi/lib/thumb/v7e-m+fp/hard/libc.a(lib_a-lock.o)
                0x0000000020008888                __lock___malloc_recursive_mutex
 *fill*         0x0000000020008889        0x3 
 .bss.__lock___sfp_recursive_mutex